 addon

 Timestamp is 57f94b25 (Sat Oct  8 21:38:13 2016)

 Preferred load address is 0000000180000000

 Start         Length     Name                   Class
 0001:00000000 00000020H .text$di                CODE
 0001:00000020 00012ac0H .text$mn                CODE
 0001:00012ae0 00000020H .text$mn$00             CODE
 0001:00012b00 00000270H .text$x                 CODE
 0001:00012d70 00000003H .text$yd                CODE
 0002:00000000 00000268H .idata$5                DATA
 0002:00000268 00000010H .00cfg                  DATA
 0002:00000278 00000008H .CRT$XCA                DATA
 0002:00000280 00000010H .CRT$XCU                DATA
 0002:00000290 00000008H .CRT$XCZ                DATA
 0002:00000298 00000008H .CRT$XIA                DATA
 0002:000002a0 00000018H .CRT$XIC                DATA
 0002:000002b8 00000008H .CRT$XIZ                DATA
 0002:000002c0 00000008H .CRT$XPA                DATA
 0002:000002c8 00000010H .CRT$XPX                DATA
 0002:000002d8 00000008H .CRT$XPXA               DATA
 0002:000002e0 00000008H .CRT$XPZ                DATA
 0002:000002e8 00000008H .CRT$XTA                DATA
 0002:000002f0 00000010H .CRT$XTZ                DATA
 0002:00000300 000083f8H .rdata                  DATA
 0002:000086f8 000001f4H .rdata$r                DATA
 0002:000088ec 000003f4H .rdata$zzzdbg           DATA
 0002:00008ce0 00000008H .rtc$IAA                DATA
 0002:00008ce8 00000008H .rtc$IZZ                DATA
 0002:00008cf0 00000008H .rtc$TAA                DATA
 0002:00008cf8 00000008H .rtc$TZZ                DATA
 0002:00008d00 00000ee0H .xdata                  DATA
 0002:00009be0 000000ecH .xdata$x                DATA
 0002:00009ccc 00000020H .didat$2                DATA
 0002:00009cec 00000024H .didat$3                DATA
 0002:00009d10 000000f8H .didat$4                DATA
 0002:00009e08 00000808H .didat$6                DATA
 0002:0000a610 00000100H .didat$7                DATA
 0002:0000a710 00000050H .edata                  DATA
 0002:0000a760 00000014H .idata$2                DATA
 0002:0000a774 00000014H .idata$3                DATA
 0002:0000a788 00000268H .idata$4                DATA
 0002:0000a9f0 000005a2H .idata$6                DATA
 0003:00000000 00000970H .data                   DATA
 0003:00000970 000000a0H .data$r                 DATA
 0003:00000a10 00000100H .didat$5                DATA
 0003:00000b10 000011f0H .bss                    DATA
 0004:00000000 00001284H .pdata                  DATA
 0005:00000000 00000084H .gfids$x                DATA
 0005:00000084 00000030H .gfids$y                DATA
 0006:00000000 00000060H .rsrc$01                DATA
 0006:00000060 00000180H .rsrc$02                DATA

  Address         Publics by Value              Rva+Base               Lib:Object

 0000:00000000       __guard_iat_table          0000000000000000     <absolute>
 0000:00000000       __dynamic_value_reloc_table 0000000000000000     <absolute>
 0000:00000000       __guard_iat_count          0000000000000000     <absolute>
 0000:00000000       __guard_longjmp_table      0000000000000000     <absolute>
 0000:00000000       __guard_longjmp_count      0000000000000000     <absolute>
 0000:00000000       __guard_fids_count         0000000000000000     <absolute>
 0000:00000000       ___safe_se_handler_table   0000000000000000     <absolute>
 0000:00000000       ___safe_se_handler_count   0000000000000000     <absolute>
 0000:00000000       __guard_fids_table         0000000000000000     <absolute>
 0000:00000100       __guard_flags              0000000000000100     <absolute>
 0000:00000000       __ImageBase                0000000180000000     <linker-defined>
 0001:00000020       ?NODE_SET_METHOD@node@@YAXV?$Local@VObject@v8@@@v8@@PEBDP6AXAEBV?$FunctionCallbackInfo@VValue@v8@@@3@@Z@Z 0000000180001020 f i addon6.obj
 0001:000000f0       ?CreateObject@wrappingcppobjects@@YAXAEBV?$FunctionCallbackInfo@VValue@v8@@@v8@@@Z 00000001800010f0 f   addon6.obj
 0001:00000100       ?Multiply@wrappingcppobjects@@YAXAEBV?$FunctionCallbackInfo@VValue@v8@@@v8@@@Z 0000000180001100 f   addon6.obj
 0001:00000270       ?InitAll@wrappingcppobjects@@YAXV?$Local@VObject@v8@@@v8@@@Z 0000000180001270 f   addon6.obj
 0001:000002d0       ?NODE_SET_PROTOTYPE_METHOD@node@@YAXV?$Local@VFunctionTemplate@v8@@@v8@@PEBDP6AXAEBV?$FunctionCallbackInfo@VValue@v8@@@3@@Z@Z 00000001800012d0 f i myobject.obj
 0001:000003e0       ?Wrap@ObjectWrap@node@@IEAAXV?$Local@VObject@v8@@@v8@@@Z 00000001800013e0 f i myobject.obj
 0001:000004c0       ?Ref@ObjectWrap@node@@MEAAXXZ 00000001800014c0 f i myobject.obj
 0001:00000500       ?Unref@ObjectWrap@node@@MEAAXXZ 0000000180001500 f i myobject.obj
 0001:000005b0       ?WeakCallback@ObjectWrap@node@@CAXAEBV?$WeakCallbackInfo@VObjectWrap@node@@@v8@@@Z 00000001800015b0 f i myobject.obj
 0001:00000610       ??_EObjectWrap@node@@UEAAPEAXI@Z 0000000180001610 f i * CIL library *:* CIL module *
 0001:00000610       ??_GObjectWrap@node@@UEAAPEAXI@Z 0000000180001610 f i myobject.obj
 0001:000006a0       ??_GMyObject@wrappingcppobjects@@EEAAPEAXI@Z 00000001800016a0 f i myobject.obj
 0001:000006a0       ??_EMyObject@wrappingcppobjects@@EEAAPEAXI@Z 00000001800016a0 f i * CIL library *:* CIL module *
 0001:00000730       ?Init@MyObject@wrappingcppobjects@@SAXV?$Local@VObject@v8@@@v8@@@Z 0000000180001730 f   myobject.obj
 0001:00000850       ?New@MyObject@wrappingcppobjects@@CAXAEBV?$FunctionCallbackInfo@VValue@v8@@@v8@@@Z 0000000180001850 f   myobject.obj
 0001:000009d0       ?NewInstance@MyObject@wrappingcppobjects@@SAXAEBV?$FunctionCallbackInfo@VValue@v8@@@v8@@@Z 00000001800019d0 f   myobject.obj
 0001:00000a80       ?TimesTwo@MyObject@wrappingcppobjects@@CAXAEBV?$FunctionCallbackInfo@VValue@v8@@@v8@@@Z 0000000180001a80 f   myobject.obj
 0001:00000b9c       __imp_load_?GetCurrent@Isolate@v8@@SAPEAV12@XZ 0000000180001b9c f   node:node.exe
 0001:00000ba8       __tailMerge_node_exe       0000000180001ba8 f i node:node.exe
 0001:00000c21       __imp_load_??1HandleScope@v8@@QEAA@XZ 0000000180001c21 f   node:node.exe
 0001:00000c2d       __imp_load_??0HandleScope@v8@@QEAA@PEAVIsolate@1@@Z 0000000180001c2d f   node:node.exe
 0001:00000c39       __imp_load_?GetFunction@FunctionTemplate@v8@@QEAA?AV?$Local@VFunction@v8@@@2@XZ 0000000180001c39 f   node:node.exe
 0001:00000c45       __imp_load_?New@FunctionTemplate@v8@@SA?AV?$Local@VFunctionTemplate@v8@@@2@PEAVIsolate@2@P6AXAEBV?$FunctionCallbackInfo@VValue@v8@@@2@@ZV?$Local@VValue@v8@@@2@V?$Local@VSignature@v8@@@2@H@Z 0000000180001c45 f   node:node.exe
 0001:00000c51       __imp_load_?NewFromUtf8@String@v8@@SA?AV?$Local@VString@v8@@@2@PEAVIsolate@2@PEBDW4NewStringType@12@H@Z 0000000180001c51 f   node:node.exe
 0001:00000c5d       __imp_load_?New@Number@v8@@SA?AV?$Local@VNumber@v8@@@2@PEAVIsolate@2@N@Z 0000000180001c5d f   node:node.exe
 0001:00000c69       __imp_load_?SlowGetAlignedPointerFromInternalField@Object@v8@@AEAAPEAXH@Z 0000000180001c69 f   node:node.exe
 0001:00000c75       __imp_load_?InternalFieldCount@Object@v8@@QEAAHXZ 0000000180001c75 f   node:node.exe
 0001:00000c81       __imp_load_?Set@Object@v8@@QEAA_NV?$Local@VValue@v8@@@2@0@Z 0000000180001c81 f   node:node.exe
 0001:00000c8d       __imp_load_?SetName@Function@v8@@QEAAXV?$Local@VString@v8@@@2@@Z 0000000180001c8d f   node:node.exe
 0001:00000c99       __imp_load_node_module_register 0000000180001c99 f   node:node.exe
 0001:00000ca5       __imp_load_?ToObject@Value@v8@@QEBA?AV?$Local@VObject@v8@@@2@XZ 0000000180001ca5 f   node:node.exe
 0001:00000cb1       __imp_load_?New@Signature@v8@@SA?AV?$Local@VSignature@v8@@@2@PEAVIsolate@2@V?$Local@VFunctionTemplate@v8@@@2@@Z 0000000180001cb1 f   node:node.exe
 0001:00000cbd       __imp_load_?GetCurrentContext@Isolate@v8@@QEAA?AV?$Local@VContext@v8@@@2@XZ 0000000180001cbd f   node:node.exe
 0001:00000cc9       __imp_load_?CreateHandle@HandleScope@v8@@KAPEAPEAVObject@internal@2@PEAVIsolate@42@PEAV342@@Z 0000000180001cc9 f   node:node.exe
 0001:00000cd5       __imp_load_?Set@Template@v8@@QEAAXV?$Local@VName@v8@@@2@V?$Local@VData@v8@@@2@W4PropertyAttribute@2@@Z 0000000180001cd5 f   node:node.exe
 0001:00000ce1       __imp_load_?SetClassName@FunctionTemplate@v8@@QEAAXV?$Local@VString@v8@@@2@@Z 0000000180001ce1 f   node:node.exe
 0001:00000ced       __imp_load_?PrototypeTemplate@FunctionTemplate@v8@@QEAA?AV?$Local@VObjectTemplate@v8@@@2@XZ 0000000180001ced f   node:node.exe
 0001:00000cf9       __imp_load_?InstanceTemplate@FunctionTemplate@v8@@QEAA?AV?$Local@VObjectTemplate@v8@@@2@XZ 0000000180001cf9 f   node:node.exe
 0001:00000d05       __imp_load_?ToLocalEmpty@V8@v8@@CAXXZ 0000000180001d05 f   node:node.exe
 0001:00000d11       __imp_load_?ClearWeak@V8@v8@@CAPEAXPEAPEAVObject@internal@2@@Z 0000000180001d11 f   node:node.exe
 0001:00000d1d       __imp_load_?MakeWeak@V8@v8@@CAXPEAPEAVObject@internal@2@PEAXP6AXAEBV?$WeakCallbackInfo@X@2@@ZW4WeakCallbackType@2@@Z 0000000180001d1d f   node:node.exe
 0001:00000d29       __imp_load_?DisposeGlobal@V8@v8@@CAXPEAPEAVObject@internal@2@@Z 0000000180001d29 f   node:node.exe
 0001:00000d35       __imp_load_?GlobalizeReference@V8@v8@@CAPEAPEAVObject@internal@2@PEAVIsolate@42@PEAPEAV342@@Z 0000000180001d35 f   node:node.exe
 0001:00000d41       __imp_load_?NumberValue@Value@v8@@QEBANXZ 0000000180001d41 f   node:node.exe
 0001:00000d4d       __imp_load_?GetIsolate@Object@v8@@QEAAPEAVIsolate@2@XZ 0000000180001d4d f   node:node.exe
 0001:00000d59       __imp_load_?SetAlignedPointerInInternalField@Object@v8@@QEAAXHPEAX@Z 0000000180001d59 f   node:node.exe
 0001:00000d65       __imp_load_?NewInstance@Function@v8@@QEBA?AV?$MaybeLocal@VObject@v8@@@2@V?$Local@VContext@v8@@@2@HQEAV?$Local@VValue@v8@@@2@@Z 0000000180001d65 f   node:node.exe
 0001:00000d71       __imp_load_?SetInternalFieldCount@ObjectTemplate@v8@@QEAAXH@Z 0000000180001d71 f   node:node.exe
 0001:00000d90       __security_check_cookie    0000000180001d90 f   LIBCMT:_amdsecgs_.obj
 0001:00000db4       ??2@YAPEAX_K@Z             0000000180001db4 f   LIBCMT:new_scalar.obj
 0001:00000df0       __scrt_acquire_startup_lock 0000000180001df0 f   LIBCMT:utility.obj
 0001:00000e2c       __scrt_dllmain_after_initialize_c 0000000180001e2c f   LIBCMT:utility.obj
 0001:00000e60       __scrt_dllmain_before_initialize_c 0000000180001e60 f   LIBCMT:utility.obj
 0001:00000e78       __scrt_dllmain_crt_thread_attach 0000000180001e78 f   LIBCMT:utility.obj
 0001:00000ea0       __scrt_dllmain_crt_thread_detach 0000000180001ea0 f   LIBCMT:utility.obj
 0001:00000eb8       __scrt_dllmain_exception_filter 0000000180001eb8 f   LIBCMT:utility.obj
 0001:00000f1c       __scrt_dllmain_uninitialize_c 0000000180001f1c f   LIBCMT:utility.obj
 0001:00000f4c       __scrt_dllmain_uninitialize_critical 0000000180001f4c f   LIBCMT:utility.obj
 0001:00000f60       __scrt_initialize_crt      0000000180001f60 f   LIBCMT:utility.obj
 0001:00000fac       __scrt_initialize_onexit_tables 0000000180001fac f   LIBCMT:utility.obj
 0001:00001078       __scrt_is_nonwritable_in_current_image 0000000180002078 f   LIBCMT:utility.obj
 0001:00001114       __scrt_release_startup_lock 0000000180002114 f   LIBCMT:utility.obj
 0001:00001138       __scrt_uninitialize_crt    0000000180002138 f   LIBCMT:utility.obj
 0001:00001164       _onexit                    0000000180002164 f   LIBCMT:utility.obj
 0001:000011b4       atexit                     00000001800021b4 f   LIBCMT:utility.obj
 0001:000011cc       ??3@YAXPEAX_K@Z            00000001800021cc f   LIBCMT:delete_scalar_size.obj
 0001:00001520       _DllMainCRTStartup         0000000180002520 f   LIBCMT:dll_dllmain.obj
 0001:00001560       __raise_securityfailure    0000000180002560 f   LIBCMT:gs_report.obj
 0001:00001594       __report_gsfailure         0000000180002594 f   LIBCMT:gs_report.obj
 0001:00001668       __report_rangecheckfailure 0000000180002668 f   LIBCMT:gs_report.obj
 0001:0000167c       __report_securityfailure   000000018000267c f   LIBCMT:gs_report.obj
 0001:000017fc       ??0bad_alloc@std@@QEAA@AEBV01@@Z 00000001800027fc f i LIBCMT:throw_bad_alloc.obj
 0001:0000183c       ??0bad_alloc@std@@QEAA@XZ  000000018000283c f i LIBCMT:throw_bad_alloc.obj
 0001:0000185c       ??0bad_array_new_length@std@@QEAA@AEBV01@@Z 000000018000285c f i LIBCMT:throw_bad_alloc.obj
 0001:0000189c       ??0bad_array_new_length@std@@QEAA@XZ 000000018000289c f i LIBCMT:throw_bad_alloc.obj
 0001:000018bc       ??0exception@std@@QEAA@AEBV01@@Z 00000001800028bc f i LIBCMT:throw_bad_alloc.obj
 0001:000018f4       ??1bad_alloc@std@@UEAA@XZ  00000001800028f4 f i LIBCMT:throw_bad_alloc.obj
 0001:000018f4       ??1bad_array_new_length@std@@UEAA@XZ 00000001800028f4 f i LIBCMT:throw_bad_alloc.obj
 0001:00001908       ??_Ebad_array_new_length@std@@UEAAPEAXI@Z 0000000180002908 f i LIBCMT:throw_bad_alloc.obj
 0001:00001908       ??_Eexception@std@@UEAAPEAXI@Z 0000000180002908 f i LIBCMT:throw_bad_alloc.obj
 0001:00001908       ??_Gexception@std@@UEAAPEAXI@Z 0000000180002908 f i LIBCMT:throw_bad_alloc.obj
 0001:00001908       ??_Gbad_alloc@std@@UEAAPEAXI@Z 0000000180002908 f i LIBCMT:throw_bad_alloc.obj
 0001:00001908       ??_Gbad_array_new_length@std@@UEAAPEAXI@Z 0000000180002908 f i LIBCMT:throw_bad_alloc.obj
 0001:00001908       ??_Ebad_alloc@std@@UEAAPEAXI@Z 0000000180002908 f i LIBCMT:throw_bad_alloc.obj
 0001:0000194c       ?__scrt_throw_std_bad_alloc@@YAXXZ 000000018000294c f   LIBCMT:throw_bad_alloc.obj
 0001:0000196c       ?__scrt_throw_std_bad_array_new_length@@YAXXZ 000000018000296c f   LIBCMT:throw_bad_alloc.obj
 0001:0000198c       ?what@exception@std@@UEBAPEBDXZ 000000018000298c f i LIBCMT:throw_bad_alloc.obj
 0001:000019a0       __isa_available_init       00000001800029a0 f   LIBCMT:_cpu_disp_.obj
 0001:00001b68       DllMain                    0000000180002b68 f   LIBCMT:dll_dllmain_stub.obj
 0001:00001b68       _get_startup_argv_mode     0000000180002b68 f   LIBCMT:argv_mode.obj
 0001:00001b70       __scrt_is_ucrt_dll_in_use  0000000180002b70 f   LIBCMT:ucrt_detection.obj
 0001:00001b7c       __crt_debugger_hook        0000000180002b7c f   LIBCMT:utility_desktop.obj
 0001:00001b84       __scrt_fastfail            0000000180002b84 f   LIBCMT:utility_desktop.obj
 0001:00001ccc       _guard_check_icall         0000000180002ccc f i LIBCMT:checkcfg.obj
 0001:00001cd4       ??3@YAXPEAX@Z              0000000180002cd4 f   LIBCMT:delete_scalar.obj
 0001:00001cdc       __security_init_cookie     0000000180002cdc f   LIBCMT:gs_support.obj
 0001:00001d88       ?__scrt_initialize_type_info@@YAXXZ 0000000180002d88 f   LIBCMT:tncleanup.obj
 0001:00001d98       ?__scrt_uninitialize_type_info@@YAXXZ 0000000180002d98 f   LIBCMT:tncleanup.obj
 0001:00001da4       __local_stdio_printf_options 0000000180002da4 f i LIBCMT:default_local_stdio_options.obj
 0001:00001dac       __local_stdio_scanf_options 0000000180002dac f i LIBCMT:default_local_stdio_options.obj
 0001:00001db4       __scrt_initialize_default_local_stdio_options 0000000180002db4 f   LIBCMT:default_local_stdio_options.obj
 0001:00001dd0       __scrt_get_dyn_tls_init_callback 0000000180002dd0 f   LIBCMT:dyn_tls_init.obj
 0001:00001dd8       _RTC_Initialize            0000000180002dd8 f   LIBCMT:_initsect_.obj
 0001:00001e24       _RTC_Terminate             0000000180002e24 f   LIBCMT:_initsect_.obj
 0001:00001e70       ??_Etype_info@@UEAAPEAXI@Z 0000000180002e70 f i LIBCMT:std_type_info_static.obj
 0001:00001e70       ??_Gtype_info@@UEAAPEAXI@Z 0000000180002e70 f i LIBCMT:std_type_info_static.obj
 0001:00001ea0       __vcrt_initialize          0000000180002ea0 f   libvcruntime:initialization.obj
 0001:00001ed4       __vcrt_thread_attach       0000000180002ed4 f   libvcruntime:initialization.obj
 0001:00001ee8       __vcrt_thread_detach       0000000180002ee8 f   libvcruntime:initialization.obj
 0001:00001efc       __vcrt_uninitialize        0000000180002efc f   libvcruntime:initialization.obj
 0001:00001f1c       __vcrt_uninitialize_critical 0000000180002f1c f   libvcruntime:initialization.obj
 0001:00001f2c       __C_specific_handler       0000000180002f2c f   libvcruntime:_chandler_.obj
 0001:00002128       __std_exception_copy       0000000180003128 f   libvcruntime:std_exception.obj
 0001:000021b8       __std_exception_destroy    00000001800031b8 f   libvcruntime:std_exception.obj
 0001:000021e0       _CxxThrowException         00000001800031e0 f   libvcruntime:throw.obj
 0001:000022d0       memset                     00000001800032d0 f   libvcruntime:memset.obj
 0001:00002470       __std_type_info_destroy_list 0000000180003470 f   libvcruntime:std_type_info.obj
 0001:0000249c       __vcrt_freefls             000000018000349c f   libvcruntime:per_thread_data.obj
 0001:000024bc       __vcrt_freeptd             00000001800034bc f   libvcruntime:per_thread_data.obj
 0001:0000250c       __vcrt_getptd_noexit       000000018000350c f   libvcruntime:per_thread_data.obj
 0001:000025c4       __vcrt_initialize_ptd      00000001800035c4 f   libvcruntime:per_thread_data.obj
 0001:00002604       __vcrt_uninitialize_ptd    0000000180003604 f   libvcruntime:per_thread_data.obj
 0001:00002628       __vcrt_initialize_locks    0000000180003628 f   libvcruntime:locks.obj
 0001:00002670       __vcrt_uninitialize_locks  0000000180003670 f   libvcruntime:locks.obj
 0001:00002870       __vcrt_FlsAlloc            0000000180003870 f   libvcruntime:winapi_downlevel.obj
 0001:000028c4       __vcrt_FlsFree             00000001800038c4 f   libvcruntime:winapi_downlevel.obj
 0001:00002918       __vcrt_FlsGetValue         0000000180003918 f   libvcruntime:winapi_downlevel.obj
 0001:0000296c       __vcrt_FlsSetValue         000000018000396c f   libvcruntime:winapi_downlevel.obj
 0001:000029d4       __vcrt_InitializeCriticalSectionEx 00000001800039d4 f   libvcruntime:winapi_downlevel.obj
 0001:00002a4c       __vcrt_initialize_winapi_thunks 0000000180003a4c f   libvcruntime:winapi_downlevel.obj
 0001:00002a98       __vcrt_uninitialize_winapi_thunks 0000000180003a98 f   libvcruntime:winapi_downlevel.obj
 0001:00002ad8       __vcrt_initialize_pure_virtual_call_handler 0000000180003ad8 f   libvcruntime:purevirt_data.obj
 0001:00002b10       _local_unwind              0000000180003b10 f   libvcruntime:_jmpuwind_.obj
 0001:00002b40       _NLG_Notify                0000000180003b40 f   libvcruntime:_jmpuwind_.obj
 0001:00002b60       __NLG_Dispatch2            0000000180003b60 f   libvcruntime:_jmpuwind_.obj
 0001:00002b70       __NLG_Return2              0000000180003b70 f   libvcruntime:_jmpuwind_.obj
 0001:00002b74       _guard_check_icall_nop     0000000180003b74 f   LIBCMT:guard_support.obj
 0001:00002b74       __except_validate_context_record 0000000180003b74 f   libvcruntime:jbcxrval.obj
 0001:00003560       ??$ftprintf@PEAU_iobuf@@PEB_WAEBQEB_WAEBQEB_WAEBI@?$__crt_char_traits@_W@@SAH$$QEAPEAU_iobuf@@$$QEAPEB_WAEBQEB_W2AEBI@Z 0000000180004560 f i libucrt:assert.obj
 0001:00003588       _wassert                   0000000180004588 f   libucrt:assert.obj
 0001:0000360c       fwprintf                   000000018000460c f i libucrt:assert.obj
 0001:00003650       swprintf                   0000000180004650 f i libucrt:assert.obj
 0001:000036a4       ??0_LocaleUpdate@@QEAA@QEAU__crt_locale_pointers@@@Z 00000001800046a4 f i libucrt:stricmp.obj
 0001:00003734       __ascii_stricmp            0000000180004734 f   libucrt:stricmp.obj
 0001:00003770       _stricmp                   0000000180004770 f   libucrt:stricmp.obj
 0001:000037b8       _stricmp_l                 00000001800047b8 f   libucrt:stricmp.obj
 0001:0000386c       __acrt_initialize_new_handler 000000018000486c f   libucrt:new_handler.obj
 0001:00003874       _callnewh                  0000000180004874 f   libucrt:new_handler.obj
 0001:000038b4       _query_new_handler         00000001800048b4 f   libucrt:new_handler.obj
 0001:000038e8       malloc                     00000001800048e8 f   libucrt:malloc.obj
 0001:000038f0       _seh_filter_dll            00000001800048f0 f   libucrt:exception_filter.obj
 0001:00003904       _seh_filter_exe            0000000180004904 f   libucrt:exception_filter.obj
 0001:00003cc4       __acrt_initialize_thread_local_exit_callback 0000000180004cc4 f   libucrt:exit.obj
 0001:00003ccc       _cexit                     0000000180004ccc f   libucrt:exit.obj
 0001:00003cdc       _exit                      0000000180004cdc f   libucrt:exit.obj
 0001:00003ce8       _is_c_termination_complete 0000000180004ce8 f   libucrt:exit.obj
 0001:00003eac       __acrt_allocate_buffer_for_argv 0000000180004eac f   libucrt:argv_parsing.obj
 0001:00003f10       _configure_narrow_argv     0000000180004f10 f   libucrt:argv_parsing.obj
 0001:0000426c       __dcrt_uninitialize_environments_nolock 000000018000526c f   libucrt:environment_initialization.obj
 0001:000042a4       _initialize_narrow_environment 00000001800052a4 f   libucrt:environment_initialization.obj
 0001:000042ac       ??$?RV<lambda_b8c45f8f788dd370798f47cfe8ac3a86>@@AEAV<lambda_4e60a939b0d047cfe11ddc22648dfba9>@@V<lambda_332c3edc96d0294ec56c57d38c1cdfd5>@@@?$__crt_seh_guarded_call@H@@QEAAH$$QEAV<lambda_b8c45f8f788dd370798f47cfe8ac3a86>@@AEAV<lambda_4e60a939b0d047cfe11ddc22648dfba9>@@$$QEAV<lambda_332c3edc96d0294ec56c57d38c1cdfd5>@@@Z 00000001800052ac f i libucrt:onexit.obj
 0001:000042e8       ??$?RV<lambda_e24bbb7b643b32fcea6fa61b31d4c984>@@AEAV<lambda_275893d493268fdec8709772e3fcec0e>@@V<lambda_9d71df4d7cf3f480f8d633942495c3b0>@@@?$__crt_seh_guarded_call@H@@QEAAH$$QEAV<lambda_e24bbb7b643b32fcea6fa61b31d4c984>@@AEAV<lambda_275893d493268fdec8709772e3fcec0e>@@$$QEAV<lambda_9d71df4d7cf3f480f8d633942495c3b0>@@@Z 00000001800052e8 f i libucrt:onexit.obj
 0001:00004664       _crt_atexit                0000000180005664 f   libucrt:onexit.obj
 0001:00004674       _execute_onexit_table      0000000180005674 f   libucrt:onexit.obj
 0001:000046b0       _initialize_onexit_table   00000001800056b0 f   libucrt:onexit.obj
 0001:000046f0       _register_onexit_function  00000001800056f0 f   libucrt:onexit.obj
 0001:0000486c       __acrt_initialize          000000018000586c f   libucrt:initialization.obj
 0001:00004880       __acrt_thread_attach       0000000180005880 f   libucrt:initialization.obj
 0001:00004894       __acrt_thread_detach       0000000180005894 f   libucrt:initialization.obj
 0001:000048a4       __acrt_uninitialize        00000001800058a4 f   libucrt:initialization.obj
 0001:000048b8       __acrt_uninitialize_critical 00000001800058b8 f   libucrt:initialization.obj
 0001:000048c8       _initterm                  00000001800058c8 f   libucrt:initterm.obj
 0001:00004940       _initterm_e                0000000180005940 f   libucrt:initterm.obj
 0001:0000498c       terminate                  000000018000598c f   libucrt:terminate.obj
 0001:000049b4       free                       00000001800059b4 f   libucrt:free.obj
 0001:000049bc       strcpy_s                   00000001800059bc f   libucrt:strcpy_s.obj
 0001:00004a1c       _free_base                 0000000180005a1c f   libucrt:free_base.obj
 0001:00004a5c       _malloc_base               0000000180005a5c f   libucrt:malloc_base.obj
 0001:00004abc       abort                      0000000180005abc f   libucrt:abort.obj
 0001:00004b14       _calloc_base               0000000180005b14 f   libucrt:calloc_base.obj
 0001:00004b8c       ??$?RV<lambda_7b91131dde12e1c3dfc74ff76b3f2eac>@@AEAV<lambda_dd75445284c072d0bd3768540cc698fa>@@V<lambda_16bc4ecb55b4718497c16bceaea2ceaf>@@@?$__crt_seh_guarded_call@H@@QEAAH$$QEAV<lambda_7b91131dde12e1c3dfc74ff76b3f2eac>@@AEAV<lambda_dd75445284c072d0bd3768540cc698fa>@@$$QEAV<lambda_16bc4ecb55b4718497c16bceaea2ceaf>@@@Z 0000000180005b8c f i libucrt:output.obj
 0001:00004bcc       ??$ensure_buffer_is_big_enough@D@formatting_buffer@__crt_stdio_output@@QEAA_N_K@Z 0000000180005bcc f i libucrt:output.obj
 0001:00004c78       ??$is_wide_character_specifier@_W@__crt_stdio_output@@YA_N_K_WW4length_modifier@0@@Z 0000000180005c78 f i libucrt:output.obj
 0001:00004cbc       ??$type_case_integer_parse_into_buffer@I@?$output_processor@_WV?$stream_output_adapter@_W@__crt_stdio_output@@V?$standard_base@_WV?$stream_output_adapter@_W@__crt_stdio_output@@@2@@__crt_stdio_output@@AEAAXII_N@Z 0000000180005cbc f i libucrt:output.obj
 0001:00004cbc       ??$type_case_integer_parse_into_buffer@I@?$output_processor@_WV?$string_output_adapter@_W@__crt_stdio_output@@V?$standard_base@_WV?$string_output_adapter@_W@__crt_stdio_output@@@2@@__crt_stdio_output@@AEAAXII_N@Z 0000000180005cbc f i libucrt:output.obj
 0001:00004d58       ??$type_case_integer_parse_into_buffer@_K@?$output_processor@_WV?$string_output_adapter@_W@__crt_stdio_output@@V?$standard_base@_WV?$string_output_adapter@_W@__crt_stdio_output@@@2@@__crt_stdio_output@@AEAAX_KI_N@Z 0000000180005d58 f i libucrt:output.obj
 0001:00004d58       ??$type_case_integer_parse_into_buffer@_K@?$output_processor@_WV?$stream_output_adapter@_W@__crt_stdio_output@@V?$standard_base@_WV?$stream_output_adapter@_W@__crt_stdio_output@@@2@@__crt_stdio_output@@AEAAX_KI_N@Z 0000000180005d58 f i libucrt:output.obj
 0001:00004df4       ??$write_multiple_characters@V?$stream_output_adapter@_W@__crt_stdio_output@@D@__crt_stdio_output@@YAXAEBV?$stream_output_adapter@_W@0@DHQEAH@Z 0000000180005df4 f i libucrt:output.obj
 0001:00004e84       ??$write_multiple_characters@V?$string_output_adapter@_W@__crt_stdio_output@@D@__crt_stdio_output@@YAXAEBV?$string_output_adapter@_W@0@DHQEAH@Z 0000000180005e84 f i libucrt:output.obj
 0001:00004ef4       ??0?$output_processor@_WV?$string_output_adapter@_W@__crt_stdio_output@@V?$standard_base@_WV?$string_output_adapter@_W@__crt_stdio_output@@@2@@__crt_stdio_output@@QEAA@AEBV?$string_output_adapter@_W@1@_KQEB_WQEAU__crt_locale_pointers@@QEAD@Z 0000000180005ef4 f i libucrt:output.obj
 0001:00004ef4       ??0?$output_processor@_WV?$stream_output_adapter@_W@__crt_stdio_output@@V?$standard_base@_WV?$stream_output_adapter@_W@__crt_stdio_output@@@2@@__crt_stdio_output@@QEAA@AEBV?$stream_output_adapter@_W@1@_KQEB_WQEAU__crt_locale_pointers@@QEAD@Z 0000000180005ef4 f i libucrt:output.obj
 0001:00005064       ?force_decimal_point@__crt_stdio_output@@YAXPEADQEAU__crt_locale_pointers@@@Z 0000000180006064 f i libucrt:output.obj
 0001:000050d4       ?parse_int_from_format_string@?$output_processor@_WV?$string_output_adapter@_W@__crt_stdio_output@@V?$standard_base@_WV?$string_output_adapter@_W@__crt_stdio_output@@@2@@__crt_stdio_output@@AEAA_NQEAH@Z 00000001800060d4 f i libucrt:output.obj
 0001:000050d4       ?parse_int_from_format_string@?$output_processor@_WV?$stream_output_adapter@_W@__crt_stdio_output@@V?$standard_base@_WV?$stream_output_adapter@_W@__crt_stdio_output@@@2@@__crt_stdio_output@@AEAA_NQEAH@Z 00000001800060d4 f i libucrt:output.obj
 0001:00005154       ?process@?$output_processor@_WV?$stream_output_adapter@_W@__crt_stdio_output@@V?$standard_base@_WV?$stream_output_adapter@_W@__crt_stdio_output@@@2@@__crt_stdio_output@@QEAAHXZ 0000000180006154 f i libucrt:output.obj
 0001:000053cc       ?process@?$output_processor@_WV?$string_output_adapter@_W@__crt_stdio_output@@V?$standard_base@_WV?$string_output_adapter@_W@__crt_stdio_output@@@2@@__crt_stdio_output@@QEAAHXZ 00000001800063cc f i libucrt:output.obj
 0001:00005648       ?state_case_size@?$output_processor@_WV?$stream_output_adapter@_W@__crt_stdio_output@@V?$standard_base@_WV?$stream_output_adapter@_W@__crt_stdio_output@@@2@@__crt_stdio_output@@AEAA_NXZ 0000000180006648 f i libucrt:output.obj
 0001:000057ec       ?state_case_size@?$output_processor@_WV?$string_output_adapter@_W@__crt_stdio_output@@V?$standard_base@_WV?$string_output_adapter@_W@__crt_stdio_output@@@2@@__crt_stdio_output@@AEAA_NXZ 00000001800067ec f i libucrt:output.obj
 0001:00005990       ?state_case_type@?$output_processor@_WV?$stream_output_adapter@_W@__crt_stdio_output@@V?$standard_base@_WV?$stream_output_adapter@_W@__crt_stdio_output@@@2@@__crt_stdio_output@@AEAA_NXZ 0000000180006990 f i libucrt:output.obj
 0001:00005c5c       ?state_case_type@?$output_processor@_WV?$string_output_adapter@_W@__crt_stdio_output@@V?$standard_base@_WV?$string_output_adapter@_W@__crt_stdio_output@@@2@@__crt_stdio_output@@AEAA_NXZ 0000000180006c5c f i libucrt:output.obj
 0001:00005f28       ?type_case_Z@?$output_processor@_WV?$stream_output_adapter@_W@__crt_stdio_output@@V?$standard_base@_WV?$stream_output_adapter@_W@__crt_stdio_output@@@2@@__crt_stdio_output@@AEAA_NXZ 0000000180006f28 f i libucrt:output.obj
 0001:00005f28       ?type_case_Z@?$output_processor@_WV?$string_output_adapter@_W@__crt_stdio_output@@V?$standard_base@_WV?$string_output_adapter@_W@__crt_stdio_output@@@2@@__crt_stdio_output@@AEAA_NXZ 0000000180006f28 f i libucrt:output.obj
 0001:00005fa8       ?type_case_a@?$output_processor@_WV?$stream_output_adapter@_W@__crt_stdio_output@@V?$standard_base@_WV?$stream_output_adapter@_W@__crt_stdio_output@@@2@@__crt_stdio_output@@AEAA_NXZ 0000000180006fa8 f i libucrt:output.obj
 0001:00005fa8       ?type_case_a@?$output_processor@_WV?$string_output_adapter@_W@__crt_stdio_output@@V?$standard_base@_WV?$string_output_adapter@_W@__crt_stdio_output@@@2@@__crt_stdio_output@@AEAA_NXZ 0000000180006fa8 f i libucrt:output.obj
 0001:000061ec       ?type_case_c_tchar@?$output_processor@_WV?$stream_output_adapter@_W@__crt_stdio_output@@V?$standard_base@_WV?$stream_output_adapter@_W@__crt_stdio_output@@@2@@__crt_stdio_output@@AEAA_N_W@Z 00000001800071ec f i libucrt:output.obj
 0001:000061ec       ?type_case_c_tchar@?$output_processor@_WV?$string_output_adapter@_W@__crt_stdio_output@@V?$standard_base@_WV?$string_output_adapter@_W@__crt_stdio_output@@@2@@__crt_stdio_output@@AEAA_N_W@Z 00000001800071ec f i libucrt:output.obj
 0001:00006294       ?type_case_integer@?$output_processor@_WV?$string_output_adapter@_W@__crt_stdio_output@@V?$standard_base@_WV?$string_output_adapter@_W@__crt_stdio_output@@@2@@__crt_stdio_output@@AEAA_NI_N@Z 0000000180007294 f i libucrt:output.obj
 0001:00006294       ?type_case_integer@?$output_processor@_WV?$stream_output_adapter@_W@__crt_stdio_output@@V?$standard_base@_WV?$stream_output_adapter@_W@__crt_stdio_output@@@2@@__crt_stdio_output@@AEAA_NI_N@Z 0000000180007294 f i libucrt:output.obj
 0001:00006434       ?type_case_n@?$output_processor@_WV?$stream_output_adapter@_W@__crt_stdio_output@@V?$standard_base@_WV?$stream_output_adapter@_W@__crt_stdio_output@@@2@@__crt_stdio_output@@AEAA_NXZ 0000000180007434 f i libucrt:output.obj
 0001:00006434       ?type_case_n@?$output_processor@_WV?$string_output_adapter@_W@__crt_stdio_output@@V?$standard_base@_WV?$string_output_adapter@_W@__crt_stdio_output@@@2@@__crt_stdio_output@@AEAA_NXZ 0000000180007434 f i libucrt:output.obj
 0001:00006510       ?type_case_s@?$output_processor@_WV?$string_output_adapter@_W@__crt_stdio_output@@V?$standard_base@_WV?$string_output_adapter@_W@__crt_stdio_output@@@2@@__crt_stdio_output@@AEAA_NXZ 0000000180007510 f i libucrt:output.obj
 0001:00006510       ?type_case_s@?$output_processor@_WV?$stream_output_adapter@_W@__crt_stdio_output@@V?$standard_base@_WV?$stream_output_adapter@_W@__crt_stdio_output@@@2@@__crt_stdio_output@@AEAA_NXZ 0000000180007510 f i libucrt:output.obj
 0001:000065d8       ?write_stored_string_tchar@?$output_processor@_WV?$stream_output_adapter@_W@__crt_stdio_output@@V?$standard_base@_WV?$stream_output_adapter@_W@__crt_stdio_output@@@2@@__crt_stdio_output@@AEAA_N_W@Z 00000001800075d8 f i libucrt:output.obj
 0001:000066c4       ?write_stored_string_tchar@?$output_processor@_WV?$string_output_adapter@_W@__crt_stdio_output@@V?$standard_base@_WV?$string_output_adapter@_W@__crt_stdio_output@@@2@@__crt_stdio_output@@AEAA_N_W@Z 00000001800076c4 f i libucrt:output.obj
 0001:000067b4       ?write_string@?$stream_output_adapter@_W@__crt_stdio_output@@QEBAXQEB_WHQEAH1@Z 00000001800077b4 f i libucrt:output.obj
 0001:000068c0       ?write_string@?$string_output_adapter@_W@__crt_stdio_output@@QEBAXQEB_WHQEAH1@Z 00000001800078c0 f i libucrt:output.obj
 0001:00006980       __stdio_common_vfwprintf   0000000180007980 f   libucrt:output.obj
 0001:00006a0c       __stdio_common_vswprintf   0000000180007a0c f   libucrt:output.obj
 0001:00006c44       ??$is_overflow_condition@K@__crt_strtox@@YA_NIK@Z 0000000180007c44 f i libucrt:atox.obj
 0001:00006c70       ??$parse_integer@KV?$c_string_character_source@_W@__crt_strtox@@@__crt_strtox@@YAKQEAU__crt_locale_pointers@@V?$c_string_character_source@_W@0@H_N@Z 0000000180007c70 f i libucrt:atox.obj
 0001:00007344       __acrt_call_reportfault    0000000180008344 f   libucrt:invalid_parameter.obj
 0001:000074a0       __acrt_initialize_invalid_parameter_handler 00000001800084a0 f   libucrt:invalid_parameter.obj
 0001:000074a8       _invalid_parameter         00000001800084a8 f   libucrt:invalid_parameter.obj
 0001:00007550       _invalid_parameter_noinfo  0000000180008550 f   libucrt:invalid_parameter.obj
 0001:00007570       _invoke_watson             0000000180008570 f   libucrt:invalid_parameter.obj
 0001:000075b8       _query_app_type            00000001800085b8 f   libucrt:report_runtime_error.obj
 0001:000075c0       __acrt_errno_from_os_error 00000001800085c0 f   libucrt:errno.obj
 0001:00007608       __acrt_errno_map_os_error  0000000180008608 f   libucrt:errno.obj
 0001:00007658       __doserrno                 0000000180008658 f   libucrt:errno.obj
 0001:00007678       _errno                     0000000180008678 f   libucrt:errno.obj
 0001:000077c0       _itow_s                    00000001800087c0 f   libucrt:xtoa.obj
 0001:000077e0       _set_error_mode            00000001800087e0 f   libucrt:set_error_mode.obj
 0001:00007820       wcscat_s                   0000000180008820 f   libucrt:wcscat_s.obj
 0001:000078a0       wcscpy_s                   00000001800088a0 f   libucrt:wcscpy_s.obj
 0001:00007908       wcsncat_s                  0000000180008908 f   libucrt:wcsncat_s.obj
 0001:00007a30       __acrt_show_wide_message_box 0000000180008a30 f   libucrt:crtmbox.obj
 0001:00007b4c       __acrt_initialize_stdio    0000000180008b4c f   libucrt:_file.obj
 0001:00007c6c       __acrt_iob_func            0000000180008c6c f   libucrt:_file.obj
 0001:00007c80       __acrt_uninitialize_stdio  0000000180008c80 f   libucrt:_file.obj
 0001:00007cdc       _lock_file                 0000000180008cdc f   libucrt:_file.obj
 0001:00007ce8       _unlock_file               0000000180008ce8 f   libucrt:_file.obj
 0001:00007cf4       __acrt_stdio_flush_nolock  0000000180008cf4 f   libucrt:fflush.obj
 0001:00007d6c       _fflush_nolock             0000000180008d6c f   libucrt:fflush.obj
 0001:00007db8       _flushall                  0000000180008db8 f   libucrt:fflush.obj
 0001:00007ea8       fflush                     0000000180008ea8 f   libucrt:fflush.obj
 0001:00007eec       ??$?RV<lambda_7a5ef57ff966f610505f1d28a3d40618>@@AEAV<lambda_b721fa326cdb32351d23dfa67958c160>@@V<lambda_5e0fb27672408a07956fe59e48ccb2aa>@@@?$__crt_seh_guarded_call@H@@QEAAH$$QEAV<lambda_7a5ef57ff966f610505f1d28a3d40618>@@AEAV<lambda_b721fa326cdb32351d23dfa67958c160>@@$$QEAV<lambda_5e0fb27672408a07956fe59e48ccb2aa>@@@Z 0000000180008eec f i libucrt:setvbuf.obj
 0001:0000801c       setvbuf                    000000018000901c f   libucrt:setvbuf.obj
 0001:000080bc       ??$?RV<lambda_c36588078e9f5dfd39652860aa6b3aaf>@@AEAV<lambda_ec61778202f4f5fc7e7711acc23c3bca>@@V<lambda_dc9d2797ccde5d239b4a0efae8ebd7db>@@@?$__crt_seh_guarded_call@P6AXH@Z@@QEAAP6AXH@Z$$QEAV<lambda_c36588078e9f5dfd39652860aa6b3aaf>@@AEAV<lambda_ec61778202f4f5fc7e7711acc23c3bca>@@$$QEAV<lambda_dc9d2797ccde5d239b4a0efae8ebd7db>@@@Z 00000001800090bc f i libucrt:signal.obj
 0001:00008104       __acrt_get_sigabrt_handler 0000000180009104 f   libucrt:signal.obj
 0001:00008134       __acrt_initialize_signal_handlers 0000000180009134 f   libucrt:signal.obj
 0001:00008154       raise                      0000000180009154 f   libucrt:signal.obj
 0001:00008440       _tolower_l                 0000000180009440 f   libucrt:tolower_toupper.obj
 0001:00008580       tolower                    0000000180009580 f   libucrt:tolower_toupper.obj
 0001:000085ac       ??$?RV<lambda_46352004c1216016012b18bd6f87e700>@@AEAV<lambda_3bd07e1a1191394380780325891bf33f>@@V<lambda_334532d3f185bcaa59b5be82d7d22bff>@@@?$__crt_seh_guarded_call@X@@QEAAX$$QEAV<lambda_46352004c1216016012b18bd6f87e700>@@AEAV<lambda_3bd07e1a1191394380780325891bf33f>@@$$QEAV<lambda_334532d3f185bcaa59b5be82d7d22bff>@@@Z 00000001800095ac f i libucrt:per_thread_data.obj
 0001:0000860c       ??$?RV<lambda_5e887d1dcbef67a5eb4283622ba103bf>@@AEAV<lambda_4466841279450cc726390878d4a41900>@@V<lambda_341c25c0346d94847f1f3c463c57e077>@@@?$__crt_seh_guarded_call@X@@QEAAX$$QEAV<lambda_5e887d1dcbef67a5eb4283622ba103bf>@@AEAV<lambda_4466841279450cc726390878d4a41900>@@$$QEAV<lambda_341c25c0346d94847f1f3c463c57e077>@@@Z 000000018000960c f i libucrt:per_thread_data.obj
 0001:00008654       ??$?RV<lambda_72d1df2b273a38828b1ce30cbf4cdab5>@@AEAV<lambda_876a65b173b8412d3a47c70a915b0cf4>@@V<lambda_41932305e351933ebe8f8be3ed8bb5dc>@@@?$__crt_seh_guarded_call@X@@QEAAX$$QEAV<lambda_72d1df2b273a38828b1ce30cbf4cdab5>@@AEAV<lambda_876a65b173b8412d3a47c70a915b0cf4>@@$$QEAV<lambda_41932305e351933ebe8f8be3ed8bb5dc>@@@Z 0000000180009654 f i libucrt:per_thread_data.obj
 0001:00008694       ??$?RV<lambda_fb3a7dec4e47f37f22dae91bb15c9095>@@AEAV<lambda_698284760c8add0bfb0756c19673e34b>@@V<lambda_dfb8eca1e75fef3034a8fb18dd509707>@@@?$__crt_seh_guarded_call@X@@QEAAX$$QEAV<lambda_fb3a7dec4e47f37f22dae91bb15c9095>@@AEAV<lambda_698284760c8add0bfb0756c19673e34b>@@$$QEAV<lambda_dfb8eca1e75fef3034a8fb18dd509707>@@@Z 0000000180009694 f i libucrt:per_thread_data.obj
 0001:00008924       __acrt_freeptd             0000000180009924 f   libucrt:per_thread_data.obj
 0001:00008968       __acrt_getptd              0000000180009968 f   libucrt:per_thread_data.obj
 0001:000089fc       __acrt_getptd_noexit       00000001800099fc f   libucrt:per_thread_data.obj
 0001:00008a9c       __acrt_initialize_ptd      0000000180009a9c f   libucrt:per_thread_data.obj
 0001:00008ad8       __acrt_uninitialize_ptd    0000000180009ad8 f   libucrt:per_thread_data.obj
 0001:00008afc       __acrt_update_locale_info  0000000180009afc f   libucrt:locale_update.obj
 0001:00008b30       __acrt_update_multibyte_info 0000000180009b30 f   libucrt:locale_update.obj
 0001:00008b64       __acrt_set_locale_changed  0000000180009b64 f   libucrt:wsetlocale.obj
 0001:00008b70       __acrt_uninitialize_locale 0000000180009b70 f   libucrt:wsetlocale.obj
 0001:00008bb8       __acrt_initialize_locks    0000000180009bb8 f   libucrt:locks.obj
 0001:00008c00       __acrt_lock                0000000180009c00 f   libucrt:locks.obj
 0001:00008c1c       __acrt_uninitialize_locks  0000000180009c1c f   libucrt:locks.obj
 0001:00008c54       __acrt_unlock              0000000180009c54 f   libucrt:locks.obj
 0001:00008e10       __acrt_FlsAlloc            0000000180009e10 f   libucrt:winapi_thunks.obj
 0001:00008e68       __acrt_FlsFree             0000000180009e68 f   libucrt:winapi_thunks.obj
 0001:00008ec0       __acrt_FlsGetValue         0000000180009ec0 f   libucrt:winapi_thunks.obj
 0001:00008f18       __acrt_FlsSetValue         0000000180009f18 f   libucrt:winapi_thunks.obj
 0001:00008f80       __acrt_InitializeCriticalSectionEx 0000000180009f80 f   libucrt:winapi_thunks.obj
 0001:00008ff8       __acrt_LCMapStringEx       0000000180009ff8 f   libucrt:winapi_thunks.obj
 0001:000090e8       __acrt_LocaleNameToLCID    000000018000a0e8 f   libucrt:winapi_thunks.obj
 0001:00009150       __acrt_MessageBoxW         000000018000a150 f   libucrt:winapi_thunks.obj
 0001:000091d8       __acrt_can_show_message_box 000000018000a1d8 f   libucrt:winapi_thunks.obj
 0001:00009234       __acrt_get_parent_window   000000018000a234 f   libucrt:winapi_thunks.obj
 0001:000092c4       __acrt_initialize_winapi_thunks 000000018000a2c4 f   libucrt:winapi_thunks.obj
 0001:000092fc       __acrt_is_interactive      000000018000a2fc f   libucrt:winapi_thunks.obj
 0001:000093d0       __acrt_is_packaged_app     000000018000a3d0 f   libucrt:winapi_thunks.obj
 0001:00009458       __acrt_uninitialize_winapi_thunks 000000018000a458 f   libucrt:winapi_thunks.obj
 0001:00009978       ?expand_if_necessary@?$argument_list@D@?A0xca0879c4@@AEAAHXZ 000000018000a978 f i libucrt:argv_wildcards.obj
 0001:00009a40       __acrt_expand_narrow_argv_wildcards 000000018000aa40 f   libucrt:argv_wildcards.obj
 0001:00009a48       ??$?RV<lambda_99476a1ad63dd22509b5d3e65b0ffc95>@@AEAV<lambda_ad1ced32f4ac17aa236e5ef05d6b3b7c>@@V<lambda_f7424dd8d45958661754dc4f2697e9c3>@@@?$__crt_seh_guarded_call@X@@QEAAX$$QEAV<lambda_99476a1ad63dd22509b5d3e65b0ffc95>@@AEAV<lambda_ad1ced32f4ac17aa236e5ef05d6b3b7c>@@$$QEAV<lambda_f7424dd8d45958661754dc4f2697e9c3>@@@Z 000000018000aa48 f i libucrt:mbctype.obj
 0001:0000a144       __acrt_initialize_multibyte 000000018000b144 f   libucrt:mbctype.obj
 0001:0000a16c       __acrt_update_thread_multibyte_data 000000018000b16c f   libucrt:mbctype.obj
 0001:0000a22c       _setmbcp_nolock            000000018000b22c f   libucrt:mbctype.obj
 0001:0000a54c       _ismbblead                 000000018000b54c f   libucrt:ismbbyte.obj
 0001:0000a560       __acrt_initialize_command_line 000000018000b560 f   libucrt:argv_data.obj
 0001:0000a588       __acrt_uninitialize_command_line 000000018000b588 f   libucrt:argv_data.obj
 0001:0000a58c       __dcrt_get_narrow_environment_from_os 000000018000b58c f   libucrt:get_environment_from_os.obj
 0001:0000a690       _recalloc                  000000018000b690 f   libucrt:recalloc.obj
 0001:0000a698       _recalloc_base             000000018000b698 f   libucrt:recalloc.obj
 0001:0000a730       __acrt_initialize_heap     000000018000b730 f   libucrt:heap_handle.obj
 0001:0000a74c       __acrt_uninitialize_heap   000000018000b74c f   libucrt:heap_handle.obj
 0001:0000a940       __acrt_initialize_lowio    000000018000b940 f   libucrt:ioinit.obj
 0001:0000a97c       __acrt_uninitialize_lowio  000000018000b97c f   libucrt:ioinit.obj
 0001:0000a9bc       __acrt_execute_initializers 000000018000b9bc f   libucrt:shared_initialization.obj
 0001:0000aa50       __acrt_execute_uninitializers 000000018000ba50 f   libucrt:shared_initialization.obj
 0001:0000aaa0       __acrt_has_user_matherr    000000018000baa0 f   libucrt:matherr.obj
 0001:0000aac0       __acrt_initialize_user_matherr 000000018000bac0 f   libucrt:matherr.obj
 0001:0000aac8       __acrt_invoke_user_matherr 000000018000bac8 f   libucrt:matherr.obj
 0001:0000ab10       __acrt_stdio_begin_temporary_buffering_nolock 000000018000bb10 f   libucrt:_sftbuf.obj
 0001:0000abe0       __acrt_stdio_end_temporary_buffering_nolock 000000018000bbe0 f   libucrt:_sftbuf.obj
 0001:0000ac1c       _query_new_mode            000000018000bc1c f   libucrt:new_mode.obj
 0001:0000ac24       isdigit                    000000018000bc24 f i libucrt:_ctype.obj
 0001:0000ac98       ??$make_c_string_character_source@_WPEAPEA_W@__crt_strtox@@YA?AV?$c_string_character_source@_W@0@QEB_WQEAPEA_W@Z 000000018000bc98 f i libucrt:strtox.obj
 0001:0000acac       wcstol                     000000018000bcac f   libucrt:strtox.obj
 0001:0000acdc       _mbtowc_l                  000000018000bcdc f   libucrt:mbtowc.obj
 0001:0000ae24       mbtowc                     000000018000be24 f   libucrt:mbtowc.obj
 0001:0000ae2c       _wctomb_s_l                000000018000be2c f   libucrt:wctomb.obj
 0001:0000afb0       wctomb_s                   000000018000bfb0 f   libucrt:wctomb.obj
 0001:0000afc4       wcsnlen                    000000018000bfc4 f   libucrt:strnlen.obj
 0001:0000b1b4       ?__acrt_fp_classify@@YA?AW4__acrt_fp_class@@AEBN@Z 000000018000c1b4 f i libucrt:cvt.obj
 0001:0000bbec       __acrt_fp_format           000000018000cbec f   libucrt:cvt.obj
 0001:0000be30       _fputwc_nolock             000000018000ce30 f   libucrt:fputwc.obj
 0001:0000bfac       _fileno                    000000018000cfac f   libucrt:fileno.obj
 0001:0000bfd4       _fputc_nolock              000000018000cfd4 f   libucrt:fputc.obj
 0001:0000bfec       _get_printf_count_output   000000018000cfec f   libucrt:printf_count_output.obj
 0001:0000c004       __pctype_func              000000018000d004 f   libucrt:ctype.obj
 0001:0000c034       iswctype                   000000018000d034 f   libucrt:iswctype.obj
 0001:0000c0a4       _isctype_l                 000000018000d0a4 f   libucrt:isctype.obj
 0001:0000c1b4       _fcloseall                 000000018000d1b4 f   libucrt:closeall.obj
 0001:0000c268       __acrt_stdio_free_buffer_nolock 000000018000d268 f   libucrt:_freebuf.obj
 0001:0000c2a8       ??$?RV<lambda_b521505b218e5242e90febf6bfebc422>@@AEAV<lambda_6978c1fb23f02e42e1d9e99668cc68aa>@@V<lambda_314360699dd331753a4119843814e9a7>@@@?$__crt_seh_guarded_call@H@@QEAAH$$QEAV<lambda_b521505b218e5242e90febf6bfebc422>@@AEAV<lambda_6978c1fb23f02e42e1d9e99668cc68aa>@@$$QEAV<lambda_314360699dd331753a4119843814e9a7>@@@Z 000000018000d2a8 f i libucrt:commit.obj
 0001:0000c334       _commit                    000000018000d334 f   libucrt:commit.obj
 0001:0000c968       _write                     000000018000d968 f   libucrt:write.obj
 0001:0000ca54       _write_nolock              000000018000da54 f   libucrt:write.obj
 0001:0000cd38       _isleadbyte_l              000000018000dd38 f i libucrt:_wctype.obj
 0001:0000d0d4       __acrt_LCMapStringA        000000018000e0d4 f   libucrt:lcmapstringa.obj
 0001:0000d16c       __acrt_add_locale_ref      000000018000e16c f   libucrt:locale_refcounting.obj
 0001:0000d1f8       __acrt_free_locale         000000018000e1f8 f   libucrt:locale_refcounting.obj
 0001:0000d370       __acrt_locale_add_lc_time_reference 000000018000e370 f   libucrt:locale_refcounting.obj
 0001:0000d398       __acrt_locale_free_lc_time_if_unreferenced 000000018000e398 f   libucrt:locale_refcounting.obj
 0001:0000d3d0       __acrt_locale_release_lc_time_reference 000000018000e3d0 f   libucrt:locale_refcounting.obj
 0001:0000d3f8       __acrt_release_locale_ref  000000018000e3f8 f   libucrt:locale_refcounting.obj
 0001:0000d4a0       __acrt_update_thread_locale_data 000000018000e4a0 f   libucrt:locale_refcounting.obj
 0001:0000d510       _updatetlocinfoEx_nolock   000000018000e510 f   libucrt:locale_refcounting.obj
 0001:0000d578       __acrt_locale_free_monetary 000000018000e578 f   libucrt:initmon.obj
 0001:0000d684       __acrt_locale_free_numeric 000000018000e684 f   libucrt:initnum.obj
 0001:0000d748       __acrt_locale_free_time    000000018000e748 f   libucrt:inittime.obj
 0001:0000d850       __acrt_GetStringTypeA      000000018000e850 f   libucrt:getstringtypea.obj
 0001:0000dacc       __acrt_DownlevelLocaleNameToLCID 000000018000eacc f   libucrt:lcidtoname_downlevel.obj
 0001:0000dbd0       qsort                      000000018000ebd0 f   libucrt:qsort.obj
 0001:0000df04       strncpy_s                  000000018000ef04 f   libucrt:strncpy_s.obj
 0001:0000dfd8       strpbrk                    000000018000efd8 f   libucrt:strpbrk.obj
 0001:0000e078       _mbsdec                    000000018000f078 f   libucrt:mbsdec.obj
 0001:0000e080       _mbsdec_l                  000000018000f080 f   libucrt:mbsdec.obj
 0001:0000e130       _msize                     000000018000f130 f   libucrt:msize.obj
 0001:0000e16c       _realloc_base              000000018000f16c f   libucrt:realloc_base.obj
 0001:0000e1f0       __acrt_lowio_create_handle_array 000000018000f1f0 f   libucrt:osfinfo.obj
 0001:0000e288       __acrt_lowio_destroy_handle_array 000000018000f288 f   libucrt:osfinfo.obj
 0001:0000e2d8       __acrt_lowio_ensure_fh_exists 000000018000f2d8 f   libucrt:osfinfo.obj
 0001:0000e390       __acrt_lowio_lock_fh       000000018000f390 f   libucrt:osfinfo.obj
 0001:0000e3b4       __acrt_lowio_unlock_fh     000000018000f3b4 f   libucrt:osfinfo.obj
 0001:0000e3d8       _free_osfhnd               000000018000f3d8 f   libucrt:osfinfo.obj
 0001:0000e494       _get_osfhandle             000000018000f494 f   libucrt:osfinfo.obj
 0001:0000e50c       _isatty                    000000018000f50c f   libucrt:isatty.obj
 0001:0000e56c       __acrt_fp_strflt_to_string 000000018000f56c f   libucrt:_fptostr.obj
 0001:0000e630       ?divide@__crt_strtox@@YA_KAEAUbig_integer@1@AEBU21@@Z 000000018000f630 f i libucrt:cfout.obj
 0001:0000eb00       __acrt_fltout              000000018000fb00 f   libucrt:cfout.obj
 0001:00010104       __acrt_stdio_flush_and_write_narrow_nolock 0000000180011104 f   libucrt:_flsbuf.obj
 0001:000101ec       __acrt_stdio_flush_and_write_wide_nolock 00000001800111ec f   libucrt:_flsbuf.obj
 0001:000102d8       _fclose_nolock             00000001800112d8 f   libucrt:fclose.obj
 0001:0001035c       fclose                     000000018001135c f   libucrt:fclose.obj
 0001:00010554       _lseeki64                  0000000180011554 f   libucrt:lseek.obj
 0001:0001055c       _lseeki64_nolock           000000018001155c f   libucrt:lseek.obj
 0001:00010564       _putwch_nolock             0000000180011564 f   libucrt:putwch.obj
 0001:000105c0       __strncnt                  00000001800115c0 f   libucrt:strncnt.obj
 0001:000105d8       fegetenv                   00000001800115d8 f   libucrt:fegetenv.obj
 0001:000105f8       fesetenv                   00000001800115f8 f   libucrt:fesetenv.obj
 0001:00010644       feholdexcept               0000000180011644 f   libucrt:feholdexcept.obj
 0001:00010694       ceil                       0000000180011694 f   libucrt:ceil.obj
 0001:00010760       log10                      0000000180011760 f   libucrt:log10.obj
 0001:00010d0c       __acrt_stdio_allocate_buffer_nolock 0000000180011d0c f   libucrt:_getbuf.obj
 0001:00010d70       ??$?RV<lambda_bfedae4ebbf01fab1bb6dcc6a9e276e0>@@AEAV<lambda_2fe9b910cf3cbf4a0ab98a02ba45b3ec>@@V<lambda_237c231691f317818eb88cc1d5d642d6>@@@?$__crt_seh_guarded_call@H@@QEAAH$$QEAV<lambda_bfedae4ebbf01fab1bb6dcc6a9e276e0>@@AEAV<lambda_2fe9b910cf3cbf4a0ab98a02ba45b3ec>@@$$QEAV<lambda_237c231691f317818eb88cc1d5d642d6>@@@Z 0000000180011d70 f i libucrt:close.obj
 0001:00010de4       _close                     0000000180011de4 f   libucrt:close.obj
 0001:00010e88       _close_nolock              0000000180011e88 f   libucrt:close.obj
 0001:00010f44       ?__acrt_stdio_free_stream@@YAXV__crt_stdio_stream@@@Z 0000000180011f44 f   libucrt:stream.obj
 0001:00010f88       __dcrt_lowio_initialize_console_output 0000000180011f88 f   libucrt:initcon.obj
 0001:00010fc4       __dcrt_terminate_console_output 0000000180011fc4 f   libucrt:initcon.obj
 0001:00010fe4       _getfpcontrolword          0000000180011fe4 f   libucrt:_fenvutils.obj
 0001:00010ffc       _getfpstatusword           0000000180011ffc f   libucrt:_fenvutils.obj
 0001:00011010       _setfpcontrolword          0000000180012010 f   libucrt:_fenvutils.obj
 0001:0001101c       _setfpstatusword           000000018001201c f   libucrt:_fenvutils.obj
 0001:0001106c       _clearfp                   000000018001206c f   libucrt:ieee.obj
 0001:000110c0       _controlfp                 00000001800120c0 f   libucrt:ieee.obj
 0001:000110cc       _statusfp                  00000001800120cc f   libucrt:ieee.obj
 0001:000114d0       _handle_error              00000001800124d0 f   libucrt:libm_error.obj
 0001:000115f8       _handle_nan                00000001800125f8 f   libucrt:libm_error.obj
 0001:00011620       __acrt_initialize_fma3     0000000180012620 f   libucrt:fma3_available.obj
 0001:00011690       _log10_special             0000000180012690 f   libucrt:log_special.obj
 0001:00011760       _get_fpsr                  0000000180012760 f   libucrt:fpsr.obj
 0001:00011770       _set_fpsr                  0000000180012770 f   libucrt:fpsr.obj
 0001:0001177a       _fclrf                     000000018001277a f   libucrt:fpsr.obj
 0001:0001178e       _frnd                      000000018001278e f   libucrt:fpsr.obj
 0001:000117b0       _raise_exc                 00000001800127b0 f   libucrt:fpexcept.obj
 0001:000117d8       _raise_exc_ex              00000001800127d8 f   libucrt:fpexcept.obj
 0001:00011ae0       _set_errno_from_matherr    0000000180012ae0 f   libucrt:fpexcept.obj
 0001:00011b10       _clrfp                     0000000180012b10 f   libucrt:fpctrl.obj
 0001:00011b30       _ctrlfp                    0000000180012b30 f   libucrt:fpctrl.obj
 0001:00011bac       _set_statfp                0000000180012bac f   libucrt:fpctrl.obj
 0001:00011bcc       _statfp                    0000000180012bcc f   libucrt:fpctrl.obj
 0001:00011bde       IsProcessorFeaturePresent  0000000180012bde f   kernel32:KERNEL32.dll
 0001:00011be4       RtlUnwindEx                0000000180012be4 f   kernel32:KERNEL32.dll
 0001:00011bec       ?DloadAcquireSectionWriteAccess@@YAXXZ 0000000180012bec f i DelayImp:delayhlp.obj
 0001:00011ca8       ?DloadGetSRWLockFunctionPointers@@YAEXZ 0000000180012ca8 f i DelayImp:delayhlp.obj
 0001:00011d44       ?DloadMakePermanentImageCommit@@YAXPEAX_K@Z 0000000180012d44 f i DelayImp:delayhlp.obj
 0001:00011ddc       ?DloadObtainSection@@YAPEAXPEAK0@Z 0000000180012ddc f i DelayImp:delayhlp.obj
 0001:00011e74       ?DloadProtectSection@@YAXKPEAK@Z 0000000180012e74 f i DelayImp:delayhlp.obj
 0001:00011f04       ?DloadReleaseSectionWriteAccess@@YAXXZ 0000000180012f04 f i DelayImp:delayhlp.obj
 0001:00011fa8       __delayLoadHelper2         0000000180012fa8 f   DelayImp:delayhlp.obj
 0001:000122b0       _FindPESection             00000001800132b0 f   LIBCMT:pesect.obj
 0001:00012300       _IsNonwritableInCurrentImage 0000000180013300 f   LIBCMT:pesect.obj
 0001:00012350       _ValidateImageBase         0000000180013350 f   LIBCMT:pesect.obj
 0001:00012380       __GSHandlerCheck           0000000180013380 f   LIBCMT:_gshandler_.obj
 0001:000123a0       __GSHandlerCheckCommon     00000001800133a0 f   LIBCMT:_gshandler_.obj
 0001:00012410       __chkstk                   0000000180013410 f   LIBCMT:_chkstk_.obj
 0001:00012410       _alloca_probe              0000000180013410 f   LIBCMT:_chkstk_.obj
 0001:00012480       memmove                    0000000180013480 f   libvcruntime:memcpy.obj
 0001:00012480       memcpy                     0000000180013480 f   libvcruntime:memcpy.obj
 0001:000128d0       memcmp                     00000001800138d0 f   libvcruntime:memcmp.obj
 0001:00012998       strrchr                    0000000180013998 f   libvcruntime:strrchr.obj
 0001:00012af0       _guard_dispatch_icall_nop  0000000180013af0 f   LIBCMT:_guard_dispatch_.obj
 0002:00000000       __imp_GetModuleHandleA     0000000180014000     kernel32:KERNEL32.dll
 0002:00000008       __imp_RtlCaptureContext    0000000180014008     kernel32:KERNEL32.dll
 0002:00000010       __imp_RtlLookupFunctionEntry 0000000180014010     kernel32:KERNEL32.dll
 0002:00000018       __imp_RtlVirtualUnwind     0000000180014018     kernel32:KERNEL32.dll
 0002:00000020       __imp_UnhandledExceptionFilter 0000000180014020     kernel32:KERNEL32.dll
 0002:00000028       __imp_SetUnhandledExceptionFilter 0000000180014028     kernel32:KERNEL32.dll
 0002:00000030       __imp_GetCurrentProcess    0000000180014030     kernel32:KERNEL32.dll
 0002:00000038       __imp_TerminateProcess     0000000180014038     kernel32:KERNEL32.dll
 0002:00000040       __imp_IsProcessorFeaturePresent 0000000180014040     kernel32:KERNEL32.dll
 0002:00000048       __imp_IsDebuggerPresent    0000000180014048     kernel32:KERNEL32.dll
 0002:00000050       __imp_GetStartupInfoW      0000000180014050     kernel32:KERNEL32.dll
 0002:00000058       __imp_GetModuleHandleW     0000000180014058     kernel32:KERNEL32.dll
 0002:00000060       __imp_QueryPerformanceCounter 0000000180014060     kernel32:KERNEL32.dll
 0002:00000068       __imp_GetCurrentProcessId  0000000180014068     kernel32:KERNEL32.dll
 0002:00000070       __imp_GetCurrentThreadId   0000000180014070     kernel32:KERNEL32.dll
 0002:00000078       __imp_GetSystemTimeAsFileTime 0000000180014078     kernel32:KERNEL32.dll
 0002:00000080       __imp_InitializeSListHead  0000000180014080     kernel32:KERNEL32.dll
 0002:00000088       __imp_RtlUnwindEx          0000000180014088     kernel32:KERNEL32.dll
 0002:00000090       __imp_RtlPcToFileHeader    0000000180014090     kernel32:KERNEL32.dll
 0002:00000098       __imp_RaiseException       0000000180014098     kernel32:KERNEL32.dll
 0002:000000a0       __imp_InterlockedFlushSList 00000001800140a0     kernel32:KERNEL32.dll
 0002:000000a8       __imp_GetLastError         00000001800140a8     kernel32:KERNEL32.dll
 0002:000000b0       __imp_SetLastError         00000001800140b0     kernel32:KERNEL32.dll
 0002:000000b8       __imp_EnterCriticalSection 00000001800140b8     kernel32:KERNEL32.dll
 0002:000000c0       __imp_LeaveCriticalSection 00000001800140c0     kernel32:KERNEL32.dll
 0002:000000c8       __imp_DeleteCriticalSection 00000001800140c8     kernel32:KERNEL32.dll
 0002:000000d0       __imp_InitializeCriticalSectionAndSpinCount 00000001800140d0     kernel32:KERNEL32.dll
 0002:000000d8       __imp_TlsAlloc             00000001800140d8     kernel32:KERNEL32.dll
 0002:000000e0       __imp_TlsGetValue          00000001800140e0     kernel32:KERNEL32.dll
 0002:000000e8       __imp_TlsSetValue          00000001800140e8     kernel32:KERNEL32.dll
 0002:000000f0       __imp_TlsFree              00000001800140f0     kernel32:KERNEL32.dll
 0002:000000f8       __imp_FreeLibrary          00000001800140f8     kernel32:KERNEL32.dll
 0002:00000100       __imp_GetProcAddress       0000000180014100     kernel32:KERNEL32.dll
 0002:00000108       __imp_LoadLibraryExW       0000000180014108     kernel32:KERNEL32.dll
 0002:00000110       __imp_GetStdHandle         0000000180014110     kernel32:KERNEL32.dll
 0002:00000118       __imp_GetFileType          0000000180014118     kernel32:KERNEL32.dll
 0002:00000120       __imp_GetModuleFileNameA   0000000180014120     kernel32:KERNEL32.dll
 0002:00000128       __imp_GetModuleFileNameW   0000000180014128     kernel32:KERNEL32.dll
 0002:00000130       __imp_GetModuleHandleExW   0000000180014130     kernel32:KERNEL32.dll
 0002:00000138       __imp_WriteConsoleW        0000000180014138     kernel32:KERNEL32.dll
 0002:00000140       __imp_ExitProcess          0000000180014140     kernel32:KERNEL32.dll
 0002:00000148       __imp_MultiByteToWideChar  0000000180014148     kernel32:KERNEL32.dll
 0002:00000150       __imp_WideCharToMultiByte  0000000180014150     kernel32:KERNEL32.dll
 0002:00000158       __imp_HeapFree             0000000180014158     kernel32:KERNEL32.dll
 0002:00000160       __imp_HeapAlloc            0000000180014160     kernel32:KERNEL32.dll
 0002:00000168       __imp_WriteFile            0000000180014168     kernel32:KERNEL32.dll
 0002:00000170       __imp_OutputDebugStringW   0000000180014170     kernel32:KERNEL32.dll
 0002:00000178       __imp_CloseHandle          0000000180014178     kernel32:KERNEL32.dll
 0002:00000180       __imp_WaitForSingleObjectEx 0000000180014180     kernel32:KERNEL32.dll
 0002:00000188       __imp_CreateThread         0000000180014188     kernel32:KERNEL32.dll
 0002:00000190       __imp_GetACP               0000000180014190     kernel32:KERNEL32.dll
 0002:00000198       __imp_LCMapStringW         0000000180014198     kernel32:KERNEL32.dll
 0002:000001a0       __imp_FindClose            00000001800141a0     kernel32:KERNEL32.dll
 0002:000001a8       __imp_FindFirstFileExA     00000001800141a8     kernel32:KERNEL32.dll
 0002:000001b0       __imp_FindNextFileA        00000001800141b0     kernel32:KERNEL32.dll
 0002:000001b8       __imp_IsValidCodePage      00000001800141b8     kernel32:KERNEL32.dll
 0002:000001c0       __imp_GetOEMCP             00000001800141c0     kernel32:KERNEL32.dll
 0002:000001c8       __imp_GetCPInfo            00000001800141c8     kernel32:KERNEL32.dll
 0002:000001d0       __imp_GetCommandLineA      00000001800141d0     kernel32:KERNEL32.dll
 0002:000001d8       __imp_GetCommandLineW      00000001800141d8     kernel32:KERNEL32.dll
 0002:000001e0       __imp_GetEnvironmentStringsW 00000001800141e0     kernel32:KERNEL32.dll
 0002:000001e8       __imp_FreeEnvironmentStringsW 00000001800141e8     kernel32:KERNEL32.dll
 0002:000001f0       __imp_GetProcessHeap       00000001800141f0     kernel32:KERNEL32.dll
 0002:000001f8       __imp_GetStringTypeW       00000001800141f8     kernel32:KERNEL32.dll
 0002:00000200       __imp_FlushFileBuffers     0000000180014200     kernel32:KERNEL32.dll
 0002:00000208       __imp_GetConsoleCP         0000000180014208     kernel32:KERNEL32.dll
 0002:00000210       __imp_GetConsoleMode       0000000180014210     kernel32:KERNEL32.dll
 0002:00000218       __imp_HeapSize             0000000180014218     kernel32:KERNEL32.dll
 0002:00000220       __imp_HeapReAlloc          0000000180014220     kernel32:KERNEL32.dll
 0002:00000228       __imp_SetStdHandle         0000000180014228     kernel32:KERNEL32.dll
 0002:00000230       __imp_SetFilePointerEx     0000000180014230     kernel32:KERNEL32.dll
 0002:00000238       __imp_CreateFileW          0000000180014238     kernel32:KERNEL32.dll
 0002:00000240       __imp_GetSystemInfo        0000000180014240     kernel32:KERNEL32.dll
 0002:00000248       __imp_VirtualProtect       0000000180014248     kernel32:KERNEL32.dll
 0002:00000250       __imp_VirtualQuery         0000000180014250     kernel32:KERNEL32.dll
 0002:00000258       __imp_LoadLibraryExA       0000000180014258     kernel32:KERNEL32.dll
 0002:00000260       \177KERNEL32_NULL_THUNK_DATA 0000000180014260     kernel32:KERNEL32.dll
 0002:00000268       __guard_check_icall_fptr   0000000180014268     LIBCMT:guard_support.obj
 0002:00000270       __guard_dispatch_icall_fptr 0000000180014270     LIBCMT:guard_support.obj
 0002:00000278       __xc_a                     0000000180014278     LIBCMT:initializers.obj
 0002:00000288       _register_addon_           0000000180014288     addon6.obj
 0002:00000290       __xc_z                     0000000180014290     LIBCMT:initializers.obj
 0002:00000298       __xi_a                     0000000180014298     LIBCMT:initializers.obj
 0002:000002a0       __acrt_stdio_initializer   00000001800142a0     libucrt:stdio_initializer.obj
 0002:000002a8       __acrt_multibyte_initializer 00000001800142a8     libucrt:multibyte_initializer.obj
 0002:000002b0       __acrt_tran_fma3_initializer 00000001800142b0     libucrt:fma3_initializer.obj
 0002:000002b8       __xi_z                     00000001800142b8     LIBCMT:initializers.obj
 0002:000002c0       __xp_a                     00000001800142c0     LIBCMT:initializers.obj
 0002:000002c8       __acrt_locale_terminator   00000001800142c8     libucrt:locale_initializer.obj
 0002:000002d0       __dcrt_console_output_terminator 00000001800142d0     libucrt:console_output_initializer.obj
 0002:000002d8       __acrt_stdio_terminator    00000001800142d8     libucrt:stdio_initializer.obj
 0002:000002e0       __xp_z                     00000001800142e0     LIBCMT:initializers.obj
 0002:000002e8       __xt_a                     00000001800142e8     LIBCMT:initializers.obj
 0002:000002f0       __xt_z                     00000001800142f0     LIBCMT:initializers.obj
 0002:00000300       __sz_node_exe              0000000180014300     node:node.exe
 0002:00000310       _pRawDllMain               0000000180014310     LIBCMT:dll_dllmain.obj
 0002:00000310       _pDefaultRawDllMain        0000000180014310     LIBCMT:dll_dllmain.obj
 0002:00000330       ??_7exception@std@@6B@     0000000180014330     LIBCMT:throw_bad_alloc.obj
 0002:00000340       ??_C@_0BC@EOODALEL@Unknown?5exception?$AA@ 0000000180014340     LIBCMT:throw_bad_alloc.obj
 0002:00000360       ??_7bad_alloc@std@@6B@     0000000180014360     LIBCMT:throw_bad_alloc.obj
 0002:00000370       ??_C@_0P@GHFPNOJB@bad?5allocation?$AA@ 0000000180014370     LIBCMT:throw_bad_alloc.obj
 0002:00000388       ??_7bad_array_new_length@std@@6B@ 0000000180014388     LIBCMT:throw_bad_alloc.obj
 0002:00000398       ??_C@_0BF@KINCDENJ@bad?5array?5new?5length?$AA@ 0000000180014398     LIBCMT:throw_bad_alloc.obj
 0002:000003b8       ??_7type_info@@6B@         00000001800143b8     LIBCMT:std_type_info_static.obj
 0002:00000420       ??_C@_1BC@DNHGCMLG@?$AAa?$AAd?$AAv?$AAa?$AAp?$AAi?$AA3?$AA2?$AA?$AA@ 0000000180014420     libvcruntime:winapi_downlevel.obj
 0002:00000438       ??_C@_1DM@KHCHBNEB@?$AAa?$AAp?$AAi?$AA?9?$AAm?$AAs?$AA?9?$AAw?$AAi?$AAn?$AA?9?$AAc?$AAo?$AAr?$AAe?$AA?9?$AAf?$AAi?$AAb?$AAe?$AAr?$AAs?$AA?9?$AAl?$AA1?$AA?9?$AA1?$AA?9?$AA1?$AA?$AA@ 0000000180014438     libvcruntime:winapi_downlevel.obj
 0002:00000478       ??_C@_1DK@LPPGFMPP@?$AAa?$AAp?$AAi?$AA?9?$AAm?$AAs?$AA?9?$AAw?$AAi?$AAn?$AA?9?$AAc?$AAo?$AAr?$AAe?$AA?9?$AAs?$AAy?$AAn?$AAc?$AAh?$AA?9?$AAl?$AA1?$AA?9?$AA2?$AA?9?$AA0?$AA?$AA@ 0000000180014478     libvcruntime:winapi_downlevel.obj
 0002:000004b8       ??_C@_1BC@GDMECMAK@?$AAk?$AAe?$AAr?$AAn?$AAe?$AAl?$AA3?$AA2?$AA?$AA@ 00000001800144b8     libvcruntime:winapi_downlevel.obj
 0002:000004d8       ??_C@_08KNHFBNJ@FlsAlloc?$AA@ 00000001800144d8     libvcruntime:winapi_downlevel.obj
 0002:000004f0       ??_C@_07PEJMOBNF@FlsFree?$AA@ 00000001800144f0     libvcruntime:winapi_downlevel.obj
 0002:00000500       ??_C@_0M@GDNOONDI@FlsGetValue?$AA@ 0000000180014500     libvcruntime:winapi_downlevel.obj
 0002:00000518       ??_C@_0M@JCPCPOEF@FlsSetValue?$AA@ 0000000180014518     libvcruntime:winapi_downlevel.obj
 0002:00000530       ??_C@_0BM@HCFOFFN@InitializeCriticalSectionEx?$AA@ 0000000180014530     libvcruntime:winapi_downlevel.obj
 0002:00000870       ??_C@_08EHJDFFNH@__based?$CI?$AA@ 0000000180014870     libvcruntime:undname.obj
 0002:00000880       ??_C@_07KOLFKCDI@__cdecl?$AA@ 0000000180014880     libvcruntime:undname.obj
 0002:00000888       ??_C@_08GHMPAG@__pascal?$AA@ 0000000180014888     libvcruntime:undname.obj
 0002:00000898       ??_C@_09IFJBGAPI@__stdcall?$AA@ 0000000180014898     libvcruntime:undname.obj
 0002:000008a8       ??_C@_0L@NPHFGOKO@__thiscall?$AA@ 00000001800148a8     libvcruntime:undname.obj
 0002:000008b8       ??_C@_0L@JMKHOMEK@__fastcall?$AA@ 00000001800148b8     libvcruntime:undname.obj
 0002:000008c8       ??_C@_0N@BCKKPABJ@__vectorcall?$AA@ 00000001800148c8     libvcruntime:undname.obj
 0002:000008d8       ??_C@_09HIJEGCPM@__clrcall?$AA@ 00000001800148d8     libvcruntime:undname.obj
 0002:000008e4       ??_C@_06GHPCKEAG@__eabi?$AA@ 00000001800148e4     libvcruntime:undname.obj
 0002:000008f0       ??_C@_07JOMMBBKO@__ptr64?$AA@ 00000001800148f0     libvcruntime:undname.obj
 0002:000008f8       ??_C@_0L@PILCLIHE@__restrict?$AA@ 00000001800148f8     libvcruntime:undname.obj
 0002:00000908       ??_C@_0M@GFIIJFMG@__unaligned?$AA@ 0000000180014908     libvcruntime:undname.obj
 0002:00000918       ??_C@_09DHDLOLLB@restrict?$CI?$AA@ 0000000180014918     libvcruntime:undname.obj
 0002:00000922       ??_C@_00CNPNBAHC@?$AA@     0000000180014922     libvcruntime:undname.obj
 0002:00000924       ??_C@_04NIHEBCM@?5new?$AA@ 0000000180014924     libvcruntime:undname.obj
 0002:00000930       ??_C@_07FPCDHGMM@?5delete?$AA@ 0000000180014930     libvcruntime:undname.obj
 0002:00000938       ??_C@_01NEMOKFLO@?$DN?$AA@ 0000000180014938     libvcruntime:undname.obj
 0002:0000093c       ??_C@_02GPIOPFAK@?$DO?$DO?$AA@ 000000018001493c     libvcruntime:undname.obj
 0002:00000940       ??_C@_02FODMEDOG@?$DM?$DM?$AA@ 0000000180014940     libvcruntime:undname.obj
 0002:00000944       ??_C@_01DCLJPIOD@?$CB?$AA@ 0000000180014944     libvcruntime:undname.obj
 0002:00000948       ??_C@_02EGOFBIJA@?$DN?$DN?$AA@ 0000000180014948     libvcruntime:undname.obj
 0002:0000094c       ??_C@_02FDNJECIE@?$CB?$DN?$AA@ 000000018001494c     libvcruntime:undname.obj
 0002:00000950       ??_C@_02GPECMEKF@?$FL?$FN?$AA@ 0000000180014950     libvcruntime:undname.obj
 0002:00000958       ??_C@_08LHJFAFGD@operator?$AA@ 0000000180014958     libvcruntime:undname.obj
 0002:00000964       ??_C@_02HBOOOICD@?9?$DO?$AA@ 0000000180014964     libvcruntime:undname.obj
 0002:00000968       ??_C@_01NBENCBCI@?$CK?$AA@ 0000000180014968     libvcruntime:undname.obj
 0002:0000096c       ??_C@_02ECNGHCIF@?$CL?$CL?$AA@ 000000018001496c     libvcruntime:undname.obj
 0002:00000970       ??_C@_02BAABKJLB@?9?9?$AA@ 0000000180014970     libvcruntime:undname.obj
 0002:00000974       ??_C@_01JOAMLHOP@?9?$AA@   0000000180014974     libvcruntime:undname.obj
 0002:00000978       ??_C@_01MIFGBAGJ@?$CL?$AA@ 0000000180014978     libvcruntime:undname.obj
 0002:0000097c       ??_C@_01HNPIGOCE@?$CG?$AA@ 000000018001497c     libvcruntime:undname.obj
 0002:00000980       ??_C@_03MNHNFDLC@?9?$DO?$CK?$AA@ 0000000180014980     libvcruntime:undname.obj
 0002:00000984       ??_C@_01KMDKNFGN@?1?$AA@   0000000180014984     libvcruntime:undname.obj
 0002:00000988       ??_C@_01FGNFDNOH@?$CF?$AA@ 0000000180014988     libvcruntime:undname.obj
 0002:0000098c       ??_C@_01MNNFJEPP@?$DM?$AA@ 000000018001498c     libvcruntime:undname.obj
 0002:00000990       ??_C@_02EHCHHCKH@?$DM?$DN?$AA@ 0000000180014990     libvcruntime:undname.obj
 0002:00000994       ??_C@_01PPODPGHN@?$DO?$AA@ 0000000180014994     libvcruntime:undname.obj
 0002:00000998       ??_C@_02EEKDKGMJ@?$DO?$DN?$AA@ 0000000180014998     libvcruntime:undname.obj
 0002:0000099c       ??_C@_01IHBHIGKO@?0?$AA@   000000018001499c     libvcruntime:undname.obj
 0002:000009a0       ??_C@_02HCKGKOFO@?$CI?$CJ?$AA@ 00000001800149a0     libvcruntime:undname.obj
 0002:000009a4       ??_C@_01PJKLJHI@?$HO?$AA@  00000001800149a4     libvcruntime:undname.obj
 0002:000009a8       ??_C@_01JKBOJNNK@?$FO?$AA@ 00000001800149a8     libvcruntime:undname.obj
 0002:000009ac       ??_C@_01DNKMNLPK@?$HM?$AA@ 00000001800149ac     libvcruntime:undname.obj
 0002:000009b0       ??_C@_02PPKAJPJL@?$CG?$CG?$AA@ 00000001800149b0     libvcruntime:undname.obj
 0002:000009b4       ??_C@_02NONPIBCD@?$HM?$HM?$AA@ 00000001800149b4     libvcruntime:undname.obj
 0002:000009b8       ??_C@_02FPIMKNGF@?$CK?$DN?$AA@ 00000001800149b8     libvcruntime:undname.obj
 0002:000009bc       ??_C@_02FOEOMHFC@?$CL?$DN?$AA@ 00000001800149bc     libvcruntime:undname.obj
 0002:000009c0       ??_C@_02FKMDLLOA@?9?$DN?$AA@ 00000001800149c0     libvcruntime:undname.obj
 0002:000009c4       ??_C@_02FJEHGPIO@?1?$DN?$AA@ 00000001800149c4     libvcruntime:undname.obj
 0002:000009c8       ??_C@_02FENAOKFI@?$CF?$DN?$AA@ 00000001800149c8     libvcruntime:undname.obj
 0002:000009cc       ??_C@_03IKFCCPFF@?$DO?$DO?$DN?$AA@ 00000001800149cc     libvcruntime:undname.obj
 0002:000009d0       ??_C@_03CDNPDDLA@?$DM?$DM?$DN?$AA@ 00000001800149d0     libvcruntime:undname.obj
 0002:000009d4       ??_C@_02FGJGFEAB@?$CG?$DN?$AA@ 00000001800149d4     libvcruntime:undname.obj
 0002:000009d8       ??_C@_02DHLNPPGH@?$HM?$DN?$AA@ 00000001800149d8     libvcruntime:undname.obj
 0002:000009dc       ??_C@_02MHEGNOJ@?$FO?$DN?$AA@ 00000001800149dc     libvcruntime:undname.obj
 0002:000009e0       ??_C@_09IFPLHPGF@?$GAvftable?8?$AA@ 00000001800149e0     libvcruntime:undname.obj
 0002:000009f0       ??_C@_09BLBHBJP@?$GAvbtable?8?$AA@ 00000001800149f0     libvcruntime:undname.obj
 0002:00000a00       ??_C@_07FEEIOKP@?$GAvcall?8?$AA@ 0000000180014a00     libvcruntime:undname.obj
 0002:00000a08       ??_C@_08LLFFHHDJ@?$GAtypeof?8?$AA@ 0000000180014a08     libvcruntime:undname.obj
 0002:00000a18       ??_C@_0BF@KDPPACIK@?$GAlocal?5static?5guard?8?$AA@ 0000000180014a18     libvcruntime:undname.obj
 0002:00000a30       ??_C@_08OBABFOLI@?$GAstring?8?$AA@ 0000000180014a30     libvcruntime:undname.obj
 0002:00000a40       ??_C@_0BD@JDLKDPAB@?$GAvbase?5destructor?8?$AA@ 0000000180014a40     libvcruntime:undname.obj
 0002:00000a58       ??_C@_0BN@DEGPLNFK@?$GAvector?5deleting?5destructor?8?$AA@ 0000000180014a58     libvcruntime:undname.obj
 0002:00000a78       ??_C@_0BO@OBMKPJIG@?$GAdefault?5constructor?5closure?8?$AA@ 0000000180014a78     libvcruntime:undname.obj
 0002:00000a98       ??_C@_0BN@IMDCHIKM@?$GAscalar?5deleting?5destructor?8?$AA@ 0000000180014a98     libvcruntime:undname.obj
 0002:00000ab8       ??_C@_0BO@PFGOCPJJ@?$GAvector?5constructor?5iterator?8?$AA@ 0000000180014ab8     libvcruntime:undname.obj
 0002:00000ad8       ??_C@_0BN@LFPFMEDL@?$GAvector?5destructor?5iterator?8?$AA@ 0000000180014ad8     libvcruntime:undname.obj
 0002:00000af8       ??_C@_0CE@IKBNEHA@?$GAvector?5vbase?5constructor?5iterat@ 0000000180014af8     libvcruntime:undname.obj
 0002:00000b20       ??_C@_0BL@NILFHHPC@?$GAvirtual?5displacement?5map?8?$AA@ 0000000180014b20     libvcruntime:undname.obj
 0002:00000b40       ??_C@_0CB@JONCMFFK@?$GAeh?5vector?5constructor?5iterator?8@ 0000000180014b40     libvcruntime:undname.obj
 0002:00000b68       ??_C@_0CA@GCEOPDGL@?$GAeh?5vector?5destructor?5iterator?8?$AA@ 0000000180014b68     libvcruntime:undname.obj
 0002:00000b88       ??_C@_0CH@OOJPLCPH@?$GAeh?5vector?5vbase?5constructor?5ite@ 0000000180014b88     libvcruntime:undname.obj
 0002:00000bb0       ??_C@_0BL@LLKPOHJI@?$GAcopy?5constructor?5closure?8?$AA@ 0000000180014bb0     libvcruntime:undname.obj
 0002:00000bd0       ??_C@_0BA@KBCDOMBN@?$GAudt?5returning?8?$AA@ 0000000180014bd0     libvcruntime:undname.obj
 0002:00000be0       ??_C@_03KLGMFNMG@?$GAEH?$AA@ 0000000180014be0     libvcruntime:undname.obj
 0002:00000be4       ??_C@_05KHLCHHI@?$GARTTI?$AA@ 0000000180014be4     libvcruntime:undname.obj
 0002:00000bf0       ??_C@_0BA@KKLDJDLB@?$GAlocal?5vftable?8?$AA@ 0000000180014bf0     libvcruntime:undname.obj
 0002:00000c00       ??_C@_0CE@IIHCMGGL@?$GAlocal?5vftable?5constructor?5closu@ 0000000180014c00     libvcruntime:undname.obj
 0002:00000c24       ??_C@_06FHBGPFGH@?5new?$FL?$FN?$AA@ 0000000180014c24     libvcruntime:undname.obj
 0002:00000c30       ??_C@_09LBNFPBCA@?5delete?$FL?$FN?$AA@ 0000000180014c30     libvcruntime:undname.obj
 0002:00000c40       ??_C@_0P@HJKNJFNN@?$GAomni?5callsig?8?$AA@ 0000000180014c40     libvcruntime:undname.obj
 0002:00000c50       ??_C@_0BL@CNOONJFP@?$GAplacement?5delete?5closure?8?$AA@ 0000000180014c50     libvcruntime:undname.obj
 0002:00000c70       ??_C@_0BN@CKNJLHMB@?$GAplacement?5delete?$FL?$FN?5closure?8?$AA@ 0000000180014c70     libvcruntime:undname.obj
 0002:00000c90       ??_C@_0CG@CFDHKGGD@?$GAmanaged?5vector?5constructor?5iter@ 0000000180014c90     libvcruntime:undname.obj
 0002:00000cb8       ??_C@_0CF@IMGKMJNO@?$GAmanaged?5vector?5destructor?5itera@ 0000000180014cb8     libvcruntime:undname.obj
 0002:00000ce0       ??_C@_0CG@HLDDJMAG@?$GAeh?5vector?5copy?5constructor?5iter@ 0000000180014ce0     libvcruntime:undname.obj
 0002:00000d08       ??_C@_0CM@FCBBDIGB@?$GAeh?5vector?5vbase?5copy?5constructo@ 0000000180014d08     libvcruntime:undname.obj
 0002:00000d38       ??_C@_0BL@CLIPGLGB@?$GAdynamic?5initializer?5for?5?8?$AA@ 0000000180014d38     libvcruntime:undname.obj
 0002:00000d58       ??_C@_0CB@PDBIFEP@?$GAdynamic?5atexit?5destructor?5for?5?8@ 0000000180014d58     libvcruntime:undname.obj
 0002:00000d80       ??_C@_0CD@CGAJBKEJ@?$GAvector?5copy?5constructor?5iterato@ 0000000180014d80     libvcruntime:undname.obj
 0002:00000da8       ??_C@_0CJ@GJELGAMM@?$GAvector?5vbase?5copy?5constructor?5i@ 0000000180014da8     libvcruntime:undname.obj
 0002:00000dd8       ??_C@_0CL@FGIJHLCE@?$GAmanaged?5vector?5copy?5constructor@ 0000000180014dd8     libvcruntime:undname.obj
 0002:00000e08       ??_C@_0BM@PMGGMLDN@?$GAlocal?5static?5thread?5guard?8?$AA@ 0000000180014e08     libvcruntime:undname.obj
 0002:00000e28       ??_C@_0N@BDNMDMOL@operator?5?$CC?$CC?5?$AA@ 0000000180014e28     libvcruntime:undname.obj
 0002:00000e38       ??_C@_0BC@DAFEJGAK@?5Type?5Descriptor?8?$AA@ 0000000180014e38     libvcruntime:undname.obj
 0002:00000e50       ??_C@_0BM@LDKODKLH@?5Base?5Class?5Descriptor?5at?5?$CI?$AA@ 0000000180014e50     libvcruntime:undname.obj
 0002:00000e70       ??_C@_0BD@LGICGFMM@?5Base?5Class?5Array?8?$AA@ 0000000180014e70     libvcruntime:undname.obj
 0002:00000e88       ??_C@_0BN@MECKDCOJ@?5Class?5Hierarchy?5Descriptor?8?$AA@ 0000000180014e88     libvcruntime:undname.obj
 0002:00000ea8       ??_C@_0BK@CFCOFLF@?5Complete?5Object?5Locator?8?$AA@ 0000000180014ea8     libvcruntime:undname.obj
 0002:00000ed0       ??_C@_1EK@MBDPDCGA@?$AAM?$AAi?$AAc?$AAr?$AAo?$AAs?$AAo?$AAf?$AAt?$AA?5?$AAV?$AAi?$AAs?$AAu?$AAa?$AAl?$AA?5?$AAC?$AA?$CL?$AA?$CL?$AA?5?$AAR?$AAu?$AAn?$AAt?$AAi?$AAm?$AAe?$AA?5?$AAL?$AAi?$AAb@ 0000000180014ed0     libucrt:assert.obj
 0002:00000f20       ??_C@_1FE@LHBLIKM@?$AAA?$AAs?$AAs?$AAe?$AAr?$AAt?$AAi?$AAo?$AAn?$AA?5?$AAf?$AAa?$AAi?$AAl?$AAe?$AAd?$AA?3?$AA?5?$AA?$CF?$AAT?$AAs?$AA?0?$AA?5?$AAf?$AAi?$AAl?$AAe?$AA?5?$AA?$CF?$AAT?$AAs?$AA?0@ 0000000180014f20     libucrt:assert.obj
 0002:00000f78       ??_C@_1CE@OJBNHDMO@?$AAA?$AAs?$AAs?$AAe?$AAr?$AAt?$AAi?$AAo?$AAn?$AA?5?$AAf?$AAa?$AAi?$AAl?$AAe?$AAd?$AA?$CB?$AA?$AA@ 0000000180014f78     libucrt:assert.obj
 0002:00000fa0       ??_C@_1BE@PHKBBGE@?$AAP?$AAr?$AAo?$AAg?$AAr?$AAa?$AAm?$AA?3?$AA?5?$AA?$AA@ 0000000180014fa0     libucrt:assert.obj
 0002:00000fb8       ??_C@_1O@HEMHKNDC@?$AAF?$AAi?$AAl?$AAe?$AA?3?$AA?5?$AA?$AA@ 0000000180014fb8     libucrt:assert.obj
 0002:00000fc8       ??_C@_1O@KCAFKHJE@?$AAL?$AAi?$AAn?$AAe?$AA?3?$AA?5?$AA?$AA@ 0000000180014fc8     libucrt:assert.obj
 0002:00000fd8       ??_C@_1BK@PEDCIPMA@?$AAE?$AAx?$AAp?$AAr?$AAe?$AAs?$AAs?$AAi?$AAo?$AAn?$AA?3?$AA?5?$AA?$AA@ 0000000180014fd8     libucrt:assert.obj
 0002:00001000       ??_C@_1OA@EGMLFBHJ@?$AAF?$AAo?$AAr?$AA?5?$AAi?$AAn?$AAf?$AAo?$AAr?$AAm?$AAa?$AAt?$AAi?$AAo?$AAn?$AA?5?$AAo?$AAn?$AA?5?$AAh?$AAo?$AAw?$AA?5?$AAy?$AAo?$AAu?$AAr?$AA?5?$AAp?$AAr?$AAo?$AAg@ 0000000180015000     libucrt:assert.obj
 0002:000010e0       ??_C@_1HK@POCJMFGK@?$AA?$CI?$AAP?$AAr?$AAe?$AAs?$AAs?$AA?5?$AAR?$AAe?$AAt?$AAr?$AAy?$AA?5?$AAt?$AAo?$AA?5?$AAd?$AAe?$AAb?$AAu?$AAg?$AA?5?$AAt?$AAh?$AAe?$AA?5?$AAa?$AAp?$AAp?$AAl?$AAi?$AAc@ 00000001800150e0     libucrt:assert.obj
 0002:00001160       ??_C@_17LGKOMLJ@?$AA?4?$AA?4?$AA?4?$AA?$AA@ 0000000180015160     libucrt:assert.obj
 0002:00001168       ??_C@_13LBAGMAIH@?$AA?6?$AA?$AA@ 0000000180015168     libucrt:assert.obj
 0002:0000116c       ??_C@_15IABLJNFO@?$AA?6?$AA?6?$AA?$AA@ 000000018001516c     libucrt:assert.obj
 0002:00001178       ??_C@_1CO@EAEJAADC@?$AA?$DM?$AAp?$AAr?$AAo?$AAg?$AAr?$AAa?$AAm?$AA?5?$AAn?$AAa?$AAm?$AAe?$AA?5?$AAu?$AAn?$AAk?$AAn?$AAo?$AAw?$AAn?$AA?$DO?$AA?$AA@ 0000000180015178     libucrt:assert.obj
 0002:000011b0       __acrt_exception_action_table 00000001800151b0     libucrt:exception_filter.obj
 0002:00001270       __acrt_signal_action_table_count 0000000180015270     libucrt:exception_filter.obj
 0002:00001278       __acrt_signal_action_first_fpe_index 0000000180015278     libucrt:exception_filter.obj
 0002:00001280       __acrt_signal_action_fpe_count 0000000180015280     libucrt:exception_filter.obj
 0002:00001288       ??_C@_1BI@BGOHAHKC@?$AAm?$AAs?$AAc?$AAo?$AAr?$AAe?$AAe?$AA?4?$AAd?$AAl?$AAl?$AA?$AA@ 0000000180015288     libucrt:exit.obj
 0002:000012a0       ??_C@_0P@MIGLKIOC@CorExitProcess?$AA@ 00000001800152a0     libucrt:exit.obj
 0002:000013a0       standard_lookup_table      00000001800153a0     libucrt:output.obj
 0002:000013fc       ??_C@_06OJHGLDPL@?$CInull?$CJ?$AA@ 00000001800153fc     libucrt:output.obj
 0002:00001408       ??_C@_1O@CEDCILHN@?$AA?$CI?$AAn?$AAu?$AAl?$AAl?$AA?$CJ?$AA?$AA@ 0000000180015408     libucrt:output.obj
 0002:00001590       __lc_time_c                0000000180015590     libucrt:nlsdata.obj
 0002:00001850       ??_C@_03KOEHGMDN@Sun?$AA@  0000000180015850     libucrt:nlsdata.obj
 0002:00001854       ??_C@_03PDAGKDH@Mon?$AA@   0000000180015854     libucrt:nlsdata.obj
 0002:00001858       ??_C@_03NAGEINEP@Tue?$AA@  0000000180015858     libucrt:nlsdata.obj
 0002:0000185c       ??_C@_03MHOMLAJA@Wed?$AA@  000000018001585c     libucrt:nlsdata.obj
 0002:00001860       ??_C@_03IOFIKPDN@Thu?$AA@  0000000180015860     libucrt:nlsdata.obj
 0002:00001864       ??_C@_03IDIOELNC@Fri?$AA@  0000000180015864     libucrt:nlsdata.obj
[...]
 0004:00000c90       $pdata$__pctype_func       0000000180021c90     libucrt:ctype.obj
 0004:00000c9c       $pdata$iswctype            0000000180021c9c     libucrt:iswctype.obj
 0004:00000ca8       $pdata$_isctype_l          0000000180021ca8     libucrt:isctype.obj
 0004:00000cb4       $pdata$_fcloseall          0000000180021cb4     libucrt:closeall.obj
 0004:00000cc0       $pdata$__acrt_stdio_free_buffer_nolock 0000000180021cc0     libucrt:_freebuf.obj
 0004:00000ccc       $pdata$??$?RV<lambda_b521505b218e5242e90febf6bfebc422>@@AEAV<lambda_6978c1fb23f02e42e1d9e99668cc68aa>@@V<lambda_314360699dd331753a4119843814e9a7>@@@?$__crt_seh_guarded_call@H@@QEAAH$$QEAV<lambda_b521505b218e5242e90febf6bfebc422>@@AEAV<lambda_6978c1fb23f02e42e1d9e99668cc68aa>@@$$QEAV<lambda_314360699dd331753a4119843814e9a7>@@@Z 0000000180021ccc     libucrt:commit.obj
 0004:00000cd8       $pdata$_commit             0000000180021cd8     libucrt:commit.obj
 0004:00000ce4       $pdata$?write_double_translated_ansi_nolock@@YA?AUwrite_result@?A0x9c548279@@HQEBDI@Z 0000000180021ce4     libucrt:write.obj
 0004:00000cf0       $pdata$?write_text_ansi_nolock@@YA?AUwrite_result@?A0x9c548279@@HQEBDI@Z 0000000180021cf0     libucrt:write.obj
 0004:00000cfc       $pdata$?write_text_utf16le_nolock@@YA?AUwrite_result@?A0x9c548279@@HQEBDI@Z 0000000180021cfc     libucrt:write.obj
 0004:00000d08       $pdata$?write_text_utf8_nolock@@YA?AUwrite_result@?A0x9c548279@@HQEBDI@Z 0000000180021d08     libucrt:write.obj
 0004:00000d14       $pdata$_write              0000000180021d14     libucrt:write.obj
 0004:00000d20       $pdata$_write_nolock       0000000180021d20     libucrt:write.obj
 0004:00000d2c       $pdata$_isleadbyte_l       0000000180021d2c     libucrt:_wctype.obj
 0004:00000d38       $pdata$?__acrt_LCMapStringA_stat@@YAHPEAU__crt_locale_pointers@@PEB_WKPEBDHPEADHHH@Z 0000000180021d38     libucrt:lcmapstringa.obj
 0004:00000d44       $pdata$__acrt_LCMapStringA 0000000180021d44     libucrt:lcmapstringa.obj
 0004:00000d50       $pdata$__acrt_free_locale  0000000180021d50     libucrt:locale_refcounting.obj
 0004:00000d5c       $pdata$__acrt_locale_free_lc_time_if_unreferenced 0000000180021d5c     libucrt:locale_refcounting.obj
 0004:00000d68       $pdata$__acrt_release_locale_ref 0000000180021d68     libucrt:locale_refcounting.obj
 0004:00000d74       $pdata$__acrt_update_thread_locale_data 0000000180021d74     libucrt:locale_refcounting.obj
 0004:00000d80       $pdata$_updatetlocinfoEx_nolock 0000000180021d80     libucrt:locale_refcounting.obj
 0004:00000d8c       $pdata$__acrt_locale_free_monetary 0000000180021d8c     libucrt:initmon.obj
 0004:00000d98       $pdata$__acrt_locale_free_numeric 0000000180021d98     libucrt:initnum.obj
 0004:00000da4       $pdata$?free_crt_array_internal@@YAXQEAPEBX_K@Z 0000000180021da4     libucrt:inittime.obj
 0004:00000db0       $pdata$__acrt_locale_free_time 0000000180021db0     libucrt:inittime.obj
 0004:00000dbc       $pdata$__acrt_GetStringTypeA 0000000180021dbc     libucrt:getstringtypea.obj
 0004:00000dc8       $pdata$?GetTableIndexFromLocaleName@@YAHPEB_W@Z 0000000180021dc8     libucrt:lcidtoname_downlevel.obj
 0004:00000dd4       $pdata$__acrt_DownlevelLocaleNameToLCID 0000000180021dd4     libucrt:lcidtoname_downlevel.obj
 0004:00000de0       $pdata$?shortsort@@YAXPEAD0_KP6AHPEBX2@Z@Z 0000000180021de0     libucrt:qsort.obj
 0004:00000dec       $pdata$2$?shortsort@@YAXPEAD0_KP6AHPEBX2@Z@Z 0000000180021dec     libucrt:qsort.obj
 0004:00000df8       $pdata$3$?shortsort@@YAXPEAD0_KP6AHPEBX2@Z@Z 0000000180021df8     libucrt:qsort.obj
 0004:00000e04       $pdata$qsort               0000000180021e04     libucrt:qsort.obj
 0004:00000e10       $pdata$4$qsort             0000000180021e10     libucrt:qsort.obj
 0004:00000e1c       $pdata$5$qsort             0000000180021e1c     libucrt:qsort.obj
 0004:00000e28       $pdata$strncpy_s           0000000180021e28     libucrt:strncpy_s.obj
 0004:00000e34       $pdata$strpbrk             0000000180021e34     libucrt:strpbrk.obj
 0004:00000e40       $pdata$_mbsdec_l           0000000180021e40     libucrt:mbsdec.obj
 0004:00000e4c       $pdata$?initialize_multibyte@@YAHXZ 0000000180021e4c     libucrt:multibyte_initializer.obj
 0004:00000e58       $pdata$_msize              0000000180021e58     libucrt:msize.obj
 0004:00000e64       $pdata$_realloc_base       0000000180021e64     libucrt:realloc_base.obj
 0004:00000e70       $pdata$__acrt_lowio_create_handle_array 0000000180021e70     libucrt:osfinfo.obj
 0004:00000e7c       $pdata$__acrt_lowio_destroy_handle_array 0000000180021e7c     libucrt:osfinfo.obj
 0004:00000e88       $pdata$__acrt_lowio_ensure_fh_exists 0000000180021e88     libucrt:osfinfo.obj
 0004:00000e94       $pdata$_free_osfhnd        0000000180021e94     libucrt:osfinfo.obj
 0004:00000ea0       $pdata$_get_osfhandle      0000000180021ea0     libucrt:osfinfo.obj
 0004:00000eac       $pdata$_isatty             0000000180021eac     libucrt:isatty.obj
 0004:00000eb8       $pdata$__acrt_fp_strflt_to_string 0000000180021eb8     libucrt:_fptostr.obj
 0004:00000ec4       $pdata$?divide@__crt_strtox@@YA_KAEAUbig_integer@1@AEBU21@@Z 0000000180021ec4     libucrt:cfout.obj
 0004:00000ed0       $pdata$5$?divide@__crt_strtox@@YA_KAEAUbig_integer@1@AEBU21@@Z 0000000180021ed0     libucrt:cfout.obj
 0004:00000edc       $pdata$6$?divide@__crt_strtox@@YA_KAEAUbig_integer@1@AEBU21@@Z 0000000180021edc     libucrt:cfout.obj
 0004:00000ee8       $pdata$__acrt_fltout       0000000180021ee8     libucrt:cfout.obj
 0004:00000ef4       $pdata$memcpy_s            0000000180021ef4     libucrt:cfout.obj
 0004:00000f00       $pdata$??$write_buffer_nolock@D@@YA_NDV__crt_stdio_stream@@@Z 0000000180021f00     libucrt:_flsbuf.obj
 0004:00000f0c       $pdata$??$write_buffer_nolock@_W@@YA_N_WV__crt_stdio_stream@@@Z 0000000180021f0c     libucrt:_flsbuf.obj
 0004:00000f18       $pdata$__acrt_stdio_flush_and_write_narrow_nolock 0000000180021f18     libucrt:_flsbuf.obj
 0004:00000f24       $pdata$__acrt_stdio_flush_and_write_wide_nolock 0000000180021f24     libucrt:_flsbuf.obj
 0004:00000f30       $pdata$_fclose_nolock      0000000180021f30     libucrt:fclose.obj
 0004:00000f3c       $pdata$fclose              0000000180021f3c     libucrt:fclose.obj
 0004:00000f48       $pdata$??$common_lseek@_J@@YA_JH_JH@Z 0000000180021f48     libucrt:lseek.obj
 0004:00000f54       $pdata$??$common_lseek_nolock@_J@@YA_JH_JH@Z 0000000180021f54     libucrt:lseek.obj
 0004:00000f60       $pdata$_putwch_nolock      0000000180021f60     libucrt:putwch.obj
 0004:00000f6c       $pdata$fegetenv            0000000180021f6c     libucrt:fegetenv.obj
 0004:00000f78       $pdata$fesetenv            0000000180021f78     libucrt:fesetenv.obj
 0004:00000f84       $pdata$feholdexcept        0000000180021f84     libucrt:feholdexcept.obj
 0004:00000f9c       $pdata$__acrt_stdio_allocate_buffer_nolock 0000000180021f9c     libucrt:_getbuf.obj
 0004:00000fa8       $pdata$??$?RV<lambda_bfedae4ebbf01fab1bb6dcc6a9e276e0>@@AEAV<lambda_2fe9b910cf3cbf4a0ab98a02ba45b3ec>@@V<lambda_237c231691f317818eb88cc1d5d642d6>@@@?$__crt_seh_guarded_call@H@@QEAAH$$QEAV<lambda_bfedae4ebbf01fab1bb6dcc6a9e276e0>@@AEAV<lambda_2fe9b910cf3cbf4a0ab98a02ba45b3ec>@@$$QEAV<lambda_237c231691f317818eb88cc1d5d642d6>@@@Z 0000000180021fa8     libucrt:close.obj
 0004:00000fb4       $pdata$_close              0000000180021fb4     libucrt:close.obj
 0004:00000fc0       $pdata$_close_nolock       0000000180021fc0     libucrt:close.obj
 0004:00000fcc       $pdata$__dcrt_lowio_initialize_console_output 0000000180021fcc     libucrt:initcon.obj
 0004:00000fd8       $pdata$__dcrt_terminate_console_output 0000000180021fd8     libucrt:initcon.obj
 0004:00000fe4       $pdata$_getfpcontrolword   0000000180021fe4     libucrt:_fenvutils.obj
 0004:00000ff0       $pdata$_getfpstatusword    0000000180021ff0     libucrt:_fenvutils.obj
 0004:00000ffc       $pdata$_setfpstatusword    0000000180021ffc     libucrt:_fenvutils.obj
 0004:00001008       $pdata$_clearfp            0000000180022008     libucrt:ieee.obj
 0004:00001014       $pdata$common_control87    0000000180022014     libucrt:ieee.obj
 0004:00001020       $pdata$_call_matherr       0000000180022020     libucrt:libm_error.obj
 0004:0000102c       $pdata$_exception_enabled  000000018002202c     libucrt:libm_error.obj
 0004:00001038       $pdata$_handle_error       0000000180022038     libucrt:libm_error.obj
 0004:00001044       $pdata$__acrt_initialize_fma3 0000000180022044     libucrt:fma3_available.obj
 0004:00001050       $pdata$_log10_special      0000000180022050     libucrt:log_special.obj
 0004:0000105c       $pdata$_log_special_common 000000018002205c     libucrt:log_special.obj
 0004:00001074       $pdata$_raise_exc          0000000180022074     libucrt:fpexcept.obj
 0004:00001080       $pdata$_raise_exc_ex       0000000180022080     libucrt:fpexcept.obj
 0004:0000108c       $pdata$_set_errno_from_matherr 000000018002208c     libucrt:fpexcept.obj
 0004:00001098       $pdata$_clrfp              0000000180022098     libucrt:fpctrl.obj
 0004:000010a4       $pdata$_ctrlfp             00000001800220a4     libucrt:fpctrl.obj
 0004:000010b0       $pdata$_set_statfp         00000001800220b0     libucrt:fpctrl.obj
 0004:000010bc       $pdata$_statfp             00000001800220bc     libucrt:fpctrl.obj
 0004:000010c8       $pdata$?DloadAcquireSectionWriteAccess@@YAXXZ 00000001800220c8     DelayImp:delayhlp.obj
 0004:000010d4       $pdata$?DloadGetSRWLockFunctionPointers@@YAEXZ 00000001800220d4     DelayImp:delayhlp.obj
 0004:000010e0       $pdata$?DloadMakePermanentImageCommit@@YAXPEAX_K@Z 00000001800220e0     DelayImp:delayhlp.obj
 0004:000010ec       $pdata$?DloadObtainSection@@YAPEAXPEAK0@Z 00000001800220ec     DelayImp:delayhlp.obj
 0004:000010f8       $pdata$?DloadProtectSection@@YAXKPEAK@Z 00000001800220f8     DelayImp:delayhlp.obj
 0004:00001104       $pdata$?DloadReleaseSectionWriteAccess@@YAXXZ 0000000180022104     DelayImp:delayhlp.obj
 0004:00001110       $pdata$__delayLoadHelper2  0000000180022110     DelayImp:delayhlp.obj
 0004:0000111c       $pdata$_IsNonwritableInCurrentImage 000000018002211c     LIBCMT:pesect.obj
 0004:00001128       $pdata$__GSHandlerCheck    0000000180022128     LIBCMT:_gshandler_.obj
 0004:00001134       $pdata$__GSHandlerCheckCommon 0000000180022134     LIBCMT:_gshandler_.obj
 0004:00001164       $pdata$strrchr             0000000180022164     libvcruntime:strrchr.obj
 0004:0000117c       $pdata$__scrt_is_nonwritable_in_current_image$filt$0 000000018002217c     LIBCMT:utility.obj
 0004:00001188       $pdata$?fin$0@?0??dllmain_crt_process_attach@@YAHQEAUHINSTANCE__@@QEAX@Z@4HA 0000000180022188     LIBCMT:dll_dllmain.obj
 0004:00001194       $pdata$?fin$0@?0??dllmain_crt_process_detach@@YAH_N@Z@4HA 0000000180022194     LIBCMT:dll_dllmain.obj
 0004:000011a0       $pdata$?filt$0@?0??dllmain_dispatch@@YAHQEAUHINSTANCE__@@KQEAX@Z@4HA 00000001800221a0     LIBCMT:dll_dllmain.obj
 0004:000011ac       $pdata$_query_new_handler$fin$0 00000001800221ac     libucrt:new_handler.obj
 0004:000011b8       $pdata$?filt$0@?0??common_exit@@YAXHW4_crt_exit_cleanup_mode@@W4_crt_exit_return_mode@@@Z@4HA 00000001800221b8     libucrt:exit.obj
 0004:000011c4       $pdata$?fin$1@?0??common_exit@@YAXHW4_crt_exit_cleanup_mode@@W4_crt_exit_return_mode@@@Z@4HA 00000001800221c4     libucrt:exit.obj
 0004:000011d0       $pdata$?fin$0@?0???$?RV<lambda_e24bbb7b643b32fcea6fa61b31d4c984>@@AEAV<lambda_275893d493268fdec8709772e3fcec0e>@@V<lambda_9d71df4d7cf3f480f8d633942495c3b0>@@@?$__crt_seh_guarded_call@H@@QEAAH$$QEAV<lambda_e24bbb7b643b32fcea6fa61b31d4c984>@@AEAV<lambda_275893d493268fdec8709772e3fcec0e>@@$$QEAV<lambda_9d71df4d7cf3f480f8d633942495c3b0>@@@Z@4HA 00000001800221d0     libucrt:onexit.obj
 0004:000011dc       $pdata$?fin$0@?0???$?RV<lambda_7b91131dde12e1c3dfc74ff76b3f2eac>@@AEAV<lambda_dd75445284c072d0bd3768540cc698fa>@@V<lambda_16bc4ecb55b4718497c16bceaea2ceaf>@@@?$__crt_seh_guarded_call@H@@QEAAH$$QEAV<lambda_7b91131dde12e1c3dfc74ff76b3f2eac>@@AEAV<lambda_dd75445284c072d0bd3768540cc698fa>@@$$QEAV<lambda_16bc4ecb55b4718497c16bceaea2ceaf>@@@Z@4HA 00000001800221dc     libucrt:output.obj
 0004:000011dc       $pdata$?fin$0@?0???$?RV<lambda_7a5ef57ff966f610505f1d28a3d40618>@@AEAV<lambda_b721fa326cdb32351d23dfa67958c160>@@V<lambda_5e0fb27672408a07956fe59e48ccb2aa>@@@?$__crt_seh_guarded_call@H@@QEAAH$$QEAV<lambda_7a5ef57ff966f610505f1d28a3d40618>@@AEAV<lambda_b721fa326cdb32351d23dfa67958c160>@@$$QEAV<lambda_5e0fb27672408a07956fe59e48ccb2aa>@@@Z@4HA 00000001800221dc     libucrt:setvbuf.obj
 0004:000011e8       $pdata$common_flush_all$fin$0 00000001800221e8     libucrt:fflush.obj
 0004:000011f4       $pdata$common_flush_all$fin$1 00000001800221f4     libucrt:fflush.obj
 0004:00001200       $pdata$raise$fin$0         0000000180022200     libucrt:signal.obj
 0004:0000120c       $pdata$?fin$0@?0???$?RV<lambda_5e887d1dcbef67a5eb4283622ba103bf>@@AEAV<lambda_4466841279450cc726390878d4a41900>@@V<lambda_341c25c0346d94847f1f3c463c57e077>@@@?$__crt_seh_guarded_call@X@@QEAAX$$QEAV<lambda_5e887d1dcbef67a5eb4283622ba103bf>@@AEAV<lambda_4466841279450cc726390878d4a41900>@@$$QEAV<lambda_341c25c0346d94847f1f3c463c57e077>@@@Z@4HA 000000018002220c     libucrt:per_thread_data.obj
 0004:0000120c       $pdata$?fin$0@?0???$?RV<lambda_46352004c1216016012b18bd6f87e700>@@AEAV<lambda_3bd07e1a1191394380780325891bf33f>@@V<lambda_334532d3f185bcaa59b5be82d7d22bff>@@@?$__crt_seh_guarded_call@X@@QEAAX$$QEAV<lambda_46352004c1216016012b18bd6f87e700>@@AEAV<lambda_3bd07e1a1191394380780325891bf33f>@@$$QEAV<lambda_334532d3f185bcaa59b5be82d7d22bff>@@@Z@4HA 000000018002220c     libucrt:per_thread_data.obj
 0004:0000120c       $pdata$?fin$0@?0???$?RV<lambda_b8c45f8f788dd370798f47cfe8ac3a86>@@AEAV<lambda_4e60a939b0d047cfe11ddc22648dfba9>@@V<lambda_332c3edc96d0294ec56c57d38c1cdfd5>@@@?$__crt_seh_guarded_call@H@@QEAAH$$QEAV<lambda_b8c45f8f788dd370798f47cfe8ac3a86>@@AEAV<lambda_4e60a939b0d047cfe11ddc22648dfba9>@@$$QEAV<lambda_332c3edc96d0294ec56c57d38c1cdfd5>@@@Z@4HA 000000018002220c     libucrt:onexit.obj
 0004:0000120c       $pdata$?fin$0@?0???$?RV<lambda_72d1df2b273a38828b1ce30cbf4cdab5>@@AEAV<lambda_876a65b173b8412d3a47c70a915b0cf4>@@V<lambda_41932305e351933ebe8f8be3ed8bb5dc>@@@?$__crt_seh_guarded_call@X@@QEAAX$$QEAV<lambda_72d1df2b273a38828b1ce30cbf4cdab5>@@AEAV<lambda_876a65b173b8412d3a47c70a915b0cf4>@@$$QEAV<lambda_41932305e351933ebe8f8be3ed8bb5dc>@@@Z@4HA 000000018002220c     libucrt:per_thread_data.obj
 0004:0000120c       $pdata$?fin$0@?0???$?RV<lambda_99476a1ad63dd22509b5d3e65b0ffc95>@@AEAV<lambda_ad1ced32f4ac17aa236e5ef05d6b3b7c>@@V<lambda_f7424dd8d45958661754dc4f2697e9c3>@@@?$__crt_seh_guarded_call@X@@QEAAX$$QEAV<lambda_99476a1ad63dd22509b5d3e65b0ffc95>@@AEAV<lambda_ad1ced32f4ac17aa236e5ef05d6b3b7c>@@$$QEAV<lambda_f7424dd8d45958661754dc4f2697e9c3>@@@Z@4HA 000000018002220c     libucrt:mbctype.obj
 0004:0000120c       $pdata$?fin$0@?0???$?RV<lambda_c36588078e9f5dfd39652860aa6b3aaf>@@AEAV<lambda_ec61778202f4f5fc7e7711acc23c3bca>@@V<lambda_dc9d2797ccde5d239b4a0efae8ebd7db>@@@?$__crt_seh_guarded_call@P6AXH@Z@@QEAAP6AXH@Z$$QEAV<lambda_c36588078e9f5dfd39652860aa6b3aaf>@@AEAV<lambda_ec61778202f4f5fc7e7711acc23c3bca>@@$$QEAV<lambda_dc9d2797ccde5d239b4a0efae8ebd7db>@@@Z@4HA 000000018002220c     libucrt:signal.obj
 0004:0000120c       $pdata$?fin$0@?0???$?RV<lambda_fb3a7dec4e47f37f22dae91bb15c9095>@@AEAV<lambda_698284760c8add0bfb0756c19673e34b>@@V<lambda_dfb8eca1e75fef3034a8fb18dd509707>@@@?$__crt_seh_guarded_call@X@@QEAAX$$QEAV<lambda_fb3a7dec4e47f37f22dae91bb15c9095>@@AEAV<lambda_698284760c8add0bfb0756c19673e34b>@@$$QEAV<lambda_dfb8eca1e75fef3034a8fb18dd509707>@@@Z@4HA 000000018002220c     libucrt:per_thread_data.obj
 0004:00001218       $pdata$__acrt_update_thread_locale_data$fin$0 0000000180022218     libucrt:locale_refcounting.obj
 0004:00001218       $pdata$__acrt_uninitialize_locale$fin$0 0000000180022218     libucrt:wsetlocale.obj
 0004:00001224       $pdata$__acrt_update_thread_multibyte_data$fin$0 0000000180022224     libucrt:mbctype.obj
 0004:00001230       $pdata$__acrt_initialize_lowio$fin$0 0000000180022230     libucrt:ioinit.obj
 0004:00001230       $pdata$__acrt_lowio_ensure_fh_exists$fin$0 0000000180022230     libucrt:osfinfo.obj
 0004:0000123c       $pdata$_fcloseall$fin$0    000000018002223c     libucrt:closeall.obj
 0004:00001248       $pdata$?fin$0@?0???$?RV<lambda_b521505b218e5242e90febf6bfebc422>@@AEAV<lambda_6978c1fb23f02e42e1d9e99668cc68aa>@@V<lambda_314360699dd331753a4119843814e9a7>@@@?$__crt_seh_guarded_call@H@@QEAAH$$QEAV<lambda_b521505b218e5242e90febf6bfebc422>@@AEAV<lambda_6978c1fb23f02e42e1d9e99668cc68aa>@@$$QEAV<lambda_314360699dd331753a4119843814e9a7>@@@Z@4HA 0000000180022248     libucrt:commit.obj
 0004:00001248       $pdata$?fin$0@?0???$?RV<lambda_bfedae4ebbf01fab1bb6dcc6a9e276e0>@@AEAV<lambda_2fe9b910cf3cbf4a0ab98a02ba45b3ec>@@V<lambda_237c231691f317818eb88cc1d5d642d6>@@@?$__crt_seh_guarded_call@H@@QEAAH$$QEAV<lambda_bfedae4ebbf01fab1bb6dcc6a9e276e0>@@AEAV<lambda_2fe9b910cf3cbf4a0ab98a02ba45b3ec>@@$$QEAV<lambda_237c231691f317818eb88cc1d5d642d6>@@@Z@4HA 0000000180022248     libucrt:close.obj
 0004:00001254       $pdata$?fin$0@?0???$common_lseek@_J@@YA_JH_JH@Z@4HA 0000000180022254     libucrt:lseek.obj
 0004:00001254       $pdata$_write$fin$0        0000000180022254     libucrt:write.obj
 0004:00001260       $pdata$fflush$fin$0        0000000180022260     libucrt:fflush.obj
 0004:00001260       $pdata$fclose$fin$0        0000000180022260     libucrt:fclose.obj
 0004:0000126c       $pdata$_ctrlfp$filt$0      000000018002226c     libucrt:fpctrl.obj
 0004:0000126c       $pdata$common_control87$filt$0 000000018002226c     libucrt:ieee.obj
 0004:00001278       $pdata$_IsNonwritableInCurrentImage$filt$0 0000000180022278     LIBCMT:pesect.obj
 0005:00000000       __guard_fids__             0000000180023000     libucrt:initialization.obj
 0005:00000060       __guard_fids___acrt_show_wide_message_box 0000000180023060     libucrt:crtmbox.obj
 0005:00000064       __guard_fids___acrt_initialize_ptd 0000000180023064     libucrt:per_thread_data.obj
 0005:00000068       __guard_fids_??$expand_argument_wildcards@D@@YAHQEAD0AEAV?$argument_list@D@?A0xca0879c4@@@Z 0000000180023068     libucrt:argv_wildcards.obj
 0005:0000006c       __guard_fids__             000000018002306c     libucrt:stdio_initializer.obj
 0005:00000070       __guard_fids__             0000000180023070     libucrt:stdio_initializer.obj
 0005:00000074       __guard_fids__             0000000180023074     libucrt:locale_initializer.obj
 0005:00000078       __guard_fids__             0000000180023078     libucrt:multibyte_initializer.obj
 0005:0000007c       __guard_fids__             000000018002307c     libucrt:console_output_initializer.obj
 0005:00000080       __guard_fids__             0000000180023080     libucrt:fma3_initializer.obj
 0005:00000084       __guard_fids_?dllmain_crt_process_attach@@YAHQEAUHINSTANCE__@@QEAX@Z 0000000180023084     LIBCMT:dll_dllmain.obj
 0005:0000008c       __guard_fids_?dllmain_dispatch@@YAHQEAUHINSTANCE__@@KQEAX@Z 000000018002308c     LIBCMT:dll_dllmain.obj
 0005:00000090       __guard_fids__             0000000180023090     LIBCMT:throw_bad_alloc.obj
 0005:00000098       __guard_fids__             0000000180023098     LIBCMT:throw_bad_alloc.obj
 0005:000000a0       __guard_fids__             00000001800230a0     LIBCMT:throw_bad_alloc.obj
 0005:000000a8       __guard_fids__             00000001800230a8     LIBCMT:std_type_info_static.obj
 0005:000000ac       __guard_fids__             00000001800230ac     LIBCMT:guard_support.obj
 0005:000000b0       __guard_fids___vcrt_initialize_ptd 00000001800230b0     libvcruntime:per_thread_data.obj
 0006:00000060       $R000000                   0000000180024060     * linker generated manifest res *

 Exports

  ordinal    name

        1    _register_addon_
