 addon

 Timestamp is 57fbdcad (Mon Oct 10 20:23:41 2016)

 Preferred load address is 0000000180000000

 Start         Length     Name                   Class
 0001:00000000 0000b880H .text$mn                CODE
 0001:0000b880 00000020H .text$mn$00             CODE
 0001:0000b8a0 00000260H .text$x                 CODE
 0002:00000000 00000248H .idata$5                DATA
 0002:00000248 00000010H .00cfg                  DATA
 0002:00000258 00000008H .CRT$XCA                DATA
 0002:00000260 00000008H .CRT$XCU                DATA
 0002:00000268 00000008H .CRT$XCZ                DATA
 0002:00000270 00000008H .CRT$XIA                DATA
 0002:00000278 00000018H .CRT$XIC                DATA
 0002:00000290 00000008H .CRT$XIZ                DATA
 0002:00000298 00000008H .CRT$XPA                DATA
 0002:000002a0 00000010H .CRT$XPX                DATA
 0002:000002b0 00000008H .CRT$XPXA               DATA
 0002:000002b8 00000008H .CRT$XPZ                DATA
 0002:000002c0 00000008H .CRT$XTA                DATA
 0002:000002c8 00000008H .CRT$XTZ                DATA
 0002:000002d0 00007238H .rdata                  DATA
 0002:00007508 00000384H .rdata$r                DATA
 0002:0000788c 000003e4H .rdata$zzzdbg           DATA
 0002:00007c70 00000008H .rtc$IAA                DATA
 0002:00007c78 00000008H .rtc$IZZ                DATA
 0002:00007c80 00000008H .rtc$TAA                DATA
 0002:00007c88 00000008H .rtc$TZZ                DATA
 0002:00007c90 00000af0H .xdata                  DATA
 0002:00008780 000001e4H .xdata$x                DATA
 0002:00008964 00000020H .didat$2                DATA
 0002:00008984 00000024H .didat$3                DATA
 0002:000089a8 000000b0H .didat$4                DATA
 0002:00008a58 000004a0H .didat$6                DATA
 0002:00008ef8 000000b8H .didat$7                DATA
 0002:00008fb0 00000050H .edata                  DATA
 0002:00009000 00000014H .idata$2                DATA
 0002:00009014 00000014H .idata$3                DATA
 0002:00009028 00000248H .idata$4                DATA
 0002:00009270 0000054eH .idata$6                DATA
 0003:00000000 00000920H .data                   DATA
 0003:00000920 00000118H .data$r                 DATA
 0003:00000a38 000000b8H .didat$5                DATA
 0003:00000af0 000011f0H .bss                    DATA
 0004:00000000 00000e70H .pdata                  DATA
 0005:00000000 00000080H .gfids$x                DATA
 0005:00000080 00000048H .gfids$y                DATA
 0006:00000000 00000060H .rsrc$01                DATA
 0006:00000060 00000180H .rsrc$02                DATA

  Address         Publics by Value              Rva+Base               Lib:Object

 0000:00000000       __guard_iat_count          0000000000000000     <absolute>
 0000:00000000       __dynamic_value_reloc_table 0000000000000000     <absolute>
 0000:00000000       __guard_iat_table          0000000000000000     <absolute>
 0000:00000000       __guard_longjmp_table      0000000000000000     <absolute>
 0000:00000000       __guard_longjmp_count      0000000000000000     <absolute>
 0000:00000000       __guard_fids_count         0000000000000000     <absolute>
 0000:00000000       ___safe_se_handler_table   0000000000000000     <absolute>
 0000:00000000       ___safe_se_handler_count   0000000000000000     <absolute>
 0000:00000000       __guard_fids_table         0000000000000000     <absolute>
 0000:00000100       __guard_flags              0000000000000100     <absolute>
 0000:00000000       __ImageBase                0000000180000000     <linker-defined>
 0001:00000000       ?NODE_SET_METHOD@node@@YAXV?$Local@VObject@v8@@@v8@@PEBDP6AXAEBV?$FunctionCallbackInfo@VValue@v8@@@3@@Z@Z 0000000180001000 f i conversions.obj
 0001:000000d0       ?PassNumber@@YAXAEBV?$FunctionCallbackInfo@VValue@v8@@@v8@@@Z 00000001800010d0 f   conversions.obj
 0001:000001f0       ?PassInteger@@YAXAEBV?$FunctionCallbackInfo@VValue@v8@@@v8@@@Z 00000001800011f0 f   conversions.obj
 0001:00000260       ?PassBoolean@@YAXAEBV?$FunctionCallbackInfo@VValue@v8@@@v8@@@Z 0000000180001260 f   conversions.obj
 0001:000002d0       ?PassString@@YAXAEBV?$FunctionCallbackInfo@VValue@v8@@@v8@@@Z 00000001800012d0 f   conversions.obj
 0001:00000480       ?PassObject@@YAXAEBV?$FunctionCallbackInfo@VValue@v8@@@v8@@@Z 0000000180001480 f   conversions.obj
 0001:00000550       ?PassObjectFactory@@YAXAEBV?$FunctionCallbackInfo@VValue@v8@@@v8@@@Z 0000000180001550 f   conversions.obj
 0001:000007e0       ?init@@YAXV?$Local@VObject@v8@@@v8@@@Z 00000001800017e0 f   conversions.obj
 0001:00000890       ?assign@?$basic_string@DU?$char_traits@D@std@@V?$allocator@D@2@@std@@QEAAAEAV12@PEBD_K@Z 0000000180001890 f i conversions.obj
 0001:000009c0       ?assign@?$basic_string@DU?$char_traits@D@std@@V?$allocator@D@2@@std@@QEAAAEAV12@AEBV12@_K1@Z 00000001800019c0 f i conversions.obj
 0001:00000af0       ?erase@?$basic_string@DU?$char_traits@D@std@@V?$allocator@D@2@@std@@QEAAAEAV12@_K0@Z 0000000180001af0 f i conversions.obj
 0001:00000b90       ?_Copy@?$basic_string@DU?$char_traits@D@std@@V?$allocator@D@2@@std@@QEAAX_K0@Z 0000000180001b90 f i conversions.obj
 0001:00000d5c       __imp_load_?New@Integer@v8@@SA?AV?$Local@VInteger@v8@@@2@PEAVIsolate@2@H@Z 0000000180001d5c f   node:node.exe
 0001:00000d68       __tailMerge_node_exe       0000000180001d68 f i node:node.exe
 0001:00000de1       __imp_load_?GetCurrent@Isolate@v8@@SAPEAV12@XZ 0000000180001de1 f   node:node.exe
 0001:00000ded       __imp_load_??1HandleScope@v8@@QEAA@XZ 0000000180001ded f   node:node.exe
 0001:00000df9       __imp_load_??0HandleScope@v8@@QEAA@PEAVIsolate@1@@Z 0000000180001df9 f   node:node.exe
 0001:00000e05       __imp_load_?GetFunction@FunctionTemplate@v8@@QEAA?AV?$Local@VFunction@v8@@@2@XZ 0000000180001e05 f   node:node.exe
 0001:00000e11       __imp_load_?New@FunctionTemplate@v8@@SA?AV?$Local@VFunctionTemplate@v8@@@2@PEAVIsolate@2@P6AXAEBV?$FunctionCallbackInfo@VValue@v8@@@2@@ZV?$Local@VValue@v8@@@2@V?$Local@VSignature@v8@@@2@H@Z 0000000180001e11 f   node:node.exe
 0001:00000e1d       __imp_load_?Int32Value@Value@v8@@QEBAHXZ 0000000180001e1d f   node:node.exe
 0001:00000e29       __imp_load_?NumberValue@Value@v8@@QEBANXZ 0000000180001e29 f   node:node.exe
 0001:00000e35       __imp_load_?BooleanValue@Value@v8@@QEBA_NXZ 0000000180001e35 f   node:node.exe
 0001:00000e41       __imp_load_?IsNumber@Value@v8@@QEBA_NXZ 0000000180001e41 f   node:node.exe
 0001:00000e4d       __imp_load_??1Utf8Value@String@v8@@QEAA@XZ 0000000180001e4d f   node:node.exe
 0001:00000e59       __imp_load_??0Utf8Value@String@v8@@QEAA@V?$Local@VValue@v8@@@2@@Z 0000000180001e59 f   node:node.exe
 0001:00000e65       __imp_load_?NewFromUtf8@String@v8@@SA?AV?$Local@VString@v8@@@2@PEAVIsolate@2@PEBDW4NewStringType@12@H@Z 0000000180001e65 f   node:node.exe
 0001:00000e71       __imp_load_?New@Number@v8@@SA?AV?$Local@VNumber@v8@@@2@PEAVIsolate@2@N@Z 0000000180001e71 f   node:node.exe
 0001:00000e7d       __imp_load_?New@Object@v8@@SA?AV?$Local@VObject@v8@@@2@PEAVIsolate@2@@Z 0000000180001e7d f   node:node.exe
 0001:00000e89       __imp_load_?Get@Object@v8@@QEAA?AV?$Local@VValue@v8@@@2@V32@@Z 0000000180001e89 f   node:node.exe
 0001:00000e95       __imp_load_?Set@Object@v8@@QEAA_NV?$Local@VValue@v8@@@2@0@Z 0000000180001e95 f   node:node.exe
 0001:00000ea1       __imp_load_?SetName@Function@v8@@QEAAXV?$Local@VString@v8@@@2@@Z 0000000180001ea1 f   node:node.exe
 0001:00000ead       __imp_load_node_module_register 0000000180001ead f   node:node.exe
 0001:00000eb9       __imp_load_?ToObject@Value@v8@@QEBA?AV?$Local@VObject@v8@@@2@XZ 0000000180001eb9 f   node:node.exe
 0001:00000ec5       __imp_load_?ToNumber@Value@v8@@QEBA?AV?$Local@VNumber@v8@@@2@XZ 0000000180001ec5 f   node:node.exe
 0001:00000ed4       ??0bad_alloc@std@@QEAA@AEBV01@@Z 0000000180001ed4 f i libcpmt:xthrow.obj
 0001:00000f14       ??0bad_alloc@std@@QEAA@XZ  0000000180001f14 f i libcpmt:xthrow.obj
 0001:00000f34       ??0exception@std@@QEAA@AEBV01@@Z 0000000180001f34 f i libcpmt:xthrow.obj
 0001:00000f6c       ??0length_error@std@@QEAA@AEBV01@@Z 0000000180001f6c f i libcpmt:xthrow.obj
 0001:00000fac       ??0length_error@std@@QEAA@PEBD@Z 0000000180001fac f i libcpmt:xthrow.obj
 0001:00000ff8       ??0logic_error@std@@QEAA@AEBV01@@Z 0000000180001ff8 f i libcpmt:xthrow.obj
 0001:00001038       ??0out_of_range@std@@QEAA@AEBV01@@Z 0000000180002038 f i libcpmt:xthrow.obj
 0001:00001078       ??0out_of_range@std@@QEAA@PEBD@Z 0000000180002078 f i libcpmt:xthrow.obj
 0001:000010c4       ??1length_error@std@@UEAA@XZ 00000001800020c4 f i libcpmt:xthrow.obj
 0001:000010c4       ??1out_of_range@std@@UEAA@XZ 00000001800020c4 f i libcpmt:xthrow.obj
 0001:000010c4       ??1bad_alloc@std@@UEAA@XZ  00000001800020c4 f i libcpmt:xthrow.obj
 0001:000010c4       ??1bad_array_new_length@std@@UEAA@XZ 00000001800020c4 f i LIBCMT:throw_bad_alloc.obj
 0001:000010d8       ??_Eexception@std@@UEAAPEAXI@Z 00000001800020d8 f i libcpmt:xthrow.obj
 0001:000010d8       ??_Elength_error@std@@UEAAPEAXI@Z 00000001800020d8 f i libcpmt:xthrow.obj
 0001:000010d8       ??_Gbad_array_new_length@std@@UEAAPEAXI@Z 00000001800020d8 f i LIBCMT:throw_bad_alloc.obj
 0001:000010d8       ??_Elogic_error@std@@UEAAPEAXI@Z 00000001800020d8 f i libcpmt:xthrow.obj
 0001:000010d8       ??_Ebad_array_new_length@std@@UEAAPEAXI@Z 00000001800020d8 f i LIBCMT:throw_bad_alloc.obj
 0001:000010d8       ??_Ebad_alloc@std@@UEAAPEAXI@Z 00000001800020d8 f i libcpmt:xthrow.obj
 0001:000010d8       ??_Gexception@std@@UEAAPEAXI@Z 00000001800020d8 f i libcpmt:xthrow.obj
 0001:000010d8       ??_Eout_of_range@std@@UEAAPEAXI@Z 00000001800020d8 f i libcpmt:xthrow.obj
 0001:000010d8       ??_Gbad_alloc@std@@UEAAPEAXI@Z 00000001800020d8 f i libcpmt:xthrow.obj
 0001:000010d8       ??_Gout_of_range@std@@UEAAPEAXI@Z 00000001800020d8 f i libcpmt:xthrow.obj
 0001:000010d8       ??_Glength_error@std@@UEAAPEAXI@Z 00000001800020d8 f i libcpmt:xthrow.obj
 0001:000010d8       ??_Glogic_error@std@@UEAAPEAXI@Z 00000001800020d8 f i libcpmt:xthrow.obj
 0001:0000111c       ?__scrt_throw_std_bad_alloc@@YAXXZ 000000018000211c f   LIBCMT:throw_bad_alloc.obj
 0001:0000111c       ?_Xbad_alloc@std@@YAXXZ    000000018000211c f   libcpmt:xthrow.obj
 0001:0000113c       ?_Xlength_error@std@@YAXPEBD@Z 000000018000213c f   libcpmt:xthrow.obj
 0001:00001160       ?_Xout_of_range@std@@YAXPEBD@Z 0000000180002160 f   libcpmt:xthrow.obj
 0001:00001184       ?what@exception@std@@UEBAPEBDXZ 0000000180002184 f i libcpmt:xthrow.obj
 0001:000011b0       __security_check_cookie    00000001800021b0 f   LIBCMT:_amdsecgs_.obj
 0001:000011d4       ??2@YAPEAX_K@Z             00000001800021d4 f   LIBCMT:new_scalar.obj
 0001:00001210       ??3@YAXPEAX@Z              0000000180002210 f   LIBCMT:delete_scalar.obj
 0001:00001564       _DllMainCRTStartup         0000000180002564 f   LIBCMT:dll_dllmain.obj
 0001:000015a4       ??3@YAXPEAX_K@Z            00000001800025a4 f   LIBCMT:delete_scalar_size.obj
 0001:000015ac       ??_Gtype_info@@UEAAPEAXI@Z 00000001800025ac f i LIBCMT:std_type_info_static.obj
 0001:000015ac       ??_Etype_info@@UEAAPEAXI@Z 00000001800025ac f i LIBCMT:std_type_info_static.obj
 0001:000015d8       __raise_securityfailure    00000001800025d8 f   LIBCMT:gs_report.obj
 0001:0000160c       __report_gsfailure         000000018000260c f   LIBCMT:gs_report.obj
 0001:000016e0       __report_rangecheckfailure 00000001800026e0 f   LIBCMT:gs_report.obj
 0001:000016f4       __report_securityfailure   00000001800026f4 f   LIBCMT:gs_report.obj
 0001:00001874       ??0bad_array_new_length@std@@QEAA@AEBV01@@Z 0000000180002874 f i LIBCMT:throw_bad_alloc.obj
 0001:000018b4       ??0bad_array_new_length@std@@QEAA@XZ 00000001800028b4 f i LIBCMT:throw_bad_alloc.obj
 0001:000018d4       ?__scrt_throw_std_bad_array_new_length@@YAXXZ 00000001800028d4 f   LIBCMT:throw_bad_alloc.obj
 0001:000018f4       __scrt_acquire_startup_lock 00000001800028f4 f   LIBCMT:utility.obj
 0001:00001930       __scrt_dllmain_after_initialize_c 0000000180002930 f   LIBCMT:utility.obj
 0001:00001964       __scrt_dllmain_before_initialize_c 0000000180002964 f   LIBCMT:utility.obj
 0001:0000197c       __scrt_dllmain_crt_thread_attach 000000018000297c f   LIBCMT:utility.obj
 0001:000019a4       __scrt_dllmain_crt_thread_detach 00000001800029a4 f   LIBCMT:utility.obj
 0001:000019bc       __scrt_dllmain_exception_filter 00000001800029bc f   LIBCMT:utility.obj
 0001:00001a20       __scrt_dllmain_uninitialize_c 0000000180002a20 f   LIBCMT:utility.obj
 0001:00001a50       __scrt_dllmain_uninitialize_critical 0000000180002a50 f   LIBCMT:utility.obj
 0001:00001a64       __scrt_initialize_crt      0000000180002a64 f   LIBCMT:utility.obj
 0001:00001ab0       __scrt_initialize_onexit_tables 0000000180002ab0 f   LIBCMT:utility.obj
 0001:00001b7c       __scrt_is_nonwritable_in_current_image 0000000180002b7c f   LIBCMT:utility.obj
 0001:00001c18       __scrt_release_startup_lock 0000000180002c18 f   LIBCMT:utility.obj
 0001:00001c3c       __scrt_uninitialize_crt    0000000180002c3c f   LIBCMT:utility.obj
 0001:00001c68       _onexit                    0000000180002c68 f   LIBCMT:utility.obj
 0001:00001cb8       atexit                     0000000180002cb8 f   LIBCMT:utility.obj
 0001:00001cd0       __security_init_cookie     0000000180002cd0 f   LIBCMT:gs_support.obj
 0001:00001d7c       ?__scrt_initialize_type_info@@YAXXZ 0000000180002d7c f   LIBCMT:tncleanup.obj
 0001:00001d8c       ?__scrt_uninitialize_type_info@@YAXXZ 0000000180002d8c f   LIBCMT:tncleanup.obj
 0001:00001d98       __local_stdio_printf_options 0000000180002d98 f i LIBCMT:default_local_stdio_options.obj
 0001:00001da0       __local_stdio_scanf_options 0000000180002da0 f i LIBCMT:default_local_stdio_options.obj
 0001:00001da8       __scrt_initialize_default_local_stdio_options 0000000180002da8 f   LIBCMT:default_local_stdio_options.obj
 0001:00001dc4       __scrt_get_dyn_tls_init_callback 0000000180002dc4 f   LIBCMT:dyn_tls_init.obj
 0001:00001dcc       __crt_debugger_hook        0000000180002dcc f   LIBCMT:utility_desktop.obj
 0001:00001dd4       __scrt_fastfail            0000000180002dd4 f   LIBCMT:utility_desktop.obj
 0001:00001f1c       _RTC_Initialize            0000000180002f1c f   LIBCMT:_initsect_.obj
 0001:00001f68       _RTC_Terminate             0000000180002f68 f   LIBCMT:_initsect_.obj
 0001:00001fb4       _guard_check_icall         0000000180002fb4 f i LIBCMT:checkcfg.obj
 0001:00001fbc       __isa_available_init       0000000180002fbc f   LIBCMT:_cpu_disp_.obj
 0001:00002184       _get_startup_argv_mode     0000000180003184 f   LIBCMT:argv_mode.obj
 0001:00002184       DllMain                    0000000180003184 f   LIBCMT:dll_dllmain_stub.obj
 0001:0000218c       __scrt_is_ucrt_dll_in_use  000000018000318c f   LIBCMT:ucrt_detection.obj
 0001:000021b0       memcpy                     00000001800031b0 f   libvcruntime:memcpy.obj
 0001:000021b0       memmove                    00000001800031b0 f   libvcruntime:memcpy.obj
 0001:000025e8       __std_exception_copy       00000001800035e8 f   libvcruntime:std_exception.obj
 0001:00002678       __std_exception_destroy    0000000180003678 f   libvcruntime:std_exception.obj
 0001:000026a0       _CxxThrowException         00000001800036a0 f   libvcruntime:throw.obj
 0001:00002778       __C_specific_handler       0000000180003778 f   libvcruntime:_chandler_.obj
 0001:00002974       __vcrt_initialize          0000000180003974 f   libvcruntime:initialization.obj
 0001:000029a8       __vcrt_thread_attach       00000001800039a8 f   libvcruntime:initialization.obj
 0001:000029bc       __vcrt_thread_detach       00000001800039bc f   libvcruntime:initialization.obj
 0001:000029d0       __vcrt_uninitialize        00000001800039d0 f   libvcruntime:initialization.obj
 0001:000029f0       __vcrt_uninitialize_critical 00000001800039f0 f   libvcruntime:initialization.obj
 0001:00002a00       __std_type_info_destroy_list 0000000180003a00 f   libvcruntime:std_type_info.obj
 0001:00002a40       memset                     0000000180003a40 f   libvcruntime:memset.obj
 0001:00002bf0       _local_unwind              0000000180003bf0 f   libvcruntime:_jmpuwind_.obj
 0001:00002c20       _NLG_Notify                0000000180003c20 f   libvcruntime:_jmpuwind_.obj
 0001:00002c40       __NLG_Dispatch2            0000000180003c40 f   libvcruntime:_jmpuwind_.obj
 0001:00002c50       __NLG_Return2              0000000180003c50 f   libvcruntime:_jmpuwind_.obj
 0001:00002c54       _guard_check_icall_nop     0000000180003c54 f   LIBCMT:guard_support.obj
 0001:00002c54       __except_validate_context_record 0000000180003c54 f   libvcruntime:jbcxrval.obj
 0001:00002c58       __vcrt_freefls             0000000180003c58 f   libvcruntime:per_thread_data.obj
 0001:00002c78       __vcrt_freeptd             0000000180003c78 f   libvcruntime:per_thread_data.obj
 0001:00002cc8       __vcrt_getptd_noexit       0000000180003cc8 f   libvcruntime:per_thread_data.obj
 0001:00002d80       __vcrt_initialize_ptd      0000000180003d80 f   libvcruntime:per_thread_data.obj
 0001:00002dc0       __vcrt_uninitialize_ptd    0000000180003dc0 f   libvcruntime:per_thread_data.obj
 0001:00002de4       __vcrt_initialize_locks    0000000180003de4 f   libvcruntime:locks.obj
 0001:00002e2c       __vcrt_uninitialize_locks  0000000180003e2c f   libvcruntime:locks.obj
 0001:0000302c       __vcrt_FlsAlloc            000000018000402c f   libvcruntime:winapi_downlevel.obj
 0001:00003080       __vcrt_FlsFree             0000000180004080 f   libvcruntime:winapi_downlevel.obj
 0001:000030d4       __vcrt_FlsGetValue         00000001800040d4 f   libvcruntime:winapi_downlevel.obj
 0001:00003128       __vcrt_FlsSetValue         0000000180004128 f   libvcruntime:winapi_downlevel.obj
 0001:00003190       __vcrt_InitializeCriticalSectionEx 0000000180004190 f   libvcruntime:winapi_downlevel.obj
 0001:00003208       __vcrt_initialize_winapi_thunks 0000000180004208 f   libvcruntime:winapi_downlevel.obj
 0001:00003254       __vcrt_uninitialize_winapi_thunks 0000000180004254 f   libvcruntime:winapi_downlevel.obj
 0001:00003294       __vcrt_initialize_pure_virtual_call_handler 0000000180004294 f   libvcruntime:purevirt_data.obj
 0001:000032b8       __acrt_call_reportfault    00000001800042b8 f   libucrt:invalid_parameter.obj
 0001:00003414       __acrt_initialize_invalid_parameter_handler 0000000180004414 f   libucrt:invalid_parameter.obj
 0001:0000341c       _invalid_parameter         000000018000441c f   libucrt:invalid_parameter.obj
 0001:000034c4       _invalid_parameter_noinfo  00000001800044c4 f   libucrt:invalid_parameter.obj
 0001:000034e4       _invalid_parameter_noinfo_noreturn 00000001800044e4 f   libucrt:invalid_parameter.obj
 0001:00003514       _invoke_watson             0000000180004514 f   libucrt:invalid_parameter.obj
 0001:0000355c       ??0_LocaleUpdate@@QEAA@QEAU__crt_locale_pointers@@@Z 000000018000455c f i libucrt:stricmp.obj
 0001:000035ec       __ascii_stricmp            00000001800045ec f   libucrt:stricmp.obj
 0001:00003628       _stricmp                   0000000180004628 f   libucrt:stricmp.obj
 0001:00003670       _stricmp_l                 0000000180004670 f   libucrt:stricmp.obj
 0001:00003724       __acrt_initialize_new_handler 0000000180004724 f   libucrt:new_handler.obj
 0001:0000372c       _callnewh                  000000018000472c f   libucrt:new_handler.obj
 0001:0000376c       _query_new_handler         000000018000476c f   libucrt:new_handler.obj
 0001:000037a0       malloc                     00000001800047a0 f   libucrt:malloc.obj
 0001:000037a8       free                       00000001800047a8 f   libucrt:free.obj
 0001:000037b0       _initterm                  00000001800047b0 f   libucrt:initterm.obj
 0001:00003828       _initterm_e                0000000180004828 f   libucrt:initterm.obj
 0001:00003874       _seh_filter_dll            0000000180004874 f   libucrt:exception_filter.obj
 0001:00003888       _seh_filter_exe            0000000180004888 f   libucrt:exception_filter.obj
 0001:00003c48       __acrt_initialize_thread_local_exit_callback 0000000180004c48 f   libucrt:exit.obj
 0001:00003c50       _cexit                     0000000180004c50 f   libucrt:exit.obj
 0001:00003c60       _exit                      0000000180004c60 f   libucrt:exit.obj
 0001:00003c6c       _is_c_termination_complete 0000000180004c6c f   libucrt:exit.obj
 0001:00003e30       __acrt_allocate_buffer_for_argv 0000000180004e30 f   libucrt:argv_parsing.obj
 0001:00003e94       _configure_narrow_argv     0000000180004e94 f   libucrt:argv_parsing.obj
 0001:000041f0       __dcrt_uninitialize_environments_nolock 00000001800051f0 f   libucrt:environment_initialization.obj
 0001:00004228       _initialize_narrow_environment 0000000180005228 f   libucrt:environment_initialization.obj
 0001:00004230       ??$?RV<lambda_b8c45f8f788dd370798f47cfe8ac3a86>@@AEAV<lambda_4e60a939b0d047cfe11ddc22648dfba9>@@V<lambda_332c3edc96d0294ec56c57d38c1cdfd5>@@@?$__crt_seh_guarded_call@H@@QEAAH$$QEAV<lambda_b8c45f8f788dd370798f47cfe8ac3a86>@@AEAV<lambda_4e60a939b0d047cfe11ddc22648dfba9>@@$$QEAV<lambda_332c3edc96d0294ec56c57d38c1cdfd5>@@@Z 0000000180005230 f i libucrt:onexit.obj
 0001:0000426c       ??$?RV<lambda_e24bbb7b643b32fcea6fa61b31d4c984>@@AEAV<lambda_275893d493268fdec8709772e3fcec0e>@@V<lambda_9d71df4d7cf3f480f8d633942495c3b0>@@@?$__crt_seh_guarded_call@H@@QEAAH$$QEAV<lambda_e24bbb7b643b32fcea6fa61b31d4c984>@@AEAV<lambda_275893d493268fdec8709772e3fcec0e>@@$$QEAV<lambda_9d71df4d7cf3f480f8d633942495c3b0>@@@Z 000000018000526c f i libucrt:onexit.obj
 0001:000045e8       _crt_atexit                00000001800055e8 f   libucrt:onexit.obj
 0001:000045f8       _execute_onexit_table      00000001800055f8 f   libucrt:onexit.obj
 0001:00004634       _initialize_onexit_table   0000000180005634 f   libucrt:onexit.obj
 0001:00004674       _register_onexit_function  0000000180005674 f   libucrt:onexit.obj
 0001:000047f0       __acrt_uninitialize_command_line 00000001800057f0 f   libucrt:argv_data.obj
 0001:000047f4       __acrt_initialize          00000001800057f4 f   libucrt:initialization.obj
 0001:00004808       __acrt_thread_attach       0000000180005808 f   libucrt:initialization.obj
 0001:0000481c       __acrt_thread_detach       000000018000581c f   libucrt:initialization.obj
 0001:0000482c       __acrt_uninitialize        000000018000582c f   libucrt:initialization.obj
 0001:00004840       __acrt_uninitialize_critical 0000000180005840 f   libucrt:initialization.obj
 0001:00004850       terminate                  0000000180005850 f   libucrt:terminate.obj
 0001:00004878       strcpy_s                   0000000180005878 f   libucrt:strcpy_s.obj
 0001:000048d8       _free_base                 00000001800058d8 f   libucrt:free_base.obj
 0001:00004918       _malloc_base               0000000180005918 f   libucrt:malloc_base.obj
 0001:00004978       abort                      0000000180005978 f   libucrt:abort.obj
 0001:000049d0       _calloc_base               00000001800059d0 f   libucrt:calloc_base.obj
 0001:00004a48       ??$?RV<lambda_46352004c1216016012b18bd6f87e700>@@AEAV<lambda_3bd07e1a1191394380780325891bf33f>@@V<lambda_334532d3f185bcaa59b5be82d7d22bff>@@@?$__crt_seh_guarded_call@X@@QEAAX$$QEAV<lambda_46352004c1216016012b18bd6f87e700>@@AEAV<lambda_3bd07e1a1191394380780325891bf33f>@@$$QEAV<lambda_334532d3f185bcaa59b5be82d7d22bff>@@@Z 0000000180005a48 f i libucrt:per_thread_data.obj
 0001:00004aa8       ??$?RV<lambda_5e887d1dcbef67a5eb4283622ba103bf>@@AEAV<lambda_4466841279450cc726390878d4a41900>@@V<lambda_341c25c0346d94847f1f3c463c57e077>@@@?$__crt_seh_guarded_call@X@@QEAAX$$QEAV<lambda_5e887d1dcbef67a5eb4283622ba103bf>@@AEAV<lambda_4466841279450cc726390878d4a41900>@@$$QEAV<lambda_341c25c0346d94847f1f3c463c57e077>@@@Z 0000000180005aa8 f i libucrt:per_thread_data.obj
 0001:00004af0       ??$?RV<lambda_72d1df2b273a38828b1ce30cbf4cdab5>@@AEAV<lambda_876a65b173b8412d3a47c70a915b0cf4>@@V<lambda_41932305e351933ebe8f8be3ed8bb5dc>@@@?$__crt_seh_guarded_call@X@@QEAAX$$QEAV<lambda_72d1df2b273a38828b1ce30cbf4cdab5>@@AEAV<lambda_876a65b173b8412d3a47c70a915b0cf4>@@$$QEAV<lambda_41932305e351933ebe8f8be3ed8bb5dc>@@@Z 0000000180005af0 f i libucrt:per_thread_data.obj
 0001:00004b30       ??$?RV<lambda_fb3a7dec4e47f37f22dae91bb15c9095>@@AEAV<lambda_698284760c8add0bfb0756c19673e34b>@@V<lambda_dfb8eca1e75fef3034a8fb18dd509707>@@@?$__crt_seh_guarded_call@X@@QEAAX$$QEAV<lambda_fb3a7dec4e47f37f22dae91bb15c9095>@@AEAV<lambda_698284760c8add0bfb0756c19673e34b>@@$$QEAV<lambda_dfb8eca1e75fef3034a8fb18dd509707>@@@Z 0000000180005b30 f i libucrt:per_thread_data.obj
 0001:00004dc0       __acrt_freeptd             0000000180005dc0 f   libucrt:per_thread_data.obj
 0001:00004e04       __acrt_getptd              0000000180005e04 f   libucrt:per_thread_data.obj
 0001:00004e98       __acrt_getptd_noexit       0000000180005e98 f   libucrt:per_thread_data.obj
 0001:00004f38       __acrt_initialize_ptd      0000000180005f38 f   libucrt:per_thread_data.obj
 0001:00004f74       __acrt_uninitialize_ptd    0000000180005f74 f   libucrt:per_thread_data.obj
 0001:00004f98       __acrt_errno_from_os_error 0000000180005f98 f   libucrt:errno.obj
 0001:00004fe0       __acrt_errno_map_os_error  0000000180005fe0 f   libucrt:errno.obj
 0001:00005030       __doserrno                 0000000180006030 f   libucrt:errno.obj
 0001:00005050       _errno                     0000000180006050 f   libucrt:errno.obj
 0001:000050c0       _tolower_l                 00000001800060c0 f   libucrt:tolower_toupper.obj
 0001:00005200       __acrt_update_locale_info  0000000180006200 f   libucrt:locale_update.obj
 0001:00005234       __acrt_update_multibyte_info 0000000180006234 f   libucrt:locale_update.obj
 0001:00005268       __acrt_set_locale_changed  0000000180006268 f   libucrt:wsetlocale.obj
 0001:00005274       __acrt_uninitialize_locale 0000000180006274 f   libucrt:wsetlocale.obj
 0001:000052bc       __acrt_initialize_locks    00000001800062bc f   libucrt:locks.obj
 0001:00005304       __acrt_lock                0000000180006304 f   libucrt:locks.obj
 0001:00005320       __acrt_uninitialize_locks  0000000180006320 f   libucrt:locks.obj
 0001:00005358       __acrt_unlock              0000000180006358 f   libucrt:locks.obj
 0001:00005514       __acrt_FlsAlloc            0000000180006514 f   libucrt:winapi_thunks.obj
 0001:0000556c       __acrt_FlsFree             000000018000656c f   libucrt:winapi_thunks.obj
 0001:000055c4       __acrt_FlsGetValue         00000001800065c4 f   libucrt:winapi_thunks.obj
 0001:0000561c       __acrt_FlsSetValue         000000018000661c f   libucrt:winapi_thunks.obj
 0001:00005684       __acrt_InitializeCriticalSectionEx 0000000180006684 f   libucrt:winapi_thunks.obj
 0001:000056fc       __acrt_LCMapStringEx       00000001800066fc f   libucrt:winapi_thunks.obj
 0001:000057ec       __acrt_LocaleNameToLCID    00000001800067ec f   libucrt:winapi_thunks.obj
 0001:00005854       __acrt_initialize_winapi_thunks 0000000180006854 f   libucrt:winapi_thunks.obj
 0001:0000588c       __acrt_is_packaged_app     000000018000688c f   libucrt:winapi_thunks.obj
 0001:00005914       __acrt_uninitialize_winapi_thunks 0000000180006914 f   libucrt:winapi_thunks.obj
 0001:00005e34       ?expand_if_necessary@?$argument_list@D@?A0xca0879c4@@AEAAHXZ 0000000180006e34 f i libucrt:argv_wildcards.obj
 0001:00005efc       __acrt_expand_narrow_argv_wildcards 0000000180006efc f   libucrt:argv_wildcards.obj
 0001:00005f04       ??$?RV<lambda_99476a1ad63dd22509b5d3e65b0ffc95>@@AEAV<lambda_ad1ced32f4ac17aa236e5ef05d6b3b7c>@@V<lambda_f7424dd8d45958661754dc4f2697e9c3>@@@?$__crt_seh_guarded_call@X@@QEAAX$$QEAV<lambda_99476a1ad63dd22509b5d3e65b0ffc95>@@AEAV<lambda_ad1ced32f4ac17aa236e5ef05d6b3b7c>@@$$QEAV<lambda_f7424dd8d45958661754dc4f2697e9c3>@@@Z 0000000180006f04 f i libucrt:mbctype.obj
 0001:00006600       __acrt_initialize_multibyte 0000000180007600 f   libucrt:mbctype.obj
 0001:00006628       __acrt_update_thread_multibyte_data 0000000180007628 f   libucrt:mbctype.obj
 0001:000066e8       _setmbcp_nolock            00000001800076e8 f   libucrt:mbctype.obj
 0001:00006a08       _ismbblead                 0000000180007a08 f   libucrt:ismbbyte.obj
 0001:00006a1c       __acrt_initialize_command_line 0000000180007a1c f   libucrt:argv_data.obj
 0001:00006a44       __dcrt_get_narrow_environment_from_os 0000000180007a44 f   libucrt:get_environment_from_os.obj
 0001:00006b48       _recalloc                  0000000180007b48 f   libucrt:recalloc.obj
 0001:00006b50       _recalloc_base             0000000180007b50 f   libucrt:recalloc.obj
 0001:00006be8       __acrt_initialize_heap     0000000180007be8 f   libucrt:heap_handle.obj
 0001:00006c04       __acrt_uninitialize_heap   0000000180007c04 f   libucrt:heap_handle.obj
 0001:00006df8       __acrt_initialize_lowio    0000000180007df8 f   libucrt:ioinit.obj
 0001:00006e34       __acrt_uninitialize_lowio  0000000180007e34 f   libucrt:ioinit.obj
 0001:00006e74       __acrt_execute_initializers 0000000180007e74 f   libucrt:shared_initialization.obj
 0001:00006f08       __acrt_execute_uninitializers 0000000180007f08 f   libucrt:shared_initialization.obj
 0001:00006f58       ??$?RV<lambda_c36588078e9f5dfd39652860aa6b3aaf>@@AEAV<lambda_ec61778202f4f5fc7e7711acc23c3bca>@@V<lambda_dc9d2797ccde5d239b4a0efae8ebd7db>@@@?$__crt_seh_guarded_call@P6AXH@Z@@QEAAP6AXH@Z$$QEAV<lambda_c36588078e9f5dfd39652860aa6b3aaf>@@AEAV<lambda_ec61778202f4f5fc7e7711acc23c3bca>@@$$QEAV<lambda_dc9d2797ccde5d239b4a0efae8ebd7db>@@@Z 0000000180007f58 f i libucrt:signal.obj
 0001:00006fa0       __acrt_get_sigabrt_handler 0000000180007fa0 f   libucrt:signal.obj
 0001:00006fd0       __acrt_initialize_signal_handlers 0000000180007fd0 f   libucrt:signal.obj
 0001:00006ff0       raise                      0000000180007ff0 f   libucrt:signal.obj
 0001:0000728c       __acrt_has_user_matherr    000000018000828c f   libucrt:matherr.obj
 0001:000072ac       __acrt_initialize_user_matherr 00000001800082ac f   libucrt:matherr.obj
 0001:000072b4       __acrt_invoke_user_matherr 00000001800082b4 f   libucrt:matherr.obj
 0001:000072fc       _query_new_mode            00000001800082fc f   libucrt:new_mode.obj
 0001:00007304       _mbtowc_l                  0000000180008304 f   libucrt:mbtowc.obj
 0001:0000744c       mbtowc                     000000018000844c f   libucrt:mbtowc.obj
 0001:00007454       _fileno                    0000000180008454 f   libucrt:fileno.obj
 0001:0000747c       __acrt_initialize_stdio    000000018000847c f   libucrt:_file.obj
 0001:0000759c       __acrt_uninitialize_stdio  000000018000859c f   libucrt:_file.obj
 0001:000075f8       _lock_file                 00000001800085f8 f   libucrt:_file.obj
 0001:00007604       _unlock_file               0000000180008604 f   libucrt:_file.obj
 0001:00007610       __pctype_func              0000000180008610 f   libucrt:ctype.obj
 0001:00007640       _isctype_l                 0000000180008640 f   libucrt:isctype.obj
 0001:00007750       __acrt_add_locale_ref      0000000180008750 f   libucrt:locale_refcounting.obj
 0001:000077dc       __acrt_free_locale         00000001800087dc f   libucrt:locale_refcounting.obj
 0001:00007954       __acrt_locale_add_lc_time_reference 0000000180008954 f   libucrt:locale_refcounting.obj
 0001:0000797c       __acrt_locale_free_lc_time_if_unreferenced 000000018000897c f   libucrt:locale_refcounting.obj
 0001:000079b4       __acrt_locale_release_lc_time_reference 00000001800089b4 f   libucrt:locale_refcounting.obj
 0001:000079dc       __acrt_release_locale_ref  00000001800089dc f   libucrt:locale_refcounting.obj
 0001:00007a84       __acrt_update_thread_locale_data 0000000180008a84 f   libucrt:locale_refcounting.obj
 0001:00007af4       _updatetlocinfoEx_nolock   0000000180008af4 f   libucrt:locale_refcounting.obj
 0001:00007b5c       _isleadbyte_l              0000000180008b5c f i libucrt:_wctype.obj
 0001:00007ef8       __acrt_LCMapStringA        0000000180008ef8 f   libucrt:lcmapstringa.obj
 0001:00007f90       __acrt_locale_free_monetary 0000000180008f90 f   libucrt:initmon.obj
 0001:0000809c       __acrt_locale_free_numeric 000000018000909c f   libucrt:initnum.obj
 0001:00008160       __acrt_locale_free_time    0000000180009160 f   libucrt:inittime.obj
 0001:00008268       __acrt_GetStringTypeA      0000000180009268 f   libucrt:getstringtypea.obj
 0001:000084e4       __acrt_DownlevelLocaleNameToLCID 00000001800094e4 f   libucrt:lcidtoname_downlevel.obj
 0001:000085f0       qsort                      00000001800095f0 f   libucrt:qsort.obj
 0001:00008924       strncpy_s                  0000000180009924 f   libucrt:strncpy_s.obj
 0001:000089f8       strpbrk                    00000001800099f8 f   libucrt:strpbrk.obj
 0001:00008a98       _mbsdec                    0000000180009a98 f   libucrt:mbsdec.obj
 0001:00008aa0       _mbsdec_l                  0000000180009aa0 f   libucrt:mbsdec.obj
 0001:00008b50       _msize                     0000000180009b50 f   libucrt:msize.obj
 0001:00008b8c       _realloc_base              0000000180009b8c f   libucrt:realloc_base.obj
 0001:00008c10       __acrt_lowio_create_handle_array 0000000180009c10 f   libucrt:osfinfo.obj
 0001:00008ca8       __acrt_lowio_destroy_handle_array 0000000180009ca8 f   libucrt:osfinfo.obj
 0001:00008cf8       __acrt_lowio_ensure_fh_exists 0000000180009cf8 f   libucrt:osfinfo.obj
 0001:00008db0       __acrt_lowio_lock_fh       0000000180009db0 f   libucrt:osfinfo.obj
 0001:00008dd4       __acrt_lowio_unlock_fh     0000000180009dd4 f   libucrt:osfinfo.obj
 0001:00008df8       _free_osfhnd               0000000180009df8 f   libucrt:osfinfo.obj
 0001:00008eb4       _get_osfhandle             0000000180009eb4 f   libucrt:osfinfo.obj
 0001:00008f2c       _isatty                    0000000180009f2c f   libucrt:isatty.obj
 0001:00008f8c       __acrt_stdio_flush_nolock  0000000180009f8c f   libucrt:fflush.obj
 0001:00009004       _fflush_nolock             000000018000a004 f   libucrt:fflush.obj
 0001:00009050       _flushall                  000000018000a050 f   libucrt:fflush.obj
 0001:00009140       _fcloseall                 000000018000a140 f   libucrt:closeall.obj
 0001:000091f4       __acrt_stdio_free_buffer_nolock 000000018000a1f4 f   libucrt:_freebuf.obj
 0001:00009234       __strncnt                  000000018000a234 f   libucrt:strncnt.obj
 0001:0000924c       _query_app_type            000000018000a24c f   libucrt:report_runtime_error.obj
 0001:00009254       ??$?RV<lambda_b521505b218e5242e90febf6bfebc422>@@AEAV<lambda_6978c1fb23f02e42e1d9e99668cc68aa>@@V<lambda_314360699dd331753a4119843814e9a7>@@@?$__crt_seh_guarded_call@H@@QEAAH$$QEAV<lambda_b521505b218e5242e90febf6bfebc422>@@AEAV<lambda_6978c1fb23f02e42e1d9e99668cc68aa>@@$$QEAV<lambda_314360699dd331753a4119843814e9a7>@@@Z 000000018000a254 f i libucrt:commit.obj
 0001:000092e0       _commit                    000000018000a2e0 f   libucrt:commit.obj
 0001:00009914       _write                     000000018000a914 f   libucrt:write.obj
 0001:00009a00       _write_nolock              000000018000aa00 f   libucrt:write.obj
 0001:00009cf0       log10                      000000018000acf0 f   libucrt:log10.obj
 0001:0000a338       _lseeki64_nolock           000000018000b338 f   libucrt:lseek.obj
 0001:0000a340       _fclose_nolock             000000018000b340 f   libucrt:fclose.obj
 0001:0000a3c4       fclose                     000000018000b3c4 f   libucrt:fclose.obj
 0001:0000a430       _putwch_nolock             000000018000b430 f   libucrt:putwch.obj
 0001:0000a5b0       _handle_error              000000018000b5b0 f   libucrt:libm_error.obj
 0001:0000a6e0       __acrt_initialize_fma3     000000018000b6e0 f   libucrt:fma3_available.obj
 0001:0000a750       _log10_special             000000018000b750 f   libucrt:log_special.obj
 0001:0000a808       ??$?RV<lambda_bfedae4ebbf01fab1bb6dcc6a9e276e0>@@AEAV<lambda_2fe9b910cf3cbf4a0ab98a02ba45b3ec>@@V<lambda_237c231691f317818eb88cc1d5d642d6>@@@?$__crt_seh_guarded_call@H@@QEAAH$$QEAV<lambda_bfedae4ebbf01fab1bb6dcc6a9e276e0>@@AEAV<lambda_2fe9b910cf3cbf4a0ab98a02ba45b3ec>@@$$QEAV<lambda_237c231691f317818eb88cc1d5d642d6>@@@Z 000000018000b808 f i libucrt:close.obj
 0001:0000a87c       _close                     000000018000b87c f   libucrt:close.obj
 0001:0000a920       _close_nolock              000000018000b920 f   libucrt:close.obj
 0001:0000a9dc       ?__acrt_stdio_free_stream@@YAXV__crt_stdio_stream@@@Z 000000018000b9dc f   libucrt:stream.obj
 0001:0000aa20       __dcrt_lowio_initialize_console_output 000000018000ba20 f   libucrt:initcon.obj
 0001:0000aa5c       __dcrt_terminate_console_output 000000018000ba5c f   libucrt:initcon.obj
 0001:0000aa90       _get_fpsr                  000000018000ba90 f   libucrt:fpsr.obj
 0001:0000aaa0       _set_fpsr                  000000018000baa0 f   libucrt:fpsr.obj
 0001:0000aaaa       _fclrf                     000000018000baaa f   libucrt:fpsr.obj
 0001:0000aabe       _frnd                      000000018000babe f   libucrt:fpsr.obj
 0001:0000aae0       _raise_exc                 000000018000bae0 f   libucrt:fpexcept.obj
 0001:0000ab08       _raise_exc_ex              000000018000bb08 f   libucrt:fpexcept.obj
 0001:0000ae10       _set_errno_from_matherr    000000018000be10 f   libucrt:fpexcept.obj
 0001:0000ae40       _clrfp                     000000018000be40 f   libucrt:fpctrl.obj
 0001:0000ae60       _ctrlfp                    000000018000be60 f   libucrt:fpctrl.obj
 0001:0000aedc       _set_statfp                000000018000bedc f   libucrt:fpctrl.obj
 0001:0000aefc       _statfp                    000000018000befc f   libucrt:fpctrl.obj
 0001:0000af0e       IsProcessorFeaturePresent  000000018000bf0e f   kernel32:KERNEL32.dll
 0001:0000af14       RtlUnwindEx                000000018000bf14 f   kernel32:KERNEL32.dll
 0001:0000af1c       ?DloadAcquireSectionWriteAccess@@YAXXZ 000000018000bf1c f i DelayImp:delayhlp.obj
 0001:0000afd8       ?DloadGetSRWLockFunctionPointers@@YAEXZ 000000018000bfd8 f i DelayImp:delayhlp.obj
 0001:0000b074       ?DloadMakePermanentImageCommit@@YAXPEAX_K@Z 000000018000c074 f i DelayImp:delayhlp.obj
 0001:0000b10c       ?DloadObtainSection@@YAPEAXPEAK0@Z 000000018000c10c f i DelayImp:delayhlp.obj
 0001:0000b1a4       ?DloadProtectSection@@YAXKPEAK@Z 000000018000c1a4 f i DelayImp:delayhlp.obj
 0001:0000b234       ?DloadReleaseSectionWriteAccess@@YAXXZ 000000018000c234 f i DelayImp:delayhlp.obj
 0001:0000b2d8       __delayLoadHelper2         000000018000c2d8 f   DelayImp:delayhlp.obj
 0001:0000b5e0       _FindPESection             000000018000c5e0 f   LIBCMT:pesect.obj
 0001:0000b630       _IsNonwritableInCurrentImage 000000018000c630 f   LIBCMT:pesect.obj
 0001:0000b680       _ValidateImageBase         000000018000c680 f   LIBCMT:pesect.obj
 0001:0000b6b0       __GSHandlerCheck           000000018000c6b0 f   LIBCMT:_gshandler_.obj
 0001:0000b6d0       __GSHandlerCheckCommon     000000018000c6d0 f   LIBCMT:_gshandler_.obj
 0001:0000b740       _alloca_probe              000000018000c740 f   LIBCMT:_chkstk_.obj
 0001:0000b740       __chkstk                   000000018000c740 f   LIBCMT:_chkstk_.obj
 0001:0000b7b0       memcmp                     000000018000c7b0 f   libvcruntime:memcmp.obj
 0001:0000b890       _guard_dispatch_icall_nop  000000018000c890 f   LIBCMT:_guard_dispatch_.obj
 0002:00000000       __imp_GetModuleHandleA     000000018000d000     kernel32:KERNEL32.dll
 0002:00000008       __imp_RtlCaptureContext    000000018000d008     kernel32:KERNEL32.dll
 0002:00000010       __imp_RtlLookupFunctionEntry 000000018000d010     kernel32:KERNEL32.dll
 0002:00000018       __imp_RtlVirtualUnwind     000000018000d018     kernel32:KERNEL32.dll
 0002:00000020       __imp_UnhandledExceptionFilter 000000018000d020     kernel32:KERNEL32.dll
 0002:00000028       __imp_SetUnhandledExceptionFilter 000000018000d028     kernel32:KERNEL32.dll
 0002:00000030       __imp_GetCurrentProcess    000000018000d030     kernel32:KERNEL32.dll
 0002:00000038       __imp_TerminateProcess     000000018000d038     kernel32:KERNEL32.dll
 0002:00000040       __imp_IsProcessorFeaturePresent 000000018000d040     kernel32:KERNEL32.dll
 0002:00000048       __imp_QueryPerformanceCounter 000000018000d048     kernel32:KERNEL32.dll
 0002:00000050       __imp_GetCurrentProcessId  000000018000d050     kernel32:KERNEL32.dll
 0002:00000058       __imp_GetCurrentThreadId   000000018000d058     kernel32:KERNEL32.dll
 0002:00000060       __imp_GetSystemTimeAsFileTime 000000018000d060     kernel32:KERNEL32.dll
 0002:00000068       __imp_InitializeSListHead  000000018000d068     kernel32:KERNEL32.dll
 0002:00000070       __imp_IsDebuggerPresent    000000018000d070     kernel32:KERNEL32.dll
 0002:00000078       __imp_GetStartupInfoW      000000018000d078     kernel32:KERNEL32.dll
 0002:00000080       __imp_GetModuleHandleW     000000018000d080     kernel32:KERNEL32.dll
 0002:00000088       __imp_RtlPcToFileHeader    000000018000d088     kernel32:KERNEL32.dll
 0002:00000090       __imp_RaiseException       000000018000d090     kernel32:KERNEL32.dll
 0002:00000098       __imp_RtlUnwindEx          000000018000d098     kernel32:KERNEL32.dll
 0002:000000a0       __imp_InterlockedFlushSList 000000018000d0a0     kernel32:KERNEL32.dll
 0002:000000a8       __imp_GetLastError         000000018000d0a8     kernel32:KERNEL32.dll
 0002:000000b0       __imp_SetLastError         000000018000d0b0     kernel32:KERNEL32.dll
 0002:000000b8       __imp_EnterCriticalSection 000000018000d0b8     kernel32:KERNEL32.dll
 0002:000000c0       __imp_LeaveCriticalSection 000000018000d0c0     kernel32:KERNEL32.dll
 0002:000000c8       __imp_DeleteCriticalSection 000000018000d0c8     kernel32:KERNEL32.dll
 0002:000000d0       __imp_InitializeCriticalSectionAndSpinCount 000000018000d0d0     kernel32:KERNEL32.dll
 0002:000000d8       __imp_TlsAlloc             000000018000d0d8     kernel32:KERNEL32.dll
 0002:000000e0       __imp_TlsGetValue          000000018000d0e0     kernel32:KERNEL32.dll
 0002:000000e8       __imp_TlsSetValue          000000018000d0e8     kernel32:KERNEL32.dll
 0002:000000f0       __imp_TlsFree              000000018000d0f0     kernel32:KERNEL32.dll
 0002:000000f8       __imp_FreeLibrary          000000018000d0f8     kernel32:KERNEL32.dll
 0002:00000100       __imp_GetProcAddress       000000018000d100     kernel32:KERNEL32.dll
 0002:00000108       __imp_LoadLibraryExW       000000018000d108     kernel32:KERNEL32.dll
 0002:00000110       __imp_ExitProcess          000000018000d110     kernel32:KERNEL32.dll
 0002:00000118       __imp_GetModuleHandleExW   000000018000d118     kernel32:KERNEL32.dll
 0002:00000120       __imp_GetModuleFileNameA   000000018000d120     kernel32:KERNEL32.dll
 0002:00000128       __imp_MultiByteToWideChar  000000018000d128     kernel32:KERNEL32.dll
 0002:00000130       __imp_WideCharToMultiByte  000000018000d130     kernel32:KERNEL32.dll
 0002:00000138       __imp_HeapFree             000000018000d138     kernel32:KERNEL32.dll
 0002:00000140       __imp_HeapAlloc            000000018000d140     kernel32:KERNEL32.dll
 0002:00000148       __imp_GetACP               000000018000d148     kernel32:KERNEL32.dll
 0002:00000150       __imp_LCMapStringW         000000018000d150     kernel32:KERNEL32.dll
 0002:00000158       __imp_FindClose            000000018000d158     kernel32:KERNEL32.dll
 0002:00000160       __imp_FindFirstFileExA     000000018000d160     kernel32:KERNEL32.dll
 0002:00000168       __imp_FindNextFileA        000000018000d168     kernel32:KERNEL32.dll
 0002:00000170       __imp_IsValidCodePage      000000018000d170     kernel32:KERNEL32.dll
 0002:00000178       __imp_GetOEMCP             000000018000d178     kernel32:KERNEL32.dll
 0002:00000180       __imp_GetCPInfo            000000018000d180     kernel32:KERNEL32.dll
 0002:00000188       __imp_GetCommandLineA      000000018000d188     kernel32:KERNEL32.dll
 0002:00000190       __imp_GetCommandLineW      000000018000d190     kernel32:KERNEL32.dll
 0002:00000198       __imp_GetEnvironmentStringsW 000000018000d198     kernel32:KERNEL32.dll
 0002:000001a0       __imp_FreeEnvironmentStringsW 000000018000d1a0     kernel32:KERNEL32.dll
 0002:000001a8       __imp_GetProcessHeap       000000018000d1a8     kernel32:KERNEL32.dll
 0002:000001b0       __imp_GetStdHandle         000000018000d1b0     kernel32:KERNEL32.dll
 0002:000001b8       __imp_GetFileType          000000018000d1b8     kernel32:KERNEL32.dll
 0002:000001c0       __imp_GetStringTypeW       000000018000d1c0     kernel32:KERNEL32.dll
 0002:000001c8       __imp_HeapSize             000000018000d1c8     kernel32:KERNEL32.dll
 0002:000001d0       __imp_HeapReAlloc          000000018000d1d0     kernel32:KERNEL32.dll
 0002:000001d8       __imp_SetStdHandle         000000018000d1d8     kernel32:KERNEL32.dll
 0002:000001e0       __imp_WriteFile            000000018000d1e0     kernel32:KERNEL32.dll
 0002:000001e8       __imp_FlushFileBuffers     000000018000d1e8     kernel32:KERNEL32.dll
 0002:000001f0       __imp_GetConsoleCP         000000018000d1f0     kernel32:KERNEL32.dll
 0002:000001f8       __imp_GetConsoleMode       000000018000d1f8     kernel32:KERNEL32.dll
 0002:00000200       __imp_SetFilePointerEx     000000018000d200     kernel32:KERNEL32.dll
 0002:00000208       __imp_CloseHandle          000000018000d208     kernel32:KERNEL32.dll
 0002:00000210       __imp_WriteConsoleW        000000018000d210     kernel32:KERNEL32.dll
 0002:00000218       __imp_CreateFileW          000000018000d218     kernel32:KERNEL32.dll
 0002:00000220       __imp_GetSystemInfo        000000018000d220     kernel32:KERNEL32.dll
 0002:00000228       __imp_VirtualProtect       000000018000d228     kernel32:KERNEL32.dll
 0002:00000230       __imp_VirtualQuery         000000018000d230     kernel32:KERNEL32.dll
 0002:00000238       __imp_LoadLibraryExA       000000018000d238     kernel32:KERNEL32.dll
 0002:00000240       \177KERNEL32_NULL_THUNK_DATA 000000018000d240     kernel32:KERNEL32.dll
 0002:00000248       __guard_check_icall_fptr   000000018000d248     LIBCMT:guard_support.obj
 0002:00000250       __guard_dispatch_icall_fptr 000000018000d250     LIBCMT:guard_support.obj
 0002:00000258       __xc_a                     000000018000d258     LIBCMT:initializers.obj
 0002:00000260       _register_addon_           000000018000d260     conversions.obj
 0002:00000268       __xc_z                     000000018000d268     LIBCMT:initializers.obj
 0002:00000270       __xi_a                     000000018000d270     LIBCMT:initializers.obj
 0002:00000278       __acrt_multibyte_initializer 000000018000d278     libucrt:multibyte_initializer.obj
 0002:00000280       __acrt_stdio_initializer   000000018000d280     libucrt:stdio_initializer.obj
 0002:00000288       __acrt_tran_fma3_initializer 000000018000d288     libucrt:fma3_initializer.obj
 0002:00000290       __xi_z                     000000018000d290     LIBCMT:initializers.obj
 0002:00000298       __xp_a                     000000018000d298     LIBCMT:initializers.obj
 0002:000002a0       __acrt_locale_terminator   000000018000d2a0     libucrt:locale_initializer.obj
 0002:000002a8       __dcrt_console_output_terminator 000000018000d2a8     libucrt:console_output_initializer.obj
 0002:000002b0       __acrt_stdio_terminator    000000018000d2b0     libucrt:stdio_initializer.obj
 0002:000002b8       __xp_z                     000000018000d2b8     LIBCMT:initializers.obj
 0002:000002c0       __xt_a                     000000018000d2c0     LIBCMT:initializers.obj
 0002:000002c8       __xt_z                     000000018000d2c8     LIBCMT:initializers.obj
 0002:000002d0       __sz_node_exe              000000018000d2d0     node:node.exe
 0002:000002e8       ??_7exception@std@@6B@     000000018000d2e8     libcpmt:xthrow.obj
 0002:000002f8       ??_C@_0BC@EOODALEL@Unknown?5exception?$AA@ 000000018000d2f8     libcpmt:xthrow.obj
 0002:00000318       ??_7bad_alloc@std@@6B@     000000018000d318     libcpmt:xthrow.obj
 0002:00000328       ??_C@_0P@GHFPNOJB@bad?5allocation?$AA@ 000000018000d328     libcpmt:xthrow.obj
 0002:00000340       ??_7logic_error@std@@6B@   000000018000d340     libcpmt:xthrow.obj
 0002:00000358       ??_7length_error@std@@6B@  000000018000d358     libcpmt:xthrow.obj
 0002:00000370       ??_7out_of_range@std@@6B@  000000018000d370     libcpmt:xthrow.obj
 0002:00000380       _pRawDllMain               000000018000d380     LIBCMT:dll_dllmain.obj
 0002:00000380       _pDefaultRawDllMain        000000018000d380     LIBCMT:dll_dllmain.obj
 0002:00000390       ??_7type_info@@6B@         000000018000d390     LIBCMT:std_type_info_static.obj
 0002:000003b0       ??_7bad_array_new_length@std@@6B@ 000000018000d3b0     LIBCMT:throw_bad_alloc.obj
 0002:000003c0       ??_C@_0BF@KINCDENJ@bad?5array?5new?5length?$AA@ 000000018000d3c0     LIBCMT:throw_bad_alloc.obj
 0002:00000440       ??_C@_1BC@DNHGCMLG@?$AAa?$AAd?$AAv?$AAa?$AAp?$AAi?$AA3?$AA2?$AA?$AA@ 000000018000d440     libvcruntime:winapi_downlevel.obj
 0002:00000458       ??_C@_1DM@KHCHBNEB@?$AAa?$AAp?$AAi?$AA?9?$AAm?$AAs?$AA?9?$AAw?$AAi?$AAn?$AA?9?$AAc?$AAo?$AAr?$AAe?$AA?9?$AAf?$AAi?$AAb?$AAe?$AAr?$AAs?$AA?9?$AAl?$AA1?$AA?9?$AA1?$AA?9?$AA1?$AA?$AA@ 000000018000d458     libvcruntime:winapi_downlevel.obj
 0002:00000498       ??_C@_1DK@LPPGFMPP@?$AAa?$AAp?$AAi?$AA?9?$AAm?$AAs?$AA?9?$AAw?$AAi?$AAn?$AA?9?$AAc?$AAo?$AAr?$AAe?$AA?9?$AAs?$AAy?$AAn?$AAc?$AAh?$AA?9?$AAl?$AA1?$AA?9?$AA2?$AA?9?$AA0?$AA?$AA@ 000000018000d498     libvcruntime:winapi_downlevel.obj
 0002:000004d8       ??_C@_1BC@GDMECMAK@?$AAk?$AAe?$AAr?$AAn?$AAe?$AAl?$AA3?$AA2?$AA?$AA@ 000000018000d4d8     libvcruntime:winapi_downlevel.obj
 0002:000004f8       ??_C@_08KNHFBNJ@FlsAlloc?$AA@ 000000018000d4f8     libvcruntime:winapi_downlevel.obj
 0002:00000510       ??_C@_07PEJMOBNF@FlsFree?$AA@ 000000018000d510     libvcruntime:winapi_downlevel.obj
 0002:00000520       ??_C@_0M@GDNOONDI@FlsGetValue?$AA@ 000000018000d520     libvcruntime:winapi_downlevel.obj
 0002:00000538       ??_C@_0M@JCPCPOEF@FlsSetValue?$AA@ 000000018000d538     libvcruntime:winapi_downlevel.obj
 0002:00000550       ??_C@_0BM@HCFOFFN@InitializeCriticalSectionEx?$AA@ 000000018000d550     libvcruntime:winapi_downlevel.obj
 0002:00000890       ??_C@_08EHJDFFNH@__based?$CI?$AA@ 000000018000d890     libvcruntime:undname.obj
 0002:000008a0       ??_C@_07KOLFKCDI@__cdecl?$AA@ 000000018000d8a0     libvcruntime:undname.obj
 0002:000008a8       ??_C@_08GHMPAG@__pascal?$AA@ 000000018000d8a8     libvcruntime:undname.obj
 0002:000008b8       ??_C@_09IFJBGAPI@__stdcall?$AA@ 000000018000d8b8     libvcruntime:undname.obj
 0002:000008c8       ??_C@_0L@NPHFGOKO@__thiscall?$AA@ 000000018000d8c8     libvcruntime:undname.obj
 0002:000008d8       ??_C@_0L@JMKHOMEK@__fastcall?$AA@ 000000018000d8d8     libvcruntime:undname.obj
 0002:000008e8       ??_C@_0N@BCKKPABJ@__vectorcall?$AA@ 000000018000d8e8     libvcruntime:undname.obj
 0002:000008f8       ??_C@_09HIJEGCPM@__clrcall?$AA@ 000000018000d8f8     libvcruntime:undname.obj
 0002:00000904       ??_C@_06GHPCKEAG@__eabi?$AA@ 000000018000d904     libvcruntime:undname.obj
 0002:00000910       ??_C@_07JOMMBBKO@__ptr64?$AA@ 000000018000d910     libvcruntime:undname.obj
 0002:00000918       ??_C@_0L@PILCLIHE@__restrict?$AA@ 000000018000d918     libvcruntime:undname.obj
 0002:00000928       ??_C@_0M@GFIIJFMG@__unaligned?$AA@ 000000018000d928     libvcruntime:undname.obj
 0002:00000938       ??_C@_09DHDLOLLB@restrict?$CI?$AA@ 000000018000d938     libvcruntime:undname.obj
 0002:00000942       ??_C@_00CNPNBAHC@?$AA@     000000018000d942     libvcruntime:undname.obj
 0002:00000944       ??_C@_04NIHEBCM@?5new?$AA@ 000000018000d944     libvcruntime:undname.obj
 0002:00000950       ??_C@_07FPCDHGMM@?5delete?$AA@ 000000018000d950     libvcruntime:undname.obj
 0002:00000958       ??_C@_01NEMOKFLO@?$DN?$AA@ 000000018000d958     libvcruntime:undname.obj
 0002:0000095c       ??_C@_02GPIOPFAK@?$DO?$DO?$AA@ 000000018000d95c     libvcruntime:undname.obj
 0002:00000960       ??_C@_02FODMEDOG@?$DM?$DM?$AA@ 000000018000d960     libvcruntime:undname.obj
 0002:00000964       ??_C@_01DCLJPIOD@?$CB?$AA@ 000000018000d964     libvcruntime:undname.obj
 0002:00000968       ??_C@_02EGOFBIJA@?$DN?$DN?$AA@ 000000018000d968     libvcruntime:undname.obj
 0002:0000096c       ??_C@_02FDNJECIE@?$CB?$DN?$AA@ 000000018000d96c     libvcruntime:undname.obj
 0002:00000970       ??_C@_02GPECMEKF@?$FL?$FN?$AA@ 000000018000d970     libvcruntime:undname.obj
 0002:00000978       ??_C@_08LHJFAFGD@operator?$AA@ 000000018000d978     libvcruntime:undname.obj
 0002:00000984       ??_C@_02HBOOOICD@?9?$DO?$AA@ 000000018000d984     libvcruntime:undname.obj
 0002:00000988       ??_C@_01NBENCBCI@?$CK?$AA@ 000000018000d988     libvcruntime:undname.obj
 0002:0000098c       ??_C@_02ECNGHCIF@?$CL?$CL?$AA@ 000000018000d98c     libvcruntime:undname.obj
 0002:00000990       ??_C@_02BAABKJLB@?9?9?$AA@ 000000018000d990     libvcruntime:undname.obj
 0002:00000994       ??_C@_01JOAMLHOP@?9?$AA@   000000018000d994     libvcruntime:undname.obj
 0002:00000998       ??_C@_01MIFGBAGJ@?$CL?$AA@ 000000018000d998     libvcruntime:undname.obj
 0002:0000099c       ??_C@_01HNPIGOCE@?$CG?$AA@ 000000018000d99c     libvcruntime:undname.obj
 0002:000009a0       ??_C@_03MNHNFDLC@?9?$DO?$CK?$AA@ 000000018000d9a0     libvcruntime:undname.obj
 0002:000009a4       ??_C@_01KMDKNFGN@?1?$AA@   000000018000d9a4     libvcruntime:undname.obj
 0002:000009a8       ??_C@_01FGNFDNOH@?$CF?$AA@ 000000018000d9a8     libvcruntime:undname.obj
 0002:000009ac       ??_C@_01MNNFJEPP@?$DM?$AA@ 000000018000d9ac     libvcruntime:undname.obj
 0002:000009b0       ??_C@_02EHCHHCKH@?$DM?$DN?$AA@ 000000018000d9b0     libvcruntime:undname.obj
 0002:000009b4       ??_C@_01PPODPGHN@?$DO?$AA@ 000000018000d9b4     libvcruntime:undname.obj
 0002:000009b8       ??_C@_02EEKDKGMJ@?$DO?$DN?$AA@ 000000018000d9b8     libvcruntime:undname.obj
 0002:000009bc       ??_C@_01IHBHIGKO@?0?$AA@   000000018000d9bc     libvcruntime:undname.obj
 0002:000009c0       ??_C@_02HCKGKOFO@?$CI?$CJ?$AA@ 000000018000d9c0     libvcruntime:undname.obj
 0002:000009c4       ??_C@_01PJKLJHI@?$HO?$AA@  000000018000d9c4     libvcruntime:undname.obj
 0002:000009c8       ??_C@_01JKBOJNNK@?$FO?$AA@ 000000018000d9c8     libvcruntime:undname.obj
 0002:000009cc       ??_C@_01DNKMNLPK@?$HM?$AA@ 000000018000d9cc     libvcruntime:undname.obj
 0002:000009d0       ??_C@_02PPKAJPJL@?$CG?$CG?$AA@ 000000018000d9d0     libvcruntime:undname.obj
 0002:000009d4       ??_C@_02NONPIBCD@?$HM?$HM?$AA@ 000000018000d9d4     libvcruntime:undname.obj
 0002:000009d8       ??_C@_02FPIMKNGF@?$CK?$DN?$AA@ 000000018000d9d8     libvcruntime:undname.obj
 0002:000009dc       ??_C@_02FOEOMHFC@?$CL?$DN?$AA@ 000000018000d9dc     libvcruntime:undname.obj
 0002:000009e0       ??_C@_02FKMDLLOA@?9?$DN?$AA@ 000000018000d9e0     libvcruntime:undname.obj
 0002:000009e4       ??_C@_02FJEHGPIO@?1?$DN?$AA@ 000000018000d9e4     libvcruntime:undname.obj
 0002:000009e8       ??_C@_02FENAOKFI@?$CF?$DN?$AA@ 000000018000d9e8     libvcruntime:undname.obj
 0002:000009ec       ??_C@_03IKFCCPFF@?$DO?$DO?$DN?$AA@ 000000018000d9ec     libvcruntime:undname.obj
 0002:000009f0       ??_C@_03CDNPDDLA@?$DM?$DM?$DN?$AA@ 000000018000d9f0     libvcruntime:undname.obj
 0002:000009f4       ??_C@_02FGJGFEAB@?$CG?$DN?$AA@ 000000018000d9f4     libvcruntime:undname.obj
 0002:000009f8       ??_C@_02DHLNPPGH@?$HM?$DN?$AA@ 000000018000d9f8     libvcruntime:undname.obj
 0002:000009fc       ??_C@_02MHEGNOJ@?$FO?$DN?$AA@ 000000018000d9fc     libvcruntime:undname.obj
 0002:00000a00       ??_C@_09IFPLHPGF@?$GAvftable?8?$AA@ 000000018000da00     libvcruntime:undname.obj
 0002:00000a10       ??_C@_09BLBHBJP@?$GAvbtable?8?$AA@ 000000018000da10     libvcruntime:undname.obj
 0002:00000a20       ??_C@_07FEEIOKP@?$GAvcall?8?$AA@ 000000018000da20     libvcruntime:undname.obj
 0002:00000a28       ??_C@_08LLFFHHDJ@?$GAtypeof?8?$AA@ 000000018000da28     libvcruntime:undname.obj
 0002:00000a38       ??_C@_0BF@KDPPACIK@?$GAlocal?5static?5guard?8?$AA@ 000000018000da38     libvcruntime:undname.obj
 0002:00000a50       ??_C@_08OBABFOLI@?$GAstring?8?$AA@ 000000018000da50     libvcruntime:undname.obj
 0002:00000a60       ??_C@_0BD@JDLKDPAB@?$GAvbase?5destructor?8?$AA@ 000000018000da60     libvcruntime:undname.obj
 0002:00000a78       ??_C@_0BN@DEGPLNFK@?$GAvector?5deleting?5destructor?8?$AA@ 000000018000da78     libvcruntime:undname.obj
 0002:00000a98       ??_C@_0BO@OBMKPJIG@?$GAdefault?5constructor?5closure?8?$AA@ 000000018000da98     libvcruntime:undname.obj
 0002:00000ab8       ??_C@_0BN@IMDCHIKM@?$GAscalar?5deleting?5destructor?8?$AA@ 000000018000dab8     libvcruntime:undname.obj
 0002:00000ad8       ??_C@_0BO@PFGOCPJJ@?$GAvector?5constructor?5iterator?8?$AA@ 000000018000dad8     libvcruntime:undname.obj
 0002:00000af8       ??_C@_0BN@LFPFMEDL@?$GAvector?5destructor?5iterator?8?$AA@ 000000018000daf8     libvcruntime:undname.obj
 0002:00000b18       ??_C@_0CE@IKBNEHA@?$GAvector?5vbase?5constructor?5iterat@ 000000018000db18     libvcruntime:undname.obj
 0002:00000b40       ??_C@_0BL@NILFHHPC@?$GAvirtual?5displacement?5map?8?$AA@ 000000018000db40     libvcruntime:undname.obj
 0002:00000b60       ??_C@_0CB@JONCMFFK@?$GAeh?5vector?5constructor?5iterator?8@ 000000018000db60     libvcruntime:undname.obj
 0002:00000b88       ??_C@_0CA@GCEOPDGL@?$GAeh?5vector?5destructor?5iterator?8?$AA@ 000000018000db88     libvcruntime:undname.obj
 0002:00000ba8       ??_C@_0CH@OOJPLCPH@?$GAeh?5vector?5vbase?5constructor?5ite@ 000000018000dba8     libvcruntime:undname.obj
 0002:00000bd0       ??_C@_0BL@LLKPOHJI@?$GAcopy?5constructor?5closure?8?$AA@ 000000018000dbd0     libvcruntime:undname.obj
 0002:00000bf0       ??_C@_0BA@KBCDOMBN@?$GAudt?5returning?8?$AA@ 000000018000dbf0     libvcruntime:undname.obj
 0002:00000c00       ??_C@_03KLGMFNMG@?$GAEH?$AA@ 000000018000dc00     libvcruntime:undname.obj
 0002:00000c04       ??_C@_05KHLCHHI@?$GARTTI?$AA@ 000000018000dc04     libvcruntime:undname.obj
 0002:00000c10       ??_C@_0BA@KKLDJDLB@?$GAlocal?5vftable?8?$AA@ 000000018000dc10     libvcruntime:undname.obj
 0002:00000c20       ??_C@_0CE@IIHCMGGL@?$GAlocal?5vftable?5constructor?5closu@ 000000018000dc20     libvcruntime:undname.obj
 0002:00000c44       ??_C@_06FHBGPFGH@?5new?$FL?$FN?$AA@ 000000018000dc44     libvcruntime:undname.obj
 0002:00000c50       ??_C@_09LBNFPBCA@?5delete?$FL?$FN?$AA@ 000000018000dc50     libvcruntime:undname.obj
 0002:00000c60       ??_C@_0P@HJKNJFNN@?$GAomni?5callsig?8?$AA@ 000000018000dc60     libvcruntime:undname.obj
 0002:00000c70       ??_C@_0BL@CNOONJFP@?$GAplacement?5delete?5closure?8?$AA@ 000000018000dc70     libvcruntime:undname.obj
 0002:00000c90       ??_C@_0BN@CKNJLHMB@?$GAplacement?5delete?$FL?$FN?5closure?8?$AA@ 000000018000dc90     libvcruntime:undname.obj
 0002:00000cb0       ??_C@_0CG@CFDHKGGD@?$GAmanaged?5vector?5constructor?5iter@ 000000018000dcb0     libvcruntime:undname.obj
 0002:00000cd8       ??_C@_0CF@IMGKMJNO@?$GAmanaged?5vector?5destructor?5itera@ 000000018000dcd8     libvcruntime:undname.obj
 0002:00000d00       ??_C@_0CG@HLDDJMAG@?$GAeh?5vector?5copy?5constructor?5iter@ 000000018000dd00     libvcruntime:undname.obj
 0002:00000d28       ??_C@_0CM@FCBBDIGB@?$GAeh?5vector?5vbase?5copy?5constructo@ 000000018000dd28     libvcruntime:undname.obj
 0002:00000d58       ??_C@_0BL@CLIPGLGB@?$GAdynamic?5initializer?5for?5?8?$AA@ 000000018000dd58     libvcruntime:undname.obj
 0002:00000d78       ??_C@_0CB@PDBIFEP@?$GAdynamic?5atexit?5destructor?5for?5?8@ 000000018000dd78     libvcruntime:undname.obj
 0002:00000da0       ??_C@_0CD@CGAJBKEJ@?$GAvector?5copy?5constructor?5iterato@ 000000018000dda0     libvcruntime:undname.obj
 0002:00000dc8       ??_C@_0CJ@GJELGAMM@?$GAvector?5vbase?5copy?5constructor?5i@ 000000018000ddc8     libvcruntime:undname.obj
 0002:00000df8       ??_C@_0CL@FGIJHLCE@?$GAmanaged?5vector?5copy?5constructor@ 000000018000ddf8     libvcruntime:undname.obj
 0002:00000e28       ??_C@_0BM@PMGGMLDN@?$GAlocal?5static?5thread?5guard?8?$AA@ 000000018000de28     libvcruntime:undname.obj
 0002:00000e48       ??_C@_0N@BDNMDMOL@operator?5?$CC?$CC?5?$AA@ 000000018000de48     libvcruntime:undname.obj
 0002:00000e58       ??_C@_0BC@DAFEJGAK@?5Type?5Descriptor?8?$AA@ 000000018000de58     libvcruntime:undname.obj
 0002:00000e70       ??_C@_0BM@LDKODKLH@?5Base?5Class?5Descriptor?5at?5?$CI?$AA@ 000000018000de70     libvcruntime:undname.obj
 0002:00000e90       ??_C@_0BD@LGICGFMM@?5Base?5Class?5Array?8?$AA@ 000000018000de90     libvcruntime:undname.obj
 0002:00000ea8       ??_C@_0BN@MECKDCOJ@?5Class?5Hierarchy?5Descriptor?8?$AA@ 000000018000dea8     libvcruntime:undname.obj
 0002:00000ec8       ??_C@_0BK@CFCOFLF@?5Complete?5Object?5Locator?8?$AA@ 000000018000dec8     libvcruntime:undname.obj
 0002:00000ef0       __acrt_exception_action_table 000000018000def0     libucrt:exception_filter.obj
 0002:00000fb0       __acrt_signal_action_table_count 000000018000dfb0     libucrt:exception_filter.obj
 0002:00000fb8       __acrt_signal_action_first_fpe_index 000000018000dfb8     libucrt:exception_filter.obj
 0002:00000fc0       __acrt_signal_action_fpe_count 000000018000dfc0     libucrt:exception_filter.obj
 0002:00000fc8       ??_C@_1BI@BGOHAHKC@?$AAm?$AAs?$AAc?$AAo?$AAr?$AAe?$AAe?$AA?4?$AAd?$AAl?$AAl?$AA?$AA@ 000000018000dfc8     libucrt:exit.obj
 0002:00000fe0       ??_C@_0P@MIGLKIOC@CorExitProcess?$AA@ 000000018000dfe0     libucrt:exit.obj
 0002:00001250       __lc_time_c                000000018000e250     libucrt:nlsdata.obj
 0002:00001510       ??_C@_03KOEHGMDN@Sun?$AA@  000000018000e510     libucrt:nlsdata.obj
 0002:00001514       ??_C@_03PDAGKDH@Mon?$AA@   000000018000e514     libucrt:nlsdata.obj
 0002:00001518       ??_C@_03NAGEINEP@Tue?$AA@  000000018000e518     libucrt:nlsdata.obj
 0002:0000151c       ??_C@_03MHOMLAJA@Wed?$AA@  000000018000e51c     libucrt:nlsdata.obj
 0002:00001520       ??_C@_03IOFIKPDN@Thu?$AA@  000000018000e520     libucrt:nlsdata.obj
 0002:00001524       ??_C@_03IDIOELNC@Fri?$AA@  000000018000e524     libucrt:nlsdata.obj
 0002:00001528       ??_C@_03FEFJNEK@Sat?$AA@   000000018000e528     libucrt:nlsdata.obj
 0002:0000152c       ??_C@_06OOPIFAJ@Sunday?$AA@ 000000018000e52c     libucrt:nlsdata.obj
 0002:00001534       ??_C@_06JLEDEDGH@Monday?$AA@ 000000018000e534     libucrt:nlsdata.obj
 0002:00001540       ??_C@_07BAAGCFCM@Tuesday?$AA@ 000000018000e540     libucrt:nlsdata.obj
 0002:00001548       ??_C@_09DLIGFAKA@Wednesday?$AA@ 000000018000e548     libucrt:nlsdata.obj
 0002:00001558       ??_C@_08HACCIKIA@Thursday?$AA@ 000000018000e558     libucrt:nlsdata.obj
 0002:00001564       ??_C@_06JECMNKMI@Friday?$AA@ 000000018000e564     libucrt:nlsdata.obj
 0002:00001570       ??_C@_08INBOOONO@Saturday?$AA@ 000000018000e570     libucrt:nlsdata.obj
 0002:0000157c       ??_C@_03JIHJHPIE@Jan?$AA@  000000018000e57c     libucrt:nlsdata.obj
 0002:00001580       ??_C@_03HJBDCHOM@Feb?$AA@  000000018000e580     libucrt:nlsdata.obj
 0002:00001584       ??_C@_03ODNJBKGA@Mar?$AA@  000000018000e584     libucrt:nlsdata.obj
 0002:00001588       ??_C@_03LEOLGMJP@Apr?$AA@  000000018000e588     libucrt:nlsdata.obj
 0002:0000158c       ??_C@_03CNMDKL@May?$AA@    000000018000e58c     libucrt:nlsdata.obj
 0002:00001590       ??_C@_03IDFGHECI@Jun?$AA@  000000018000e590     libucrt:nlsdata.obj
 0002:00001594       ??_C@_03LBGABGKK@Jul?$AA@  000000018000e594     libucrt:nlsdata.obj
 0002:00001598       ??_C@_03IFJFEIGA@Aug?$AA@  000000018000e598     libucrt:nlsdata.obj
 0002:0000159c       ??_C@_03GGCAPAJC@Sep?$AA@  000000018000e59c     libucrt:nlsdata.obj
 0002:000015a0       ??_C@_03BMAOKBAD@Oct?$AA@  000000018000e5a0     libucrt:nlsdata.obj
 0002:000015a4       ??_C@_03JPJOFNIA@Nov?$AA@  000000018000e5a4     libucrt:nlsdata.obj
 0002:000015a8       ??_C@_03MKABNOCG@Dec?$AA@  000000018000e5a8     libucrt:nlsdata.obj
 0002:000015b0       ??_C@_07CGJPFGJA@January?$AA@ 000000018000e5b0     libucrt:nlsdata.obj
 0002:000015b8       ??_C@_08GNJGEPFN@February?$AA@ 000000018000e5b8     libucrt:nlsdata.obj
 0002:000015c4       ??_C@_05HPCKOFNC@March?$AA@ 000000018000e5c4     libucrt:nlsdata.obj
 0002:000015cc       ??_C@_05DMJDNLEJ@April?$AA@ 000000018000e5cc     libucrt:nlsdata.obj
 0002:000015d4       ??_C@_04CNLMGBGM@June?$AA@ 000000018000e5d4     libucrt:nlsdata.obj
 0002:000015dc       ??_C@_04MIEPOIFP@July?$AA@ 000000018000e5dc     libucrt:nlsdata.obj
 0002:000015e4       ??_C@_06LBBHFDDG@August?$AA@ 000000018000e5e4     libucrt:nlsdata.obj
 0002:000015f0       ??_C@_09BHHEALKD@September?$AA@ 000000018000e5f0     libucrt:nlsdata.obj
 0002:00001600       ??_C@_07JJNFCEND@October?$AA@ 000000018000e600     libucrt:nlsdata.obj
 0002:00001608       ??_C@_08HCHEGEOA@November?$AA@ 000000018000e608     libucrt:nlsdata.obj
 0002:00001618       ??_C@_08EDHMEBNP@December?$AA@ 000000018000e618     libucrt:nlsdata.obj
 0002:00001624       ??_C@_02DEDBPAFC@AM?$AA@   000000018000e624     libucrt:nlsdata.obj
 0002:00001628       ??_C@_02CJNFDJBF@PM?$AA@   000000018000e628     libucrt:nlsdata.obj
 0002:00001630       ??_C@_08BPBNCDIB@MM?1dd?1yy?$AA@ 000000018000e630     libucrt:nlsdata.obj
 0002:00001640       ??_C@_0BE@CKGJFCPC@dddd?0?5MMMM?5dd?0?5yyyy?$AA@ 000000018000e640     libucrt:nlsdata.obj
 0002:00001658       ??_C@_08JCCMCCIL@HH?3mm?3ss?$AA@ 000000018000e658     libucrt:nlsdata.obj
 0002:00001668       ??_C@_17MBGCMIPB@?$AAS?$AAu?$AAn?$AA?$AA@ 000000018000e668     libucrt:nlsdata.obj
 0002:00001670       ??_C@_17KBOMKBF@?$AAM?$AAo?$AAn?$AA?$AA@ 000000018000e670     libucrt:nlsdata.obj
 0002:00001678       ??_C@_17BMKGEGOJ@?$AAT?$AAu?$AAe?$AA?$AA@ 000000018000e678     libucrt:nlsdata.obj
 0002:00001680       ??_C@_17CJEDCEPE@?$AAW?$AAe?$AAd?$AA?$AA@ 000000018000e680     libucrt:nlsdata.obj
 0002:00001688       ??_C@_17PDPHAADD@?$AAT?$AAh?$AAu?$AA?$AA@ 000000018000e688     libucrt:nlsdata.obj
 0002:00001690       ??_C@_17HFOLPPLP@?$AAF?$AAr?$AAi?$AA?$AA@ 000000018000e690     libucrt:nlsdata.obj
 0002:00001698       ??_C@_17GGIBDPIH@?$AAS?$AAa?$AAt?$AA?$AA@ 000000018000e698     libucrt:nlsdata.obj
 0002:000016a0       ??_C@_1O@IHNHDHPB@?$AAS?$AAu?$AAn?$AAd?$AAa?$AAy?$AA?$AA@ 000000018000e6a0     libucrt:nlsdata.obj
 0002:000016b0       ??_C@_1O@MMNBFLIA@?$AAM?$AAo?$AAn?$AAd?$AAa?$AAy?$AA?$AA@ 000000018000e6b0     libucrt:nlsdata.obj
 0002:000016c0       ??_C@_1BA@ENFBFFEK@?$AAT?$AAu?$AAe?$AAs?$AAd?$AAa?$AAy?$AA?$AA@ 000000018000e6c0     libucrt:nlsdata.obj
 0002:000016d0       ??_C@_1BE@EBOGMDOH@?$AAW?$AAe?$AAd?$AAn?$AAe?$AAs?$AAd?$AAa?$AAy?$AA?$AA@ 000000018000e6d0     libucrt:nlsdata.obj
 0002:000016e8       ??_C@_1BC@HHMNLIHE@?$AAT?$AAh?$AAu?$AAr?$AAs?$AAd?$AAa?$AAy?$AA?$AA@ 000000018000e6e8     libucrt:nlsdata.obj
 0002:00001700       ??_C@_1O@PDICJHAG@?$AAF?$AAr?$AAi?$AAd?$AAa?$AAy?$AA?$AA@ 000000018000e700     libucrt:nlsdata.obj
 0002:00001710       ??_C@_1BC@ENMNNPAJ@?$AAS?$AAa?$AAt?$AAu?$AAr?$AAd?$AAa?$AAy?$AA?$AA@ 000000018000e710     libucrt:nlsdata.obj
 0002:00001728       ??_C@_17DKNBKCHM@?$AAJ?$AAa?$AAn?$AA?$AA@ 000000018000e728     libucrt:nlsdata.obj
 0002:00001730       ??_C@_17LMDJEKJN@?$AAF?$AAe?$AAb?$AA?$AA@ 000000018000e730     libucrt:nlsdata.obj
 0002:00001738       ??_C@_17CKNLEDEC@?$AAM?$AAa?$AAr?$AA?$AA@ 000000018000e738     libucrt:nlsdata.obj
 0002:00001740       ??_C@_17LFPOIHDD@?$AAA?$AAp?$AAr?$AA?$AA@ 000000018000e740     libucrt:nlsdata.obj
 0002:00001748       ??_C@_17PNNKMEED@?$AAM?$AAa?$AAy?$AA?$AA@ 000000018000e748     libucrt:nlsdata.obj
 0002:00001750       ??_C@_17KCJGOCPB@?$AAJ?$AAu?$AAn?$AA?$AA@ 000000018000e750     libucrt:nlsdata.obj
 0002:00001758       ??_C@_17IJPCKHK@?$AAJ?$AAu?$AAl?$AA?$AA@ 000000018000e758     libucrt:nlsdata.obj
 0002:00001760       ??_C@_17ICPELBCN@?$AAA?$AAu?$AAg?$AA?$AA@ 000000018000e760     libucrt:nlsdata.obj
 0002:00001768       ??_C@_17HCHCOKMG@?$AAS?$AAe?$AAp?$AA?$AA@ 000000018000e768     libucrt:nlsdata.obj
 0002:00001770       ??_C@_17FNLKOI@?$AAO?$AAc?$AAt?$AA?$AA@ 000000018000e770     libucrt:nlsdata.obj
 0002:00001778       ??_C@_17BBDMLCIG@?$AAN?$AAo?$AAv?$AA?$AA@ 000000018000e778     libucrt:nlsdata.obj
 0002:00001780       ??_C@_17EGKACKIF@?$AAD?$AAe?$AAc?$AA?$AA@ 000000018000e780     libucrt:nlsdata.obj
 0002:00001788       ??_C@_1BA@EFMEIEBA@?$AAJ?$AAa?$AAn?$AAu?$AAa?$AAr?$AAy?$AA?$AA@ 000000018000e788     libucrt:nlsdata.obj
 0002:00001798       ??_C@_1BC@JGDDFFAM@?$AAF?$AAe?$AAb?$AAr?$AAu?$AAa?$AAr?$AAy?$AA?$AA@ 000000018000e798     libucrt:nlsdata.obj
 0002:000017b0       ??_C@_1M@IKEENEDF@?$AAM?$AAa?$AAr?$AAc?$AAh?$AA?$AA@ 000000018000e7b0     libucrt:nlsdata.obj
 0002:000017c0       ??_C@_1M@GJNLMHFD@?$AAA?$AAp?$AAr?$AAi?$AAl?$AA?$AA@ 000000018000e7c0     libucrt:nlsdata.obj
 0002:000017d0       ??_C@_19EPFLPGAP@?$AAJ?$AAu?$AAn?$AAe?$AA?$AA@ 000000018000e7d0     libucrt:nlsdata.obj
 0002:000017e0       ??_C@_19BIFMLPCD@?$AAJ?$AAu?$AAl?$AAy?$AA?$AA@ 000000018000e7e0     libucrt:nlsdata.obj
 0002:000017f0       ??_C@_1O@PAHLKOAC@?$AAA?$AAu?$AAg?$AAu?$AAs?$AAt?$AA?$AA@ 000000018000e7f0     libucrt:nlsdata.obj
 0002:00001800       ??_C@_1BE@DKAAMBJL@?$AAS?$AAe?$AAp?$AAt?$AAe?$AAm?$AAb?$AAe?$AAr?$AA?$AA@ 000000018000e800     libucrt:nlsdata.obj
 0002:00001818       ??_C@_1BA@EPANDLNG@?$AAO?$AAc?$AAt?$AAo?$AAb?$AAe?$AAr?$AA?$AA@ 000000018000e818     libucrt:nlsdata.obj
 0002:00001828       ??_C@_1BC@BGLIFPF@?$AAN?$AAo?$AAv?$AAe?$AAm?$AAb?$AAe?$AAr?$AA?$AA@ 000000018000e828     libucrt:nlsdata.obj
 0002:00001840       ??_C@_1BC@FEMKIFH@?$AAD?$AAe?$AAc?$AAe?$AAm?$AAb?$AAe?$AAr?$AA?$AA@ 000000018000e840     libucrt:nlsdata.obj
 0002:00001854       ??_C@_15ODEHAHHF@?$AAA?$AAM?$AA?$AA@ 000000018000e854     libucrt:nlsdata.obj
 0002:0000185c       ??_C@_15CLMNNGEL@?$AAP?$AAM?$AA?$AA@ 000000018000e85c     libucrt:nlsdata.obj
 0002:00001868       ??_C@_1BC@IEBCMHCM@?$AAM?$AAM?$AA?1?$AAd?$AAd?$AA?1?$AAy?$AAy?$AA?$AA@ 000000018000e868     libucrt:nlsdata.obj
 0002:00001880       ??_C@_1CI@KNAKOEBC@?$AAd?$AAd?$AAd?$AAd?$AA?0?$AA?5?$AAM?$AAM?$AAM?$AAM?$AA?5?$AAd?$AAd?$AA?0?$AA?5?$AAy?$AAy?$AAy?$AAy?$AA?$AA@ 000000018000e880     libucrt:nlsdata.obj
 0002:000018a8       ??_C@_1BC@GDGBMEMK@?$AAH?$AAH?$AA?3?$AAm?$AAm?$AA?3?$AAs?$AAs?$AA?$AA@ 000000018000e8a8     libucrt:nlsdata.obj
 0002:000018c0       ??_C@_1M@BMHNFIME@?$AAe?$AAn?$AA?9?$AAU?$AAS?$AA?$AA@ 000000018000e8c0     libucrt:nlsdata.obj
 0002:00001970       ??_C@_1EG@CNNIPFIM@?$AAa?$AAp?$AAi?$AA?9?$AAm?$AAs?$AA?9?$AAw?$AAi?$AAn?$AA?9?$AAa?$AAp?$AAp?$AAm?$AAo?$AAd?$AAe?$AAl?$AA?9?$AAr?$AAu?$AAn?$AAt?$AAi?$AAm?$AAe?$AA?9?$AAl?$AA1?$AA?9?$AA1@ 000000018000e970     libucrt:winapi_thunks.obj
 0002:000019c0       ??_C@_1EA@JGEFHKEI@?$AAa?$AAp?$AAi?$AA?9?$AAm?$AAs?$AA?9?$AAw?$AAi?$AAn?$AA?9?$AAc?$AAo?$AAr?$AAe?$AA?9?$AAd?$AAa?$AAt?$AAe?$AAt?$AAi?$AAm?$AAe?$AA?9?$AAl?$AA1?$AA?9?$AA1?$AA?9?$AA1?$AA?$AA@ 000000018000e9c0     libucrt:winapi_thunks.obj
 0002:00001a00       ??_C@_1DI@GCIAAENM@?$AAa?$AAp?$AAi?$AA?9?$AAm?$AAs?$AA?9?$AAw?$AAi?$AAn?$AA?9?$AAc?$AAo?$AAr?$AAe?$AA?9?$AAf?$AAi?$AAl?$AAe?$AA?9?$AAl?$AA2?$AA?9?$AA1?$AA?9?$AA1?$AA?$AA@ 000000018000ea00     libucrt:winapi_thunks.obj
 0002:00001a40       ??_C@_1EI@MPIAOHOC@?$AAa?$AAp?$AAi?$AA?9?$AAm?$AAs?$AA?9?$AAw?$AAi?$AAn?$AA?9?$AAc?$AAo?$AAr?$AAe?$AA?9?$AAl?$AAo?$AAc?$AAa?$AAl?$AAi?$AAz?$AAa?$AAt?$AAi?$AAo?$AAn?$AA?9?$AAl?$AA1?$AA?9@ 000000018000ea40     libucrt:winapi_thunks.obj
 0002:00001a90       ??_C@_1FK@FPHCKFIE@?$AAa?$AAp?$AAi?$AA?9?$AAm?$AAs?$AA?9?$AAw?$AAi?$AAn?$AA?9?$AAc?$AAo?$AAr?$AAe?$AA?9?$AAl?$AAo?$AAc?$AAa?$AAl?$AAi?$AAz?$AAa?$AAt?$AAi?$AAo?$AAn?$AA?9?$AAo?$AAb?$AAs@ 000000018000ea90     libucrt:winapi_thunks.obj
 0002:00001af0       ??_C@_1EM@DILCGIIO@?$AAa?$AAp?$AAi?$AA?9?$AAm?$AAs?$AA?9?$AAw?$AAi?$AAn?$AA?9?$AAc?$AAo?$AAr?$AAe?$AA?9?$AAp?$AAr?$AAo?$AAc?$AAe?$AAs?$AAs?$AAt?$AAh?$AAr?$AAe?$AAa?$AAd?$AAs?$AA?9?$AAl@ 000000018000eaf0     libucrt:winapi_thunks.obj
 0002:00001b40       ??_C@_1DM@LNCGDDPN@?$AAa?$AAp?$AAi?$AA?9?$AAm?$AAs?$AA?9?$AAw?$AAi?$AAn?$AA?9?$AAc?$AAo?$AAr?$AAe?$AA?9?$AAs?$AAt?$AAr?$AAi?$AAn?$AAg?$AA?9?$AAl?$AA1?$AA?9?$AA1?$AA?9?$AA0?$AA?$AA@ 000000018000eb40     libucrt:winapi_thunks.obj
 0002:00001b80       ??_C@_1DO@FPAPJEMD@?$AAa?$AAp?$AAi?$AA?9?$AAm?$AAs?$AA?9?$AAw?$AAi?$AAn?$AA?9?$AAc?$AAo?$AAr?$AAe?$AA?9?$AAs?$AAy?$AAs?$AAi?$AAn?$AAf?$AAo?$AA?9?$AAl?$AA1?$AA?9?$AA2?$AA?9?$AA1?$AA?$AA@ 000000018000eb80     libucrt:winapi_thunks.obj
 0002:00001bc0       ??_C@_1DK@NDHNAHIO@?$AAa?$AAp?$AAi?$AA?9?$AAm?$AAs?$AA?9?$AAw?$AAi?$AAn?$AA?9?$AAc?$AAo?$AAr?$AAe?$AA?9?$AAw?$AAi?$AAn?$AAr?$AAt?$AA?9?$AAl?$AA1?$AA?9?$AA1?$AA?9?$AA0?$AA?$AA@ 000000018000ebc0     libucrt:winapi_thunks.obj
 0002:00001c00       ??_C@_1DM@KGHDGBCM@?$AAa?$AAp?$AAi?$AA?9?$AAm?$AAs?$AA?9?$AAw?$AAi?$AAn?$AA?9?$AAc?$AAo?$AAr?$AAe?$AA?9?$AAx?$AAs?$AAt?$AAa?$AAt?$AAe?$AA?9?$AAl?$AA2?$AA?9?$AA1?$AA?9?$AA0?$AA?$AA@ 000000018000ec00     libucrt:winapi_thunks.obj
 0002:00001c40       ??_C@_1EO@IJIOEFOH@?$AAa?$AAp?$AAi?$AA?9?$AAm?$AAs?$AA?9?$AAw?$AAi?$AAn?$AA?9?$AAr?$AAt?$AAc?$AAo?$AAr?$AAe?$AA?9?$AAn?$AAt?$AAu?$AAs?$AAe?$AAr?$AA?9?$AAw?$AAi?$AAn?$AAd?$AAo?$AAw?$AA?9@ 000000018000ec40     libucrt:winapi_thunks.obj
 0002:00001c90       ??_C@_1FG@HHGEKANL@?$AAa?$AAp?$AAi?$AA?9?$AAm?$AAs?$AA?9?$AAw?$AAi?$AAn?$AA?9?$AAs?$AAe?$AAc?$AAu?$AAr?$AAi?$AAt?$AAy?$AA?9?$AAs?$AAy?$AAs?$AAt?$AAe?$AAm?$AAf?$AAu?$AAn?$AAc?$AAt?$AAi@ 000000018000ec90     libucrt:winapi_thunks.obj
 0002:00001cf0       ??_C@_1FG@NCKKOLKO@?$AAe?$AAx?$AAt?$AA?9?$AAm?$AAs?$AA?9?$AAw?$AAi?$AAn?$AA?9?$AAk?$AAe?$AAr?$AAn?$AAe?$AAl?$AA3?$AA2?$AA?9?$AAp?$AAa?$AAc?$AAk?$AAa?$AAg?$AAe?$AA?9?$AAc?$AAu?$AAr?$AAr@ 000000018000ecf0     libucrt:winapi_thunks.obj
 0002:00001d50       ??_C@_1EG@DBIOJECG@?$AAe?$AAx?$AAt?$AA?9?$AAm?$AAs?$AA?9?$AAw?$AAi?$AAn?$AA?9?$AAn?$AAt?$AAu?$AAs?$AAe?$AAr?$AA?9?$AAd?$AAi?$AAa?$AAl?$AAo?$AAg?$AAb?$AAo?$AAx?$AA?9?$AAl?$AA1?$AA?9?$AA1@ 000000018000ed50     libucrt:winapi_thunks.obj
 0002:00001da0       ??_C@_1EO@FIHMJCLF@?$AAe?$AAx?$AAt?$AA?9?$AAm?$AAs?$AA?9?$AAw?$AAi?$AAn?$AA?9?$AAn?$AAt?$AAu?$AAs?$AAe?$AAr?$AA?9?$AAw?$AAi?$AAn?$AAd?$AAo?$AAw?$AAs?$AAt?$AAa?$AAt?$AAi?$AAo?$AAn?$AA?9@ 000000018000eda0     libucrt:winapi_thunks.obj
 0002:00001df0       ??_C@_1O@BCCLBEOE@?$AAu?$AAs?$AAe?$AAr?$AA3?$AA2?$AA?$AA@ 000000018000edf0     libucrt:winapi_thunks.obj
 0002:00001e28       ??_C@_0BE@JOGNEJCI@GetCurrentPackageId?$AA@ 000000018000ee28     libucrt:winapi_thunks.obj
 0002:00001e50       ??_C@_0O@KKBNKAPF@LCMapStringEx?$AA@ 000000018000ee50     libucrt:winapi_thunks.obj
 0002:00001e68       ??_C@_0BB@HBDEELFH@LocaleNameToLCID?$AA@ 000000018000ee68     libucrt:winapi_thunks.obj
 0002:00001ea0       ??_C@_1M@HPNHIDJI@?$AAj?$AAa?$AA?9?$AAJ?$AAP?$AA?$AA@ 000000018000eea0     libucrt:mbctype.obj
 0002:00001eb0       ??_C@_1M@BIBDDEMK@?$AAz?$AAh?$AA?9?$AAC?$AAN?$AA?$AA@ 000000018000eeb0     libucrt:mbctype.obj
 0002:00001ec0       ??_C@_1M@JLOOOEGK@?$AAk?$AAo?$AA?9?$AAK?$AAR?$AA?$AA@ 000000018000eec0     libucrt:mbctype.obj
 0002:00001ed0       ??_C@_1M@CLNBBOPM@?$AAz?$AAh?$AA?9?$AAT?$AAW?$AA?$AA@ 000000018000eed0     libucrt:mbctype.obj
 0002:00001ee0       __newctype                 000000018000eee0     libucrt:ctype.obj
 0002:000021e0       __newclmap                 000000018000f1e0     libucrt:ctype.obj
 0002:00002360       __newcumap                 000000018000f360     libucrt:ctype.obj
 0002:000024e0       ??_C@_15PJPFLCCM@?$AAu?$AAk?$AA?$AA@ 000000018000f4e0     libucrt:get_qualified_locale.obj
 0002:00003330       ??_C@_15EMKDOKLE@?$AAa?$AAr?$AA?$AA@ 0000000180010330     libucrt:lcidtoname_downlevel.obj
 0002:00003338       ??_C@_15KNPADPLH@?$AAb?$AAg?$AA?$AA@ 0000000180010338     libucrt:lcidtoname_downlevel.obj
 0002:00003340       ??_C@_15EDMHLDMO@?$AAc?$AAa?$AA?$AA@ 0000000180010340     libucrt:lcidtoname_downlevel.obj
 0002:00003348       ??_C@_1O@BPEAJADD@?$AAz?$AAh?$AA?9?$AAC?$AAH?$AAS?$AA?$AA@ 0000000180010348     libucrt:lcidtoname_downlevel.obj
 0002:00003358       ??_C@_15LJNHCMNK@?$AAc?$AAs?$AA?$AA@ 0000000180010358     libucrt:lcidtoname_downlevel.obj
 0002:00003360       ??_C@_15FOMCIDHG@?$AAd?$AAa?$AA?$AA@ 0000000180010360     libucrt:lcidtoname_downlevel.obj
 0002:00003368       ??_C@_15NBKABECB@?$AAd?$AAe?$AA?$AA@ 0000000180010368     libucrt:lcidtoname_downlevel.obj
 0002:00003370       ??_C@_15GHPEIIAO@?$AAe?$AAl?$AA?$AA@ 0000000180010370     libucrt:lcidtoname_downlevel.obj
 0002:00003378       ??_C@_15MNPNEAIF@?$AAe?$AAn?$AA?$AA@ 0000000180010378     libucrt:lcidtoname_downlevel.obj
 0002:00003380       ??_C@_15GPIOMPMH@?$AAe?$AAs?$AA?$AA@ 0000000180010380     libucrt:lcidtoname_downlevel.obj
 0002:00003388       ??_C@_15NGLOAKJC@?$AAf?$AAi?$AA?$AA@ 0000000180010388     libucrt:lcidtoname_downlevel.obj
 0002:00003390       ??_C@_15FBKGNKAM@?$AAf?$AAr?$AA?$AA@ 0000000180010390     libucrt:lcidtoname_downlevel.obj
 0002:00003398       ??_C@_15KGGCNEFK@?$AAh?$AAe?$AA?$AA@ 0000000180010398     libucrt:lcidtoname_downlevel.obj
 0002:000033a0       ??_C@_15PGHLIDMF@?$AAh?$AAu?$AA?$AA@ 00000001800103a0     libucrt:lcidtoname_downlevel.obj
 0002:000033a8       ??_C@_15BIEMAPLM@?$AAi?$AAs?$AA?$AA@ 00000001800103a8     libucrt:lcidtoname_downlevel.obj
 0002:000033b0       ??_C@_15IFJLDHAF@?$AAi?$AAt?$AA?$AA@ 00000001800103b0     libucrt:lcidtoname_downlevel.obj
 0002:000033b8       ??_C@_15GEMIOCAG@?$AAj?$AAa?$AA?$AA@ 00000001800103b8     libucrt:lcidtoname_downlevel.obj
 0002:000033c0       ??_C@_15EPELEGJA@?$AAk?$AAo?$AA?$AA@ 00000001800103c0     libucrt:lcidtoname_downlevel.obj
 0002:000033c8       ??_C@_15NDDHIMN@?$AAn?$AAl?$AA?$AA@ 00000001800103c8     libucrt:lcidtoname_downlevel.obj
 0002:000033d0       ??_C@_15BPIGNHCD@?$AAn?$AAo?$AA?$AA@ 00000001800103d0     libucrt:lcidtoname_downlevel.obj
 0002:000033d8       ??_C@_15DEOPBLCG@?$AAp?$AAl?$AA?$AA@ 00000001800103d8     libucrt:lcidtoname_downlevel.obj
 0002:000033e0       ??_C@_15KBECGEFG@?$AAp?$AAt?$AA?$AA@ 00000001800103e0     libucrt:lcidtoname_downlevel.obj
 0002:000033e8       ??_C@_15GLJCBFMD@?$AAr?$AAo?$AA?$AA@ 00000001800103e8     libucrt:lcidtoname_downlevel.obj
 0002:000033f0       ??_C@_15FEDGKCDI@?$AAr?$AAu?$AA?$AA@ 00000001800103f0     libucrt:lcidtoname_downlevel.obj
 0002:000033f8       ??_C@_15GLKMLLHM@?$AAh?$AAr?$AA?$AA@ 00000001800103f8     libucrt:lcidtoname_downlevel.obj
 0002:00003400       ??_C@_15CPKMFBDB@?$AAs?$AAk?$AA?$AA@ 0000000180010400     libucrt:lcidtoname_downlevel.obj
 0002:00003408       ??_C@_15BAAIOGMK@?$AAs?$AAq?$AA?$AA@ 0000000180010408     libucrt:lcidtoname_downlevel.obj
 0002:00003410       ??_C@_15INNPNOHD@?$AAs?$AAv?$AA?$AA@ 0000000180010410     libucrt:lcidtoname_downlevel.obj
 0002:00003418       ??_C@_15CABMMOGH@?$AAt?$AAh?$AA?$AA@ 0000000180010418     libucrt:lcidtoname_downlevel.obj
 0002:00003420       ??_C@_15BPLIHJJM@?$AAt?$AAr?$AA?$AA@ 0000000180010420     libucrt:lcidtoname_downlevel.obj
 0002:00003428       ??_C@_15NEOEKKDJ@?$AAu?$AAr?$AA?$AA@ 0000000180010428     libucrt:lcidtoname_downlevel.obj
 0002:00003430       ??_C@_15NFICGAJK@?$AAi?$AAd?$AA?$AA@ 0000000180010430     libucrt:lcidtoname_downlevel.obj
 0002:00003438       ??_C@_15HPJPHDM@?$AAb?$AAe?$AA?$AA@ 0000000180010438     libucrt:lcidtoname_downlevel.obj
 0002:00003440       ??_C@_15LCHLGJII@?$AAs?$AAl?$AA?$AA@ 0000000180010440     libucrt:lcidtoname_downlevel.obj
 0002:00003448       ??_C@_15PCFJPHHO@?$AAe?$AAt?$AA?$AA@ 0000000180010448     libucrt:lcidtoname_downlevel.obj
 0002:00003450       ??_C@_15HPFPGODN@?$AAl?$AAv?$AA?$AA@ 0000000180010450     libucrt:lcidtoname_downlevel.obj
 0002:00003458       ??_C@_15NFFGKGLG@?$AAl?$AAt?$AA?$AA@ 0000000180010458     libucrt:lcidtoname_downlevel.obj
 0002:00003460       ??_C@_15BDAKCCHN@?$AAf?$AAa?$AA?$AA@ 0000000180010460     libucrt:lcidtoname_downlevel.obj
 0002:00003468       ??_C@_15NFGIAIAJ@?$AAv?$AAi?$AA?$AA@ 0000000180010468     libucrt:lcidtoname_downlevel.obj
[...]
 0004:00000840       $pdata$?getSystemCP@@YAHH@Z 0000000180019840     libucrt:mbctype.obj
 0004:0000084c       $pdata$?setSBCS@@YAXPEAU__crt_multibyte_data@@@Z 000000018001984c     libucrt:mbctype.obj
 0004:00000858       $pdata$?setSBUpLow@@YAXPEAU__crt_multibyte_data@@@Z 0000000180019858     libucrt:mbctype.obj
 0004:00000864       $pdata$?setmbcp_internal@@YAHH_N@Z 0000000180019864     libucrt:mbctype.obj
 0004:00000870       $pdata$__acrt_initialize_multibyte 0000000180019870     libucrt:mbctype.obj
 0004:0000087c       $pdata$__acrt_update_thread_multibyte_data 000000018001987c     libucrt:mbctype.obj
 0004:00000888       $pdata$_setmbcp_nolock     0000000180019888     libucrt:mbctype.obj
 0004:00000894       $pdata$?x_ismbbtype_l@@YAHPEAU__crt_locale_pointers@@IHH@Z 0000000180019894     libucrt:ismbbyte.obj
 0004:000008a0       $pdata$__acrt_initialize_command_line 00000001800198a0     libucrt:argv_data.obj
 0004:000008ac       $pdata$__dcrt_get_narrow_environment_from_os 00000001800198ac     libucrt:get_environment_from_os.obj
 0004:000008b8       $pdata$_recalloc_base      00000001800198b8     libucrt:recalloc.obj
 0004:000008c4       $pdata$__acrt_initialize_heap 00000001800198c4     libucrt:heap_handle.obj
 0004:000008d0       $pdata$?initialize_inherited_file_handles_nolock@@YAXXZ 00000001800198d0     libucrt:ioinit.obj
 0004:000008dc       $pdata$?initialize_stdio_handles_nolock@@YAXXZ 00000001800198dc     libucrt:ioinit.obj
 0004:000008e8       $pdata$__acrt_initialize_lowio 00000001800198e8     libucrt:ioinit.obj
 0004:000008f4       $pdata$__acrt_uninitialize_lowio 00000001800198f4     libucrt:ioinit.obj
 0004:00000900       $pdata$__acrt_execute_initializers 0000000180019900     libucrt:shared_initialization.obj
 0004:0000090c       $pdata$__acrt_execute_uninitializers 000000018001990c     libucrt:shared_initialization.obj
 0004:00000918       $pdata$??$?RV<lambda_c36588078e9f5dfd39652860aa6b3aaf>@@AEAV<lambda_ec61778202f4f5fc7e7711acc23c3bca>@@V<lambda_dc9d2797ccde5d239b4a0efae8ebd7db>@@@?$__crt_seh_guarded_call@P6AXH@Z@@QEAAP6AXH@Z$$QEAV<lambda_c36588078e9f5dfd39652860aa6b3aaf>@@AEAV<lambda_ec61778202f4f5fc7e7711acc23c3bca>@@$$QEAV<lambda_dc9d2797ccde5d239b4a0efae8ebd7db>@@@Z 0000000180019918     libucrt:signal.obj
 0004:00000924       $pdata$__acrt_get_sigabrt_handler 0000000180019924     libucrt:signal.obj
 0004:00000930       $pdata$raise               0000000180019930     libucrt:signal.obj
 0004:0000093c       $pdata$__acrt_invoke_user_matherr 000000018001993c     libucrt:matherr.obj
 0004:00000948       $pdata$_mbtowc_l           0000000180019948     libucrt:mbtowc.obj
 0004:00000954       $pdata$_fileno             0000000180019954     libucrt:fileno.obj
 0004:00000960       $pdata$__acrt_initialize_stdio 0000000180019960     libucrt:_file.obj
 0004:0000096c       $pdata$__acrt_uninitialize_stdio 000000018001996c     libucrt:_file.obj
 0004:00000978       $pdata$__pctype_func       0000000180019978     libucrt:ctype.obj
 0004:00000984       $pdata$_isctype_l          0000000180019984     libucrt:isctype.obj
 0004:00000990       $pdata$__acrt_free_locale  0000000180019990     libucrt:locale_refcounting.obj
 0004:0000099c       $pdata$__acrt_locale_free_lc_time_if_unreferenced 000000018001999c     libucrt:locale_refcounting.obj
 0004:000009a8       $pdata$__acrt_release_locale_ref 00000001800199a8     libucrt:locale_refcounting.obj
 0004:000009b4       $pdata$__acrt_update_thread_locale_data 00000001800199b4     libucrt:locale_refcounting.obj
 0004:000009c0       $pdata$_updatetlocinfoEx_nolock 00000001800199c0     libucrt:locale_refcounting.obj
 0004:000009cc       $pdata$_isleadbyte_l       00000001800199cc     libucrt:_wctype.obj
 0004:000009d8       $pdata$?__acrt_LCMapStringA_stat@@YAHPEAU__crt_locale_pointers@@PEB_WKPEBDHPEADHHH@Z 00000001800199d8     libucrt:lcmapstringa.obj
 0004:000009e4       $pdata$__acrt_LCMapStringA 00000001800199e4     libucrt:lcmapstringa.obj
 0004:000009f0       $pdata$__acrt_locale_free_monetary 00000001800199f0     libucrt:initmon.obj
 0004:000009fc       $pdata$__acrt_locale_free_numeric 00000001800199fc     libucrt:initnum.obj
 0004:00000a08       $pdata$?free_crt_array_internal@@YAXQEAPEBX_K@Z 0000000180019a08     libucrt:inittime.obj
 0004:00000a14       $pdata$__acrt_locale_free_time 0000000180019a14     libucrt:inittime.obj
 0004:00000a20       $pdata$__acrt_GetStringTypeA 0000000180019a20     libucrt:getstringtypea.obj
 0004:00000a2c       $pdata$?GetTableIndexFromLocaleName@@YAHPEB_W@Z 0000000180019a2c     libucrt:lcidtoname_downlevel.obj
 0004:00000a38       $pdata$__acrt_DownlevelLocaleNameToLCID 0000000180019a38     libucrt:lcidtoname_downlevel.obj
 0004:00000a44       $pdata$?shortsort@@YAXPEAD0_KP6AHPEBX2@Z@Z 0000000180019a44     libucrt:qsort.obj
 0004:00000a50       $pdata$2$?shortsort@@YAXPEAD0_KP6AHPEBX2@Z@Z 0000000180019a50     libucrt:qsort.obj
 0004:00000a5c       $pdata$3$?shortsort@@YAXPEAD0_KP6AHPEBX2@Z@Z 0000000180019a5c     libucrt:qsort.obj
 0004:00000a68       $pdata$qsort               0000000180019a68     libucrt:qsort.obj
 0004:00000a74       $pdata$4$qsort             0000000180019a74     libucrt:qsort.obj
 0004:00000a80       $pdata$5$qsort             0000000180019a80     libucrt:qsort.obj
 0004:00000a8c       $pdata$strncpy_s           0000000180019a8c     libucrt:strncpy_s.obj
 0004:00000a98       $pdata$strpbrk             0000000180019a98     libucrt:strpbrk.obj
 0004:00000aa4       $pdata$_mbsdec_l           0000000180019aa4     libucrt:mbsdec.obj
 0004:00000ab0       $pdata$?initialize_multibyte@@YAHXZ 0000000180019ab0     libucrt:multibyte_initializer.obj
 0004:00000abc       $pdata$_msize              0000000180019abc     libucrt:msize.obj
 0004:00000ac8       $pdata$_realloc_base       0000000180019ac8     libucrt:realloc_base.obj
 0004:00000ad4       $pdata$__acrt_lowio_create_handle_array 0000000180019ad4     libucrt:osfinfo.obj
 0004:00000ae0       $pdata$__acrt_lowio_destroy_handle_array 0000000180019ae0     libucrt:osfinfo.obj
 0004:00000aec       $pdata$__acrt_lowio_ensure_fh_exists 0000000180019aec     libucrt:osfinfo.obj
 0004:00000af8       $pdata$_free_osfhnd        0000000180019af8     libucrt:osfinfo.obj
 0004:00000b04       $pdata$_get_osfhandle      0000000180019b04     libucrt:osfinfo.obj
 0004:00000b10       $pdata$_isatty             0000000180019b10     libucrt:isatty.obj
 0004:00000b1c       $pdata$__acrt_stdio_flush_nolock 0000000180019b1c     libucrt:fflush.obj
 0004:00000b28       $pdata$_fflush_nolock      0000000180019b28     libucrt:fflush.obj
 0004:00000b34       $pdata$common_flush_all    0000000180019b34     libucrt:fflush.obj
 0004:00000b40       $pdata$_fcloseall          0000000180019b40     libucrt:closeall.obj
 0004:00000b4c       $pdata$__acrt_stdio_free_buffer_nolock 0000000180019b4c     libucrt:_freebuf.obj
 0004:00000b58       $pdata$??$?RV<lambda_b521505b218e5242e90febf6bfebc422>@@AEAV<lambda_6978c1fb23f02e42e1d9e99668cc68aa>@@V<lambda_314360699dd331753a4119843814e9a7>@@@?$__crt_seh_guarded_call@H@@QEAAH$$QEAV<lambda_b521505b218e5242e90febf6bfebc422>@@AEAV<lambda_6978c1fb23f02e42e1d9e99668cc68aa>@@$$QEAV<lambda_314360699dd331753a4119843814e9a7>@@@Z 0000000180019b58     libucrt:commit.obj
 0004:00000b64       $pdata$_commit             0000000180019b64     libucrt:commit.obj
 0004:00000b70       $pdata$?write_double_translated_ansi_nolock@@YA?AUwrite_result@?A0x9c548279@@HQEBDI@Z 0000000180019b70     libucrt:write.obj
 0004:00000b7c       $pdata$?write_text_ansi_nolock@@YA?AUwrite_result@?A0x9c548279@@HQEBDI@Z 0000000180019b7c     libucrt:write.obj
 0004:00000b88       $pdata$?write_text_utf16le_nolock@@YA?AUwrite_result@?A0x9c548279@@HQEBDI@Z 0000000180019b88     libucrt:write.obj
 0004:00000b94       $pdata$?write_text_utf8_nolock@@YA?AUwrite_result@?A0x9c548279@@HQEBDI@Z 0000000180019b94     libucrt:write.obj
 0004:00000ba0       $pdata$_write              0000000180019ba0     libucrt:write.obj
 0004:00000bac       $pdata$_write_nolock       0000000180019bac     libucrt:write.obj
 0004:00000bc4       $pdata$??$common_lseek_nolock@_J@@YA_JH_JH@Z 0000000180019bc4     libucrt:lseek.obj
 0004:00000bd0       $pdata$_fclose_nolock      0000000180019bd0     libucrt:fclose.obj
 0004:00000bdc       $pdata$fclose              0000000180019bdc     libucrt:fclose.obj
 0004:00000be8       $pdata$_putwch_nolock      0000000180019be8     libucrt:putwch.obj
 0004:00000bf4       $pdata$_call_matherr       0000000180019bf4     libucrt:libm_error.obj
 0004:00000c00       $pdata$_exception_enabled  0000000180019c00     libucrt:libm_error.obj
 0004:00000c0c       $pdata$_handle_error       0000000180019c0c     libucrt:libm_error.obj
 0004:00000c18       $pdata$__acrt_initialize_fma3 0000000180019c18     libucrt:fma3_available.obj
 0004:00000c24       $pdata$_log10_special      0000000180019c24     libucrt:log_special.obj
 0004:00000c30       $pdata$_log_special_common 0000000180019c30     libucrt:log_special.obj
 0004:00000c3c       $pdata$??$?RV<lambda_bfedae4ebbf01fab1bb6dcc6a9e276e0>@@AEAV<lambda_2fe9b910cf3cbf4a0ab98a02ba45b3ec>@@V<lambda_237c231691f317818eb88cc1d5d642d6>@@@?$__crt_seh_guarded_call@H@@QEAAH$$QEAV<lambda_bfedae4ebbf01fab1bb6dcc6a9e276e0>@@AEAV<lambda_2fe9b910cf3cbf4a0ab98a02ba45b3ec>@@$$QEAV<lambda_237c231691f317818eb88cc1d5d642d6>@@@Z 0000000180019c3c     libucrt:close.obj
 0004:00000c48       $pdata$_close              0000000180019c48     libucrt:close.obj
 0004:00000c54       $pdata$_close_nolock       0000000180019c54     libucrt:close.obj
 0004:00000c60       $pdata$__dcrt_lowio_initialize_console_output 0000000180019c60     libucrt:initcon.obj
 0004:00000c6c       $pdata$__dcrt_terminate_console_output 0000000180019c6c     libucrt:initcon.obj
 0004:00000c84       $pdata$_raise_exc          0000000180019c84     libucrt:fpexcept.obj
 0004:00000c90       $pdata$_raise_exc_ex       0000000180019c90     libucrt:fpexcept.obj
 0004:00000c9c       $pdata$_set_errno_from_matherr 0000000180019c9c     libucrt:fpexcept.obj
 0004:00000ca8       $pdata$_clrfp              0000000180019ca8     libucrt:fpctrl.obj
 0004:00000cb4       $pdata$_ctrlfp             0000000180019cb4     libucrt:fpctrl.obj
 0004:00000cc0       $pdata$_set_statfp         0000000180019cc0     libucrt:fpctrl.obj
 0004:00000ccc       $pdata$_statfp             0000000180019ccc     libucrt:fpctrl.obj
 0004:00000cd8       $pdata$?DloadAcquireSectionWriteAccess@@YAXXZ 0000000180019cd8     DelayImp:delayhlp.obj
 0004:00000ce4       $pdata$?DloadGetSRWLockFunctionPointers@@YAEXZ 0000000180019ce4     DelayImp:delayhlp.obj
 0004:00000cf0       $pdata$?DloadMakePermanentImageCommit@@YAXPEAX_K@Z 0000000180019cf0     DelayImp:delayhlp.obj
 0004:00000cfc       $pdata$?DloadObtainSection@@YAPEAXPEAK0@Z 0000000180019cfc     DelayImp:delayhlp.obj
 0004:00000d08       $pdata$?DloadProtectSection@@YAXKPEAK@Z 0000000180019d08     DelayImp:delayhlp.obj
 0004:00000d14       $pdata$?DloadReleaseSectionWriteAccess@@YAXXZ 0000000180019d14     DelayImp:delayhlp.obj
 0004:00000d20       $pdata$__delayLoadHelper2  0000000180019d20     DelayImp:delayhlp.obj
 0004:00000d2c       $pdata$_IsNonwritableInCurrentImage 0000000180019d2c     LIBCMT:pesect.obj
 0004:00000d38       $pdata$__GSHandlerCheck    0000000180019d38     LIBCMT:_gshandler_.obj
 0004:00000d44       $pdata$__GSHandlerCheckCommon 0000000180019d44     LIBCMT:_gshandler_.obj
 0004:00000d74       $pdata$?fin$0@?0??dllmain_crt_process_attach@@YAHQEAUHINSTANCE__@@QEAX@Z@4HA 0000000180019d74     LIBCMT:dll_dllmain.obj
 0004:00000d80       $pdata$?fin$0@?0??dllmain_crt_process_detach@@YAH_N@Z@4HA 0000000180019d80     LIBCMT:dll_dllmain.obj
 0004:00000d8c       $pdata$?filt$0@?0??dllmain_dispatch@@YAHQEAUHINSTANCE__@@KQEAX@Z@4HA 0000000180019d8c     LIBCMT:dll_dllmain.obj
 0004:00000d98       $pdata$__scrt_is_nonwritable_in_current_image$filt$0 0000000180019d98     LIBCMT:utility.obj
 0004:00000da4       $pdata$_query_new_handler$fin$0 0000000180019da4     libucrt:new_handler.obj
 0004:00000db0       $pdata$?filt$0@?0??common_exit@@YAXHW4_crt_exit_cleanup_mode@@W4_crt_exit_return_mode@@@Z@4HA 0000000180019db0     libucrt:exit.obj
 0004:00000dbc       $pdata$?fin$1@?0??common_exit@@YAXHW4_crt_exit_cleanup_mode@@W4_crt_exit_return_mode@@@Z@4HA 0000000180019dbc     libucrt:exit.obj
 0004:00000dc8       $pdata$?fin$0@?0???$?RV<lambda_e24bbb7b643b32fcea6fa61b31d4c984>@@AEAV<lambda_275893d493268fdec8709772e3fcec0e>@@V<lambda_9d71df4d7cf3f480f8d633942495c3b0>@@@?$__crt_seh_guarded_call@H@@QEAAH$$QEAV<lambda_e24bbb7b643b32fcea6fa61b31d4c984>@@AEAV<lambda_275893d493268fdec8709772e3fcec0e>@@$$QEAV<lambda_9d71df4d7cf3f480f8d633942495c3b0>@@@Z@4HA 0000000180019dc8     libucrt:onexit.obj
 0004:00000dd4       $pdata$?fin$0@?0???$?RV<lambda_46352004c1216016012b18bd6f87e700>@@AEAV<lambda_3bd07e1a1191394380780325891bf33f>@@V<lambda_334532d3f185bcaa59b5be82d7d22bff>@@@?$__crt_seh_guarded_call@X@@QEAAX$$QEAV<lambda_46352004c1216016012b18bd6f87e700>@@AEAV<lambda_3bd07e1a1191394380780325891bf33f>@@$$QEAV<lambda_334532d3f185bcaa59b5be82d7d22bff>@@@Z@4HA 0000000180019dd4     libucrt:per_thread_data.obj
 0004:00000dd4       $pdata$?fin$0@?0???$?RV<lambda_c36588078e9f5dfd39652860aa6b3aaf>@@AEAV<lambda_ec61778202f4f5fc7e7711acc23c3bca>@@V<lambda_dc9d2797ccde5d239b4a0efae8ebd7db>@@@?$__crt_seh_guarded_call@P6AXH@Z@@QEAAP6AXH@Z$$QEAV<lambda_c36588078e9f5dfd39652860aa6b3aaf>@@AEAV<lambda_ec61778202f4f5fc7e7711acc23c3bca>@@$$QEAV<lambda_dc9d2797ccde5d239b4a0efae8ebd7db>@@@Z@4HA 0000000180019dd4     libucrt:signal.obj
 0004:00000dd4       $pdata$?fin$0@?0???$?RV<lambda_5e887d1dcbef67a5eb4283622ba103bf>@@AEAV<lambda_4466841279450cc726390878d4a41900>@@V<lambda_341c25c0346d94847f1f3c463c57e077>@@@?$__crt_seh_guarded_call@X@@QEAAX$$QEAV<lambda_5e887d1dcbef67a5eb4283622ba103bf>@@AEAV<lambda_4466841279450cc726390878d4a41900>@@$$QEAV<lambda_341c25c0346d94847f1f3c463c57e077>@@@Z@4HA 0000000180019dd4     libucrt:per_thread_data.obj
 0004:00000dd4       $pdata$?fin$0@?0???$?RV<lambda_99476a1ad63dd22509b5d3e65b0ffc95>@@AEAV<lambda_ad1ced32f4ac17aa236e5ef05d6b3b7c>@@V<lambda_f7424dd8d45958661754dc4f2697e9c3>@@@?$__crt_seh_guarded_call@X@@QEAAX$$QEAV<lambda_99476a1ad63dd22509b5d3e65b0ffc95>@@AEAV<lambda_ad1ced32f4ac17aa236e5ef05d6b3b7c>@@$$QEAV<lambda_f7424dd8d45958661754dc4f2697e9c3>@@@Z@4HA 0000000180019dd4     libucrt:mbctype.obj
 0004:00000dd4       $pdata$?fin$0@?0???$?RV<lambda_fb3a7dec4e47f37f22dae91bb15c9095>@@AEAV<lambda_698284760c8add0bfb0756c19673e34b>@@V<lambda_dfb8eca1e75fef3034a8fb18dd509707>@@@?$__crt_seh_guarded_call@X@@QEAAX$$QEAV<lambda_fb3a7dec4e47f37f22dae91bb15c9095>@@AEAV<lambda_698284760c8add0bfb0756c19673e34b>@@$$QEAV<lambda_dfb8eca1e75fef3034a8fb18dd509707>@@@Z@4HA 0000000180019dd4     libucrt:per_thread_data.obj
 0004:00000dd4       $pdata$?fin$0@?0???$?RV<lambda_72d1df2b273a38828b1ce30cbf4cdab5>@@AEAV<lambda_876a65b173b8412d3a47c70a915b0cf4>@@V<lambda_41932305e351933ebe8f8be3ed8bb5dc>@@@?$__crt_seh_guarded_call@X@@QEAAX$$QEAV<lambda_72d1df2b273a38828b1ce30cbf4cdab5>@@AEAV<lambda_876a65b173b8412d3a47c70a915b0cf4>@@$$QEAV<lambda_41932305e351933ebe8f8be3ed8bb5dc>@@@Z@4HA 0000000180019dd4     libucrt:per_thread_data.obj
 0004:00000dd4       $pdata$?fin$0@?0???$?RV<lambda_b8c45f8f788dd370798f47cfe8ac3a86>@@AEAV<lambda_4e60a939b0d047cfe11ddc22648dfba9>@@V<lambda_332c3edc96d0294ec56c57d38c1cdfd5>@@@?$__crt_seh_guarded_call@H@@QEAAH$$QEAV<lambda_b8c45f8f788dd370798f47cfe8ac3a86>@@AEAV<lambda_4e60a939b0d047cfe11ddc22648dfba9>@@$$QEAV<lambda_332c3edc96d0294ec56c57d38c1cdfd5>@@@Z@4HA 0000000180019dd4     libucrt:onexit.obj
 0004:00000de0       $pdata$__acrt_update_thread_locale_data$fin$0 0000000180019de0     libucrt:locale_refcounting.obj
 0004:00000de0       $pdata$__acrt_uninitialize_locale$fin$0 0000000180019de0     libucrt:wsetlocale.obj
 0004:00000dec       $pdata$__acrt_update_thread_multibyte_data$fin$0 0000000180019dec     libucrt:mbctype.obj
 0004:00000df8       $pdata$raise$fin$0         0000000180019df8     libucrt:signal.obj
 0004:00000e04       $pdata$__acrt_lowio_ensure_fh_exists$fin$0 0000000180019e04     libucrt:osfinfo.obj
 0004:00000e04       $pdata$__acrt_initialize_lowio$fin$0 0000000180019e04     libucrt:ioinit.obj
 0004:00000e10       $pdata$common_flush_all$fin$0 0000000180019e10     libucrt:fflush.obj
 0004:00000e1c       $pdata$common_flush_all$fin$1 0000000180019e1c     libucrt:fflush.obj
 0004:00000e28       $pdata$_fcloseall$fin$0    0000000180019e28     libucrt:closeall.obj
 0004:00000e34       $pdata$_write$fin$0        0000000180019e34     libucrt:write.obj
 0004:00000e40       $pdata$fclose$fin$0        0000000180019e40     libucrt:fclose.obj
 0004:00000e4c       $pdata$?fin$0@?0???$?RV<lambda_bfedae4ebbf01fab1bb6dcc6a9e276e0>@@AEAV<lambda_2fe9b910cf3cbf4a0ab98a02ba45b3ec>@@V<lambda_237c231691f317818eb88cc1d5d642d6>@@@?$__crt_seh_guarded_call@H@@QEAAH$$QEAV<lambda_bfedae4ebbf01fab1bb6dcc6a9e276e0>@@AEAV<lambda_2fe9b910cf3cbf4a0ab98a02ba45b3ec>@@$$QEAV<lambda_237c231691f317818eb88cc1d5d642d6>@@@Z@4HA 0000000180019e4c     libucrt:close.obj
 0004:00000e4c       $pdata$?fin$0@?0???$?RV<lambda_b521505b218e5242e90febf6bfebc422>@@AEAV<lambda_6978c1fb23f02e42e1d9e99668cc68aa>@@V<lambda_314360699dd331753a4119843814e9a7>@@@?$__crt_seh_guarded_call@H@@QEAAH$$QEAV<lambda_b521505b218e5242e90febf6bfebc422>@@AEAV<lambda_6978c1fb23f02e42e1d9e99668cc68aa>@@$$QEAV<lambda_314360699dd331753a4119843814e9a7>@@@Z@4HA 0000000180019e4c     libucrt:commit.obj
 0004:00000e58       $pdata$_ctrlfp$filt$0      0000000180019e58     libucrt:fpctrl.obj
 0004:00000e64       $pdata$_IsNonwritableInCurrentImage$filt$0 0000000180019e64     LIBCMT:pesect.obj
 0005:00000000       __guard_fids__             000000018001a000     libucrt:initialization.obj
 0005:00000060       __guard_fids___acrt_initialize_ptd 000000018001a060     libucrt:per_thread_data.obj
 0005:00000064       __guard_fids_??$expand_argument_wildcards@D@@YAHQEAD0AEAV?$argument_list@D@?A0xca0879c4@@@Z 000000018001a064     libucrt:argv_wildcards.obj
 0005:00000068       __guard_fids__             000000018001a068     libucrt:locale_initializer.obj
 0005:0000006c       __guard_fids__             000000018001a06c     libucrt:multibyte_initializer.obj
 0005:00000070       __guard_fids__             000000018001a070     libucrt:stdio_initializer.obj
 0005:00000074       __guard_fids__             000000018001a074     libucrt:stdio_initializer.obj
 0005:00000078       __guard_fids__             000000018001a078     libucrt:fma3_initializer.obj
 0005:0000007c       __guard_fids__             000000018001a07c     libucrt:console_output_initializer.obj
 0005:00000080       __guard_fids__             000000018001a080     libcpmt:xthrow.obj
 0005:00000088       __guard_fids__             000000018001a088     libcpmt:xthrow.obj
 0005:00000090       __guard_fids__             000000018001a090     libcpmt:xthrow.obj
 0005:00000098       __guard_fids__             000000018001a098     libcpmt:xthrow.obj
 0005:000000a0       __guard_fids__             000000018001a0a0     libcpmt:xthrow.obj
 0005:000000a8       __guard_fids_?dllmain_crt_process_attach@@YAHQEAUHINSTANCE__@@QEAX@Z 000000018001a0a8     LIBCMT:dll_dllmain.obj
 0005:000000b0       __guard_fids_?dllmain_dispatch@@YAHQEAUHINSTANCE__@@KQEAX@Z 000000018001a0b0     LIBCMT:dll_dllmain.obj
 0005:000000b4       __guard_fids__             000000018001a0b4     LIBCMT:std_type_info_static.obj
 0005:000000b8       __guard_fids__             000000018001a0b8     LIBCMT:throw_bad_alloc.obj
 0005:000000c0       __guard_fids__             000000018001a0c0     LIBCMT:guard_support.obj
 0005:000000c4       __guard_fids___vcrt_initialize_ptd 000000018001a0c4     libvcruntime:per_thread_data.obj
 0006:00000060       $R000000                   000000018001b060     * linker generated manifest res *

 Exports

  ordinal    name

        1    _register_addon_
